Archive member included because of file (symbol)

./mbed/TARGET_LPC1768/TOOLCHAIN_GCC_ARM/libmbed.a(serial_api.o)
                              mbed/TARGET_LPC1768/TOOLCHAIN_GCC_ARM/retarget.o (serial_getc)
./mbed/TARGET_LPC1768/TOOLCHAIN_GCC_ARM/libmbed.a(FilePath.o)
                              mbed/TARGET_LPC1768/TOOLCHAIN_GCC_ARM/retarget.o (mbed::FilePath::FilePath(char const*))
./mbed/TARGET_LPC1768/TOOLCHAIN_GCC_ARM/libmbed.a(FileSystemLike.o)
                              SDFileSystem/FATFileSystem/FATFileSystem.o (mbed::FileSystemLike::~FileSystemLike())
./mbed/TARGET_LPC1768/TOOLCHAIN_GCC_ARM/libmbed.a(SPI.o)
                              SDFileSystem/SDFileSystem.o (mbed::SPI::SPI(PinName, PinName, PinName, PinName))
./mbed/TARGET_LPC1768/TOOLCHAIN_GCC_ARM/libmbed.a(assert.o)
                              mbed/TARGET_LPC1768/TOOLCHAIN_GCC_ARM/board.o (mbed_assert_internal)
./mbed/TARGET_LPC1768/TOOLCHAIN_GCC_ARM/libmbed.a(gpio.o)
                              ./mbed/TARGET_LPC1768/TOOLCHAIN_GCC_ARM/libmbed.a(serial_api.o) (gpio_init_in)
./mbed/TARGET_LPC1768/TOOLCHAIN_GCC_ARM/libmbed.a(error.o)
                              SDFileSystem/FATFileSystem/FATFileSystem.o (error)
./mbed/TARGET_LPC1768/TOOLCHAIN_GCC_ARM/libmbed.a(pinmap_common.o)
                              ./mbed/TARGET_LPC1768/TOOLCHAIN_GCC_ARM/libmbed.a(serial_api.o) (pinmap_pinout)
./mbed/TARGET_LPC1768/TOOLCHAIN_GCC_ARM/libmbed.a(mbed_interface.o)
                              mbed/TARGET_LPC1768/TOOLCHAIN_GCC_ARM/retarget.o (mbed_interface_connected)
./mbed/TARGET_LPC1768/TOOLCHAIN_GCC_ARM/libmbed.a(rtc_time.o)
                              SDFileSystem/FATFileSystem/FATFileSystem.o (time)
./mbed/TARGET_LPC1768/TOOLCHAIN_GCC_ARM/libmbed.a(semihost_api.o)
                              mbed/TARGET_LPC1768/TOOLCHAIN_GCC_ARM/retarget.o (semihost_exit)
./mbed/TARGET_LPC1768/TOOLCHAIN_GCC_ARM/libmbed.a(wait_api.o)
                              SDFileSystem/SDFileSystem.o (wait_ms)
./mbed/TARGET_LPC1768/TOOLCHAIN_GCC_ARM/libmbed.a(gpio_api.o)
                              ./mbed/TARGET_LPC1768/TOOLCHAIN_GCC_ARM/libmbed.a(gpio.o) (gpio_init)
./mbed/TARGET_LPC1768/TOOLCHAIN_GCC_ARM/libmbed.a(pinmap.o)
                              ./mbed/TARGET_LPC1768/TOOLCHAIN_GCC_ARM/libmbed.a(pinmap_common.o) (pin_function)
./mbed/TARGET_LPC1768/TOOLCHAIN_GCC_ARM/libmbed.a(rtc_api.o)
                              ./mbed/TARGET_LPC1768/TOOLCHAIN_GCC_ARM/libmbed.a(rtc_time.o) (rtc_init)
./mbed/TARGET_LPC1768/TOOLCHAIN_GCC_ARM/libmbed.a(spi_api.o)
                              ./mbed/TARGET_LPC1768/TOOLCHAIN_GCC_ARM/libmbed.a(SPI.o) (spi_format)
./mbed/TARGET_LPC1768/TOOLCHAIN_GCC_ARM/libmbed.a(us_ticker.o)
                              ./mbed/TARGET_LPC1768/TOOLCHAIN_GCC_ARM/libmbed.a(rtc_time.o) (us_ticker_read)
./mbed/TARGET_LPC1768/TOOLCHAIN_GCC_ARM/libmbed.a(FileBase.o)
                              ./mbed/TARGET_LPC1768/TOOLCHAIN_GCC_ARM/libmbed.a(FileSystemLike.o) (mbed::FileBase::~FileBase())
./mbed/TARGET_LPC1768/TOOLCHAIN_GCC_ARM/libmbed.a(us_ticker_api.o)
                              ./mbed/TARGET_LPC1768/TOOLCHAIN_GCC_ARM/libmbed.a(us_ticker.o) (us_ticker_irq_handler)
/home/ddilbeck/gcc-arm-none-eabi-4_9-2015q1/bin/../lib/gcc/arm-none-eabi/4.9.3/../../../../arm-none-eabi/lib/armv7-m/libstdc++_nano.a(new_op.o)
                              SDFileSystem/FATFileSystem/FATFileSystem.o (operator new(unsigned int))
/home/ddilbeck/gcc-arm-none-eabi-4_9-2015q1/bin/../lib/gcc/arm-none-eabi/4.9.3/../../../../arm-none-eabi/lib/armv7-m/libstdc++_nano.a(del_op.o)
                              main.o (operator delete(void*))
/home/ddilbeck/gcc-arm-none-eabi-4_9-2015q1/bin/../lib/gcc/arm-none-eabi/4.9.3/../../../../arm-none-eabi/lib/armv7-m/libstdc++_nano.a(new_handler.o)
                              /home/ddilbeck/gcc-arm-none-eabi-4_9-2015q1/bin/../lib/gcc/arm-none-eabi/4.9.3/../../../../arm-none-eabi/lib/armv7-m/libstdc++_nano.a(new_op.o) (std::get_new_handler())
/home/ddilbeck/gcc-arm-none-eabi-4_9-2015q1/bin/../lib/gcc/arm-none-eabi/4.9.3/../../../../arm-none-eabi/lib/armv7-m/libstdc++_nano.a(atexit_arm.o)
                              main.o (__aeabi_atexit)
/home/ddilbeck/gcc-arm-none-eabi-4_9-2015q1/bin/../lib/gcc/arm-none-eabi/4.9.3/../../../../arm-none-eabi/lib/armv7-m/libm.a(lib_a-s_floor.o)
                              ./mbed/TARGET_LPC1768/TOOLCHAIN_GCC_ARM/libmbed.a(spi_api.o) (floor)
/home/ddilbeck/gcc-arm-none-eabi-4_9-2015q1/bin/../lib/gcc/arm-none-eabi/4.9.3/../../../../arm-none-eabi/lib/armv7-m/libc_nano.a(lib_a-abort.o)
                              /home/ddilbeck/gcc-arm-none-eabi-4_9-2015q1/bin/../lib/gcc/arm-none-eabi/4.9.3/../../../../arm-none-eabi/lib/armv7-m/libstdc++_nano.a(new_op.o) (abort)
/home/ddilbeck/gcc-arm-none-eabi-4_9-2015q1/bin/../lib/gcc/arm-none-eabi/4.9.3/../../../../arm-none-eabi/lib/armv7-m/libc_nano.a(lib_a-abs.o)
[...]
Memory Configuration

Name             Origin             Length             Attributes
FLASH            0x00000000         0x00080000         xr
RAM              0x100000c8         0x00007f38         xrw
USB_RAM          0x2007c000         0x00004000         xrw
ETH_RAM          0x20080000         0x00004000         xrw
*default*        0x00000000         0xffffffff

Linker script and memory map

LOAD /home/ddilbeck/gcc-arm-none-eabi-4_9-2015q1/bin/../lib/gcc/arm-none-eabi/4.9.3/armv7-m/crti.o
LOAD /home/ddilbeck/gcc-arm-none-eabi-4_9-2015q1/bin/../lib/gcc/arm-none-eabi/4.9.3/armv7-m/crtbegin.o
LOAD /home/ddilbeck/gcc-arm-none-eabi-4_9-2015q1/bin/../lib/gcc/arm-none-eabi/4.9.3/../../../../arm-none-eabi/lib/armv7-m/crt0.o
LOAD main.o
LOAD SDFileSystem/SDFileSystem.o
LOAD SDFileSystem/FATFileSystem/FATDirHandle.o
LOAD SDFileSystem/FATFileSystem/FATFileSystem.o
LOAD SDFileSystem/FATFileSystem/FATFileHandle.o
LOAD SDFileSystem/FATFileSystem/ChaN/diskio.o
LOAD SDFileSystem/FATFileSystem/ChaN/ff.o
LOAD SDFileSystem/FATFileSystem/ChaN/ccsbcs.o
LOAD mbed/TARGET_LPC1768/TOOLCHAIN_GCC_ARM/retarget.o
LOAD mbed/TARGET_LPC1768/TOOLCHAIN_GCC_ARM/system_LPC17xx.o
LOAD mbed/TARGET_LPC1768/TOOLCHAIN_GCC_ARM/board.o
LOAD mbed/TARGET_LPC1768/TOOLCHAIN_GCC_ARM/cmsis_nvic.o
LOAD mbed/TARGET_LPC1768/TOOLCHAIN_GCC_ARM/startup_LPC17xx.o
LOAD ./mbed/TARGET_LPC1768/TOOLCHAIN_GCC_ARM/libmbed.a
LOAD /home/ddilbeck/gcc-arm-none-eabi-4_9-2015q1/bin/../lib/gcc/arm-none-eabi/4.9.3/../../../../arm-none-eabi/lib/armv7-m/libstdc++_nano.a
LOAD /home/ddilbeck/gcc-arm-none-eabi-4_9-2015q1/bin/../lib/gcc/arm-none-eabi/4.9.3/../../../../arm-none-eabi/lib/armv7-m/libsupc++_nano.a
LOAD /home/ddilbeck/gcc-arm-none-eabi-4_9-2015q1/bin/../lib/gcc/arm-none-eabi/4.9.3/../../../../arm-none-eabi/lib/armv7-m/libm.a
LOAD /home/ddilbeck/gcc-arm-none-eabi-4_9-2015q1/bin/../lib/gcc/arm-none-eabi/4.9.3/../../../../arm-none-eabi/lib/armv7-m/libc_nano.a
LOAD /home/ddilbeck/gcc-arm-none-eabi-4_9-2015q1/bin/../lib/gcc/arm-none-eabi/4.9.3/armv7-m/libgcc.a
LOAD /home/ddilbeck/gcc-arm-none-eabi-4_9-2015q1/bin/../lib/gcc/arm-none-eabi/4.9.3/../../../../arm-none-eabi/lib/armv7-m/libnosys.a
LOAD ./mbed/TARGET_LPC1768/TOOLCHAIN_GCC_ARM/libmbed.a
LOAD /home/ddilbeck/gcc-arm-none-eabi-4_9-2015q1/bin/../lib/gcc/arm-none-eabi/4.9.3/../../../../arm-none-eabi/lib/armv7-m/libstdc++_nano.a
LOAD /home/ddilbeck/gcc-arm-none-eabi-4_9-2015q1/bin/../lib/gcc/arm-none-eabi/4.9.3/../../../../arm-none-eabi/lib/armv7-m/libsupc++_nano.a
LOAD /home/ddilbeck/gcc-arm-none-eabi-4_9-2015q1/bin/../lib/gcc/arm-none-eabi/4.9.3/../../../../arm-none-eabi/lib/armv7-m/libm.a
LOAD /home/ddilbeck/gcc-arm-none-eabi-4_9-2015q1/bin/../lib/gcc/arm-none-eabi/4.9.3/../../../../arm-none-eabi/lib/armv7-m/libc_nano.a
LOAD /home/ddilbeck/gcc-arm-none-eabi-4_9-2015q1/bin/../lib/gcc/arm-none-eabi/4.9.3/armv7-m/libgcc.a
LOAD /home/ddilbeck/gcc-arm-none-eabi-4_9-2015q1/bin/../lib/gcc/arm-none-eabi/4.9.3/../../../../arm-none-eabi/lib/armv7-m/libnosys.a
START GROUP
LOAD /home/ddilbeck/gcc-arm-none-eabi-4_9-2015q1/bin/../lib/gcc/arm-none-eabi/4.9.3/armv7-m/libgcc.a
LOAD /home/ddilbeck/gcc-arm-none-eabi-4_9-2015q1/bin/../lib/gcc/arm-none-eabi/4.9.3/../../../../arm-none-eabi/lib/armv7-m/libc_nano.a
END GROUP
START GROUP
LOAD /home/ddilbeck/gcc-arm-none-eabi-4_9-2015q1/bin/../lib/gcc/arm-none-eabi/4.9.3/armv7-m/libgcc.a
LOAD /home/ddilbeck/gcc-arm-none-eabi-4_9-2015q1/bin/../lib/gcc/arm-none-eabi/4.9.3/../../../../arm-none-eabi/lib/armv7-m/libc_nano.a
END GROUP
LOAD /home/ddilbeck/gcc-arm-none-eabi-4_9-2015q1/bin/../lib/gcc/arm-none-eabi/4.9.3/armv7-m/crtend.o
LOAD /home/ddilbeck/gcc-arm-none-eabi-4_9-2015q1/bin/../lib/gcc/arm-none-eabi/4.9.3/armv7-m/crtn.o

.text           0x00000000     0xc890
 *(.isr_vector)
 .isr_vector    0x00000000       0xcc mbed/TARGET_LPC1768/TOOLCHAIN_GCC_ARM/startup_LPC17xx.o
                0x00000000                __isr_vector
 *(.text*)
 .text          0x000000cc       0x5c /home/ddilbeck/gcc-arm-none-eabi-4_9-2015q1/bin/../lib/gcc/arm-none-eabi/4.9.3/armv7-m/crtbegin.o
 .text          0x00000128       0x74 /home/ddilbeck/gcc-arm-none-eabi-4_9-2015q1/bin/../lib/gcc/arm-none-eabi/4.9.3/../../../../arm-none-eabi/lib/armv7-m/crt0.o
                0x00000128                _mainCRTStartup
                0x00000128                _start
 .text._ZN12SDFileSystemD2Ev
                0x0000019c       0x14 main.o
                0x0000019c                SDFileSystem::~SDFileSystem()
                0x0000019c                SDFileSystem::~SDFileSystem()
 .text._Z9setupPWM1v
                0x000001b0       0x64 main.o
                0x000001b0                setupPWM1()
 .text._Z11printbinaryh
                0x00000214       0x18 main.o
                0x00000214                printbinary(unsigned char)
 .text._Z14printVCDHeaderv
                0x0000022c       0xa4 main.o
                0x0000022c                printVCDHeader()
 .text._Z16generateDumpvarsv
                0x000002d0       0xdc main.o
                0x000002d0                generateDumpvars()
 .text.startup.main
                0x000003ac       0x30 main.o
                0x000003ac                main
 .text._ZN12SDFileSystemD0Ev
                0x000003dc       0x12 main.o
                0x000003dc                SDFileSystem::~SDFileSystem()
 *fill*         0x000003ee        0x2 
 .text.startup._GLOBAL__sub_I_sd
                0x000003f0       0x48 main.o
 .text._ZN4mbed14FileSystemLike6renameEPKcS2_
                0x00000438        0x6 SDFileSystem/SDFileSystem.o
                0x00000438                mbed::FileSystemLike::rename(char const*, char const*)
 .text._ZN12SDFileSystem11disk_statusEv
                0x0000043e        0x4 SDFileSystem/SDFileSystem.o
                0x0000043e                SDFileSystem::disk_status()
 .text._ZN12SDFileSystem9disk_syncEv
                0x00000442        0x4 SDFileSystem/SDFileSystem.o
                0x00000442                SDFileSystem::disk_sync()
 .text._ZN12SDFileSystem12disk_sectorsEv
                0x00000446        0x8 SDFileSystem/SDFileSystem.o
                0x00000446                SDFileSystem::disk_sectors()
 .text._ZL8ext_bitsPhii
                0x0000044e       0x2c SDFileSystem/SDFileSystem.o
 *fill*         0x0000047a        0x2 
 .text.debug    0x0000047c       0x24 SDFileSystem/SDFileSystem.o
 .text._ZN12SDFileSystemC2E7PinNameS0_S0_S0_PKc
                0x000004a0       0x54 SDFileSystem/SDFileSystem.o
                0x000004a0                SDFileSystem::SDFileSystem(PinName, PinName, PinName, PinName, char const*)
                0x000004a0                SDFileSystem::SDFileSystem(PinName, PinName, PinName, PinName, char const*)
 .text._ZN12SDFileSystem4_cmdEii
                0x000004f4       0x8a SDFileSystem/SDFileSystem.o
                0x000004f4                SDFileSystem::_cmd(int, int)
 *fill*         0x0000057e        0x2 
 .text._ZN12SDFileSystem18initialise_card_v1Ev
                0x00000580       0x3c SDFileSystem/SDFileSystem.o
                0x00000580                SDFileSystem::initialise_card_v1()
 .text._ZN12SDFileSystem5_cmdxEii
                0x000005bc       0x72 SDFileSystem/SDFileSystem.o
                0x000005bc                SDFileSystem::_cmdx(int, int)
 .text._ZN12SDFileSystem6_cmd58Ev
                0x0000062e       0xa6 SDFileSystem/SDFileSystem.o
                0x0000062e                SDFileSystem::_cmd58()
 .text._ZN12SDFileSystem18initialise_card_v2Ev
                0x000006d4       0x50 SDFileSystem/SDFileSystem.o
                0x000006d4                SDFileSystem::initialise_card_v2()
 .text._ZN12SDFileSystem5_cmd8Ev
                0x00000724       0xa8 SDFileSystem/SDFileSystem.o
                0x00000724                SDFileSystem::_cmd8()
 .text._ZN12SDFileSystem15initialise_cardEv
                0x000007cc       0x74 SDFileSystem/SDFileSystem.o
                0x000007cc                SDFileSystem::initialise_card()
 .text._ZN12SDFileSystem5_readEPhm
                0x00000840       0x5a SDFileSystem/SDFileSystem.o
                0x00000840                SDFileSystem::_read(unsigned char*, unsigned long)
 .text._ZN12SDFileSystem9disk_readEPhy
                0x0000089a       0x2a SDFileSystem/SDFileSystem.o
                0x0000089a                SDFileSystem::disk_read(unsigned char*, unsigned long long)
 .text._ZN12SDFileSystem6_writeEPKhm
                0x000008c4       0x86 SDFileSystem/SDFileSystem.o
                0x000008c4                SDFileSystem::_write(unsigned char const*, unsigned long)
 .text._ZN12SDFileSystem10disk_writeEPKhy
                0x0000094a       0x2a SDFileSystem/SDFileSystem.o
                0x0000094a                SDFileSystem::disk_write(unsigned char const*, unsigned long long)
 .text._ZN12SDFileSystem11_sd_sectorsEv
                0x00000974       0xa8 SDFileSystem/SDFileSystem.o
                0x00000974                SDFileSystem::_sd_sectors()
 .text._ZN12SDFileSystem15disk_initializeEv
                0x00000a1c       0x48 SDFileSystem/SDFileSystem.o
                0x00000a1c                SDFileSystem::disk_initialize()
 .text._ZN12FATDirHandle8closedirEv
                0x00000a64        0xe SDFileSystem/FATFileSystem/FATDirHandle.o
                0x00000a64                FATDirHandle::closedir()
 .text._ZN12FATDirHandle9rewinddirEv
                0x00000a72        0x6 SDFileSystem/FATFileSystem/FATDirHandle.o
                0x00000a72                FATDirHandle::rewinddir()
 .text._ZN12FATDirHandle7telldirEv
                0x00000a78        0x4 SDFileSystem/FATFileSystem/FATDirHandle.o
                0x00000a78                FATDirHandle::telldir()
 .text._ZN12FATDirHandle7seekdirEl
                0x00000a7c        0x4 SDFileSystem/FATFileSystem/FATDirHandle.o
                0x00000a7c                FATDirHandle::seekdir(long)
 .text._ZN12FATDirHandleD2Ev
                0x00000a80        0x2 SDFileSystem/FATFileSystem/FATDirHandle.o
                0x00000a80                FATDirHandle::~FATDirHandle()
                0x00000a80                FATDirHandle::~FATDirHandle()
 .text._ZN12FATDirHandleD0Ev
                0x00000a82        0xc SDFileSystem/FATFileSystem/FATDirHandle.o
                0x00000a82                FATDirHandle::~FATDirHandle()
 .text._ZN12FATDirHandle7readdirEv
                0x00000a8e       0x4c SDFileSystem/FATFileSystem/FATDirHandle.o
                0x00000a8e                FATDirHandle::readdir()
 *fill*         0x00000ada        0x2 
 .text._ZN12FATDirHandleC2ERK9FATFS_DIR
                0x00000adc       0x24 SDFileSystem/FATFileSystem/FATDirHandle.o
                0x00000adc                FATDirHandle::FATDirHandle(FATFS_DIR const&)
                0x00000adc                FATDirHandle::FATDirHandle(FATFS_DIR const&)
 .text._ZN13FATFileSystem15disk_initializeEv
                0x00000b00        0x4 SDFileSystem/FATFileSystem/FATFileSystem.o
                0x00000b00                FATFileSystem::disk_initialize()
 .text._ZN13FATFileSystem11disk_statusEv
                0x00000b04        0x4 SDFileSystem/FATFileSystem/FATFileSystem.o
                0x00000b04                FATFileSystem::disk_status()
 .text._ZN13FATFileSystem9disk_syncEv
                0x00000b08        0x4 SDFileSystem/FATFileSystem/FATFileSystem.o
                0x00000b08                FATFileSystem::disk_sync()
 .text._ZN13FATFileSystem7opendirEPKc
                0x00000b0c       0x26 SDFileSystem/FATFileSystem/FATFileSystem.o
                0x00000b0c                FATFileSystem::opendir(char const*)
 .text._ZN13FATFileSystem5mkdirEPKcj
                0x00000b32       0x12 SDFileSystem/FATFileSystem/FATFileSystem.o
                0x00000b32                FATFileSystem::mkdir(char const*, unsigned int)
 .text._ZN13FATFileSystem6formatEv
                0x00000b44       0x1a SDFileSystem/FATFileSystem/FATFileSystem.o
                0x00000b44                FATFileSystem::format()
 .text._ZN13FATFileSystem6removeEPKc
                0x00000b5e       0x12 SDFileSystem/FATFileSystem/FATFileSystem.o
                0x00000b5e                FATFileSystem::remove(char const*)
 .text._ZN13FATFileSystem4openEPKci
                0x00000b70       0x94 SDFileSystem/FATFileSystem/FATFileSystem.o
                0x00000b70                FATFileSystem::open(char const*, int)
 .text.get_fattime
                0x00000c04       0x40 SDFileSystem/FATFileSystem/FATFileSystem.o
                0x00000c04                get_fattime
 .text._ZN13FATFileSystemC2EPKc
                0x00000c44       0x3c SDFileSystem/FATFileSystem/FATFileSystem.o
                0x00000c44                FATFileSystem::FATFileSystem(char const*)
                0x00000c44                FATFileSystem::FATFileSystem(char const*)
 .text._ZN13FATFileSystemD2Ev
                0x00000c80       0x2c SDFileSystem/FATFileSystem/FATFileSystem.o
                0x00000c80                FATFileSystem::~FATFileSystem()
                0x00000c80                FATFileSystem::~FATFileSystem()
 .text._ZN13FATFileHandle6isattyEv
                0x00000cac        0x4 SDFileSystem/FATFileSystem/FATFileHandle.o
                0x00000cac                FATFileHandle::isatty()
 .text._ZN13FATFileHandle4flenEv
                0x00000cb0        0x4 SDFileSystem/FATFileSystem/FATFileHandle.o
                0x00000cb0                FATFileHandle::flen()
 .text._ZN13FATFileHandle5closeEv
                0x00000cb4       0x1a SDFileSystem/FATFileSystem/FATFileHandle.o
                0x00000cb4                FATFileHandle::close()
 *fill*         0x00000cce        0x2 
 .text._ZN13FATFileHandleD2Ev
                0x00000cd0       0x14 SDFileSystem/FATFileSystem/FATFileHandle.o
                0x00000cd0                FATFileHandle::~FATFileHandle()
                0x00000cd0                FATFileHandle::~FATFileHandle()
 .text._ZN13FATFileHandleD0Ev
                0x00000ce4       0x12 SDFileSystem/FATFileSystem/FATFileHandle.o
                0x00000ce4                FATFileHandle::~FATFileHandle()
 .text._ZN13FATFileHandle5fsyncEv
                0x00000cf6       0x12 SDFileSystem/FATFileSystem/FATFileHandle.o
                0x00000cf6                FATFileHandle::fsync()
 .text._ZN13FATFileHandle5lseekEli
                0x00000d08       0x26 SDFileSystem/FATFileSystem/FATFileHandle.o
                0x00000d08                FATFileHandle::lseek(long, int)
 .text._ZN13FATFileHandle4readEPvj
                0x00000d2e       0x1a SDFileSystem/FATFileSystem/FATFileHandle.o
                0x00000d2e                FATFileHandle::read(void*, unsigned int)
 .text._ZN13FATFileHandle5writeEPKvj
                0x00000d48       0x1a SDFileSystem/FATFileSystem/FATFileHandle.o
                0x00000d48                FATFileHandle::write(void const*, unsigned int)
 *fill*         0x00000d62        0x2 
 .text._ZN13FATFileHandleC2E3FIL
                0x00000d64       0x2c SDFileSystem/FATFileSystem/FATFileHandle.o
                0x00000d64                FATFileHandle::FATFileHandle(FIL)
                0x00000d64                FATFileHandle::FATFileHandle(FIL)
 .text._Z15disk_initializeh
                0x00000d90       0x18 SDFileSystem/FATFileSystem/ChaN/diskio.o
                0x00000d90                disk_initialize(unsigned char)
 .text._Z11disk_statush
                0x00000da8       0x18 SDFileSystem/FATFileSystem/ChaN/diskio.o
                0x00000da8                disk_status(unsigned char)
 .text._Z9disk_readhPhmh
                0x00000dc0       0x44 SDFileSystem/FATFileSystem/ChaN/diskio.o
                0x00000dc0                disk_read(unsigned char, unsigned char*, unsigned long, unsigned char)
 .text._Z10disk_writehPKhmh
                0x00000e04       0x44 SDFileSystem/FATFileSystem/ChaN/diskio.o
                0x00000e04                disk_write(unsigned char, unsigned char const*, unsigned long, unsigned char)
 .text._Z10disk_ioctlhhPv
                0x00000e48       0x54 SDFileSystem/FATFileSystem/ChaN/diskio.o
                0x00000e48                disk_ioctl(unsigned char, unsigned char, void*)
 .text._ZL7mem_cpyPvPKvj
                0x00000e9c       0x14 SDFileSystem/FATFileSystem/ChaN/ff.o
 .text._ZL7mem_setPvij
                0x00000eb0        0xe SDFileSystem/FATFileSystem/ChaN/ff.o
 .text._ZL8st_clustPhm
                0x00000ebe       0x12 SDFileSystem/FATFileSystem/ChaN/ff.o
 .text._ZL7sum_sfnPKh
                0x00000ed0       0x1e SDFileSystem/FATFileSystem/ChaN/ff.o
 .text._ZL11move_windowP5FATFSm
                0x00000eee       0x76 SDFileSystem/FATFileSystem/ChaN/ff.o
 .text._ZL8validatePv
                0x00000f64       0x28 SDFileSystem/FATFileSystem/ChaN/ff.o
 .text._ZL12get_fileinfoP9FATFS_DIRP7FILINFO
                0x00000f8c       0xfa SDFileSystem/FATFileSystem/ChaN/ff.o
 .text._ZL4syncP5FATFS
                0x00001086       0xb6 SDFileSystem/FATFileSystem/ChaN/ff.o
 .text._ZL8ld_clustP5FATFSPh.isra.0
                0x0000113c       0x1c SDFileSystem/FATFileSystem/ChaN/ff.o
 .text._ZL8check_fsP5FATFSm
                0x00001158       0x84 SDFileSystem/FATFileSystem/ChaN/ff.o
 .text._ZL11chk_mountedPPKcPP5FATFSh
                0x000011dc      0x2f4 SDFileSystem/FATFileSystem/ChaN/ff.o
 .text._Z10clust2sectP5FATFSm
                0x000014d0       0x16 SDFileSystem/FATFileSystem/ChaN/ff.o
                0x000014d0                clust2sect(FATFS*, unsigned long)
 .text._Z7get_fatP5FATFSm
                0x000014e6       0xca SDFileSystem/FATFileSystem/ChaN/ff.o
                0x000014e6                get_fat(FATFS*, unsigned long)
 .text._ZL7dir_sdiP9FATFS_DIRt
                0x000015b0       0x84 SDFileSystem/FATFileSystem/ChaN/ff.o
 .text._Z7put_fatP5FATFSmm
                0x00001634       0xf2 SDFileSystem/FATFileSystem/ChaN/ff.o
                0x00001634                put_fat(FATFS*, unsigned long, unsigned long)
 .text._ZL12create_chainP5FATFSm
                0x00001726       0x9c SDFileSystem/FATFileSystem/ChaN/ff.o
 .text._ZL8dir_nextP9FATFS_DIRi
                0x000017c2       0xfa SDFileSystem/FATFileSystem/ChaN/ff.o
 .text._ZL8dir_findP9FATFS_DIR.part.4
                0x000018bc      0x11c SDFileSystem/FATFileSystem/ChaN/ff.o
 .text._ZL11follow_pathP9FATFS_DIRPKc
                0x000019d8      0x268 SDFileSystem/FATFileSystem/ChaN/ff.o
 .text._ZL8dir_readP9FATFS_DIR
                0x00001c40      0x100 SDFileSystem/FATFileSystem/ChaN/ff.o
 .text._ZL10dir_removeP9FATFS_DIR
                0x00001d40       0x4e SDFileSystem/FATFileSystem/ChaN/ff.o
 .text._ZL12remove_chainP5FATFSm
                0x00001d8e       0x54 SDFileSystem/FATFileSystem/ChaN/ff.o
 .text._Z11gen_numnamePhPKhPKtt
                0x00001de2       0x88 SDFileSystem/FATFileSystem/ChaN/ff.o
                0x00001de2                gen_numname(unsigned char*, unsigned char const*, unsigned short const*, unsigned short)
 *fill*         0x00001e6a        0x2 
 .text._ZL12dir_registerP9FATFS_DIR
                0x00001e6c      0x1ac SDFileSystem/FATFileSystem/ChaN/ff.o
 .text.f_mount  0x00002018       0x20 SDFileSystem/FATFileSystem/ChaN/ff.o
                0x00002018                f_mount
 .text.f_open   0x00002038      0x13c SDFileSystem/FATFileSystem/ChaN/ff.o
                0x00002038                f_open
 .text.f_read   0x00002174      0x164 SDFileSystem/FATFileSystem/ChaN/ff.o
                0x00002174                f_read
 .text.f_write  0x000022d8      0x196 SDFileSystem/FATFileSystem/ChaN/ff.o
                0x000022d8                f_write
 .text.f_sync   0x0000246e       0xa0 SDFileSystem/FATFileSystem/ChaN/ff.o
                0x0000246e                f_sync
 .text.f_close  0x0000250e        0xe SDFileSystem/FATFileSystem/ChaN/ff.o
                0x0000250e                f_close
 .text.f_lseek  0x0000251c      0x138 SDFileSystem/FATFileSystem/ChaN/ff.o
                0x0000251c                f_lseek
 .text.f_opendir
                0x00002654       0x70 SDFileSystem/FATFileSystem/ChaN/ff.o
                0x00002654                f_opendir
 .text.f_readdir
                0x000026c4       0x58 SDFileSystem/FATFileSystem/ChaN/ff.o
                0x000026c4                f_readdir
 .text.f_unlink
                0x0000271c       0xbc SDFileSystem/FATFileSystem/ChaN/ff.o
                0x0000271c                f_unlink
 .text.f_mkdir  0x000027d8      0x18c SDFileSystem/FATFileSystem/ChaN/ff.o
                0x000027d8                f_mkdir
 .text.f_mkfs   0x00002964      0x57c SDFileSystem/FATFileSystem/ChaN/ff.o
                0x00002964                f_mkfs
 .text.ff_convert
                0x00002ee0       0x38 SDFileSystem/FATFileSystem/ChaN/ccsbcs.o
                0x00002ee0                ff_convert
 .text.ff_wtoupper
                0x00002f18       0x24 SDFileSystem/FATFileSystem/ChaN/ccsbcs.o
                0x00002f18                ff_wtoupper
 .text._ZN4mbed10FileHandle4flenEv
                0x00002f3c       0x34 mbed/TARGET_LPC1768/TOOLCHAIN_GCC_ARM/retarget.o
                0x00002f3c                mbed::FileHandle::flen()
 .text._ZN4mbed10FileHandleD2Ev
                0x00002f70       0x2c mbed/TARGET_LPC1768/TOOLCHAIN_GCC_ARM/retarget.o
                0x00002f70                mbed::FileHandle::~FileHandle()
                0x00002f70                mbed::FileHandle::~FileHandle()
 .text._ZN4mbed10FileHandleD0Ev
                0x00002f9c       0x34 mbed/TARGET_LPC1768/TOOLCHAIN_GCC_ARM/retarget.o
                0x00002f9c                mbed::FileHandle::~FileHandle()
 .text._ZL11init_serialv.part.0
                0x00002fd0       0x18 mbed/TARGET_LPC1768/TOOLCHAIN_GCC_ARM/retarget.o
 .text._open    0x00002fe8       0xf8 mbed/TARGET_LPC1768/TOOLCHAIN_GCC_ARM/retarget.o
                0x00002fe8                _open
 .text._close   0x000030e0       0x2c mbed/TARGET_LPC1768/TOOLCHAIN_GCC_ARM/retarget.o
                0x000030e0                _close
 .text._write   0x0000310c       0x50 mbed/TARGET_LPC1768/TOOLCHAIN_GCC_ARM/retarget.o
                0x0000310c                _write
 .text._read    0x0000315c       0x4c mbed/TARGET_LPC1768/TOOLCHAIN_GCC_ARM/retarget.o
                0x0000315c                _read
 .text._isatty  0x000031a8       0x28 mbed/TARGET_LPC1768/TOOLCHAIN_GCC_ARM/retarget.o
                0x000031a8                _isatty
 .text._lseek   0x000031d0       0x28 mbed/TARGET_LPC1768/TOOLCHAIN_GCC_ARM/retarget.o
                0x000031d0                _lseek
 .text._fstat   0x000031f8       0x20 mbed/TARGET_LPC1768/TOOLCHAIN_GCC_ARM/retarget.o
                0x000031f8                _fstat
 .text.mkdir    0x00003218       0x38 mbed/TARGET_LPC1768/TOOLCHAIN_GCC_ARM/retarget.o
                0x00003218                mkdir
 .text.__cxa_pure_virtual
                0x00003250        0x8 mbed/TARGET_LPC1768/TOOLCHAIN_GCC_ARM/retarget.o
                0x00003250                __cxa_pure_virtual
 .text.mbed_main
                0x00003258        0x4 mbed/TARGET_LPC1768/TOOLCHAIN_GCC_ARM/retarget.o
                0x00003258                mbed_main
 .text.mbed_sdk_init
                0x0000325c        0x4 mbed/TARGET_LPC1768/TOOLCHAIN_GCC_ARM/retarget.o
                0x0000325c                mbed_sdk_init
 .text.__wrap_main
                0x00003260       0x14 mbed/TARGET_LPC1768/TOOLCHAIN_GCC_ARM/retarget.o
                0x00003260                __wrap_main
 .text._sbrk    0x00003274       0x28 mbed/TARGET_LPC1768/TOOLCHAIN_GCC_ARM/retarget.o
                0x00003274                _sbrk
 .text._exit    0x0000329c       0x30 mbed/TARGET_LPC1768/TOOLCHAIN_GCC_ARM/retarget.o
                0x0000329c                _exit
 .text.SystemInit
                0x000032cc       0xb8 mbed/TARGET_LPC1768/TOOLCHAIN_GCC_ARM/system_LPC17xx.o
                0x000032cc                SystemInit
 .text.mbed_die
                0x00003384      0x10c mbed/TARGET_LPC1768/TOOLCHAIN_GCC_ARM/board.o
                0x00003384                mbed_die
 .text.NVIC_SetVector
                0x00003490       0x3c mbed/TARGET_LPC1768/TOOLCHAIN_GCC_ARM/cmsis_nvic.o
                0x00003490                NVIC_SetVector
 .text          0x000034cc       0x44 mbed/TARGET_LPC1768/TOOLCHAIN_GCC_ARM/startup_LPC17xx.o
                0x000034cc                Reset_Handler
                0x000034fc                NMI_Handler
                0x000034fe                HardFault_Handler
                0x00003500                MemManage_Handler
                0x00003502                BusFault_Handler
                0x00003504                UsageFault_Handler
                0x00003506                SVC_Handler
                0x00003508                DebugMon_Handler
                0x0000350a                PendSV_Handler
                0x0000350c                SysTick_Handler
                0x0000350e                TIMER2_IRQHandler
                0x0000350e                RIT_IRQHandler
                0x0000350e                I2C0_IRQHandler
                0x0000350e                USBActivity_IRQHandler
                0x0000350e                PWM1_IRQHandler
                0x0000350e                I2C1_IRQHandler
                0x0000350e                EINT2_IRQHandler
                0x0000350e                UART1_IRQHandler
                0x0000350e                EINT3_IRQHandler
                0x0000350e                CANActivity_IRQHandler
                0x0000350e                TIMER3_IRQHandler
                0x0000350e                UART0_IRQHandler
                0x0000350e                PLL0_IRQHandler
                0x0000350e                CAN_IRQHandler
                0x0000350e                PLL1_IRQHandler
                0x0000350e                SSP0_IRQHandler
                0x0000350e                I2S_IRQHandler
                0x0000350e                I2C2_IRQHandler
                0x0000350e                RTC_IRQHandler
                0x0000350e                TIMER0_IRQHandler
                0x0000350e                SPI_IRQHandler
                0x0000350e                EINT1_IRQHandler
                0x0000350e                TIMER1_IRQHandler
                0x0000350e                UART2_IRQHandler
                0x0000350e                Default_Handler
                0x0000350e                ADC_IRQHandler
                0x0000350e                SSP1_IRQHandler
                0x0000350e                USB_IRQHandler
                0x0000350e                BOD_IRQHandler
                0x0000350e                WDT_IRQHandler
                0x0000350e                QEI_IRQHandler
                0x0000350e                EINT0_IRQHandler
                0x0000350e                DEF_IRQHandler
                0x0000350e                DMA_IRQHandler
                0x0000350e                UART3_IRQHandler
                0x0000350e                MCPWM_IRQHandler
                0x0000350e                ENET_IRQHandler
 .text.uart2_irq
                0x00003510       0x64 ./mbed/TARGET_LPC1768/TOOLCHAIN_GCC_ARM/libmbed.a(serial_api.o)
                0x00003510                uart2_irq
 .text.serial_irq_set_internal
                0x00003574       0xcc ./mbed/TARGET_LPC1768/TOOLCHAIN_GCC_ARM/libmbed.a(serial_api.o)
 .text.uart0_irq
                0x00003640       0x64 ./mbed/TARGET_LPC1768/TOOLCHAIN_GCC_ARM/libmbed.a(serial_api.o)
                0x00003640                uart0_irq
 .text.uart3_irq
                0x000036a4       0x6c ./mbed/TARGET_LPC1768/TOOLCHAIN_GCC_ARM/libmbed.a(serial_api.o)
                0x000036a4                uart3_irq
 .text.uart1_irq
                0x00003710       0x64 ./mbed/TARGET_LPC1768/TOOLCHAIN_GCC_ARM/libmbed.a(serial_api.o)
                0x00003710                uart1_irq
 .text.serial_baud
                0x00003774      0x244 ./mbed/TARGET_LPC1768/TOOLCHAIN_GCC_ARM/libmbed.a(serial_api.o)
                0x00003774                serial_baud
 .text.serial_format
                0x000039b8       0x78 ./mbed/TARGET_LPC1768/TOOLCHAIN_GCC_ARM/libmbed.a(serial_api.o)
                0x000039b8                serial_format
 .text.serial_getc
                0x00003a30       0x38 ./mbed/TARGET_LPC1768/TOOLCHAIN_GCC_ARM/libmbed.a(serial_api.o)
                0x00003a30                serial_getc
 .text.serial_writable
                0x00003a68       0x74 ./mbed/TARGET_LPC1768/TOOLCHAIN_GCC_ARM/libmbed.a(serial_api.o)
                0x00003a68                serial_writable
 .text.serial_putc
                0x00003adc       0x34 ./mbed/TARGET_LPC1768/TOOLCHAIN_GCC_ARM/libmbed.a(serial_api.o)
                0x00003adc                serial_putc
 .text.serial_set_flow_control
                0x00003b10      0x12c ./mbed/TARGET_LPC1768/TOOLCHAIN_GCC_ARM/libmbed.a(serial_api.o)
                0x00003b10                serial_set_flow_control
 .text.serial_init
                0x00003c3c      0x1bc ./mbed/TARGET_LPC1768/TOOLCHAIN_GCC_ARM/libmbed.a(serial_api.o)
                0x00003c3c                serial_init
 .text._ZN4mbed8FilePathC2EPKc
                0x00003df8       0x58 ./mbed/TARGET_LPC1768/TOOLCHAIN_GCC_ARM/libmbed.a(FilePath.o)
                0x00003df8                mbed::FilePath::FilePath(char const*)
                0x00003df8                mbed::FilePath::FilePath(char const*)
 .text._ZN4mbed8FilePath8fileNameEv
                0x00003e50        0x4 ./mbed/TARGET_LPC1768/TOOLCHAIN_GCC_ARM/libmbed.a(FilePath.o)
                0x00003e50                mbed::FilePath::fileName()
 .text._ZN4mbed8FilePath10fileSystemEv
                0x00003e54       0x18 ./mbed/TARGET_LPC1768/TOOLCHAIN_GCC_ARM/libmbed.a(FilePath.o)
                0x00003e54                mbed::FilePath::fileSystem()
 .text._ZN4mbed8FilePath6isFileEv
                0x00003e6c       0x14 ./mbed/TARGET_LPC1768/TOOLCHAIN_GCC_ARM/libmbed.a(FilePath.o)
                0x00003e6c                mbed::FilePath::isFile()
 .text._ZN4mbed8FilePath4fileEv
                0x00003e80       0x1c ./mbed/TARGET_LPC1768/TOOLCHAIN_GCC_ARM/libmbed.a(FilePath.o)
                0x00003e80                mbed::FilePath::file()
 .text._ZN4mbed8FilePath6existsEv
                0x00003e9c        0xc ./mbed/TARGET_LPC1768/TOOLCHAIN_GCC_ARM/libmbed.a(FilePath.o)
                0x00003e9c                mbed::FilePath::exists()
 .text._ZN4mbed14FileSystemLike6removeEPKc
                0x00003ea8        0x8 ./mbed/TARGET_LPC1768/TOOLCHAIN_GCC_ARM/libmbed.a(FileSystemLike.o)
                0x00003ea8                mbed::FileSystemLike::remove(char const*)
 .text._ZN4mbed14FileSystemLike7opendirEPKc
                0x00003eb0        0x4 ./mbed/TARGET_LPC1768/TOOLCHAIN_GCC_ARM/libmbed.a(FileSystemLike.o)
                0x00003eb0                mbed::FileSystemLike::opendir(char const*)
 .text._ZN4mbed14FileSystemLike5mkdirEPKcj
                0x00003eb4        0x8 ./mbed/TARGET_LPC1768/TOOLCHAIN_GCC_ARM/libmbed.a(FileSystemLike.o)
                0x00003eb4                mbed::FileSystemLike::mkdir(char const*, unsigned int)
 .text._ZN4mbed14FileSystemLikeD2Ev
                0x00003ebc       0x14 ./mbed/TARGET_LPC1768/TOOLCHAIN_GCC_ARM/libmbed.a(FileSystemLike.o)
                0x00003ebc                mbed::FileSystemLike::~FileSystemLike()
                0x00003ebc                mbed::FileSystemLike::~FileSystemLike()
 .text._ZN4mbed14FileSystemLikeD0Ev
                0x00003ed0       0x1c ./mbed/TARGET_LPC1768/TOOLCHAIN_GCC_ARM/libmbed.a(FileSystemLike.o)
                0x00003ed0                mbed::FileSystemLike::~FileSystemLike()
 .text._ZN4mbed14FileSystemLikeC2EPKc
                0x00003eec       0x18 ./mbed/TARGET_LPC1768/TOOLCHAIN_GCC_ARM/libmbed.a(FileSystemLike.o)
                0x00003eec                mbed::FileSystemLike::FileSystemLike(char const*)
                0x00003eec                mbed::FileSystemLike::FileSystemLike(char const*)
 .text._ZN4mbed3SPID2Ev
                0x00003f04        0xc ./mbed/TARGET_LPC1768/TOOLCHAIN_GCC_ARM/libmbed.a(SPI.o)
                0x00003f04                mbed::SPI::~SPI()
                0x00003f04                mbed::SPI::~SPI()
 .text._ZN4mbed3SPID0Ev
                0x00003f10       0x14 ./mbed/TARGET_LPC1768/TOOLCHAIN_GCC_ARM/libmbed.a(SPI.o)
                0x00003f10                mbed::SPI::~SPI()
 .text._ZN4mbed3SPIC2E7PinNameS1_S1_S1_
                0x00003f24       0x50 ./mbed/TARGET_LPC1768/TOOLCHAIN_GCC_ARM/libmbed.a(SPI.o)
                0x00003f24                mbed::SPI::SPI(PinName, PinName, PinName, PinName)
                0x00003f24                mbed::SPI::SPI(PinName, PinName, PinName, PinName)
 .text._ZN4mbed3SPI6aquireEv
                0x00003f74       0x2c ./mbed/TARGET_LPC1768/TOOLCHAIN_GCC_ARM/libmbed.a(SPI.o)
                0x00003f74                mbed::SPI::aquire()
 .text._ZN4mbed3SPI9frequencyEi
                0x00003fa0       0x10 ./mbed/TARGET_LPC1768/TOOLCHAIN_GCC_ARM/libmbed.a(SPI.o)
                0x00003fa0                mbed::SPI::frequency(int)
 .text._ZN4mbed3SPI5writeEi
                0x00003fb0       0x18 ./mbed/TARGET_LPC1768/TOOLCHAIN_GCC_ARM/libmbed.a(SPI.o)
                0x00003fb0                mbed::SPI::write(int)
 .text.mbed_assert_internal
                0x00003fc8       0x2c ./mbed/TARGET_LPC1768/TOOLCHAIN_GCC_ARM/libmbed.a(assert.o)
                0x00003fc8                mbed_assert_internal
 .text.gpio_init_in
                0x00003ff4       0x24 ./mbed/TARGET_LPC1768/TOOLCHAIN_GCC_ARM/libmbed.a(gpio.o)
                0x00003ff4                gpio_init_in
 .text.gpio_init_out
                0x00004018       0x44 ./mbed/TARGET_LPC1768/TOOLCHAIN_GCC_ARM/libmbed.a(gpio.o)
                0x00004018                gpio_init_out
 .text.gpio_init_out_ex
                0x0000405c       0x54 ./mbed/TARGET_LPC1768/TOOLCHAIN_GCC_ARM/libmbed.a(gpio.o)
                0x0000405c                gpio_init_out_ex
 .text.error    0x000040b0       0x24 ./mbed/TARGET_LPC1768/TOOLCHAIN_GCC_ARM/libmbed.a(error.o)
                0x000040b0                error
 .text.pinmap_pinout
                0x000040d4       0x40 ./mbed/TARGET_LPC1768/TOOLCHAIN_GCC_ARM/libmbed.a(pinmap_common.o)
                0x000040d4                pinmap_pinout
 .text.pinmap_merge
                0x00004114       0x24 ./mbed/TARGET_LPC1768/TOOLCHAIN_GCC_ARM/libmbed.a(pinmap_common.o)
                0x00004114                pinmap_merge
 .text.pinmap_find_peripheral
                0x00004138       0x1c ./mbed/TARGET_LPC1768/TOOLCHAIN_GCC_ARM/libmbed.a(pinmap_common.o)
                0x00004138                pinmap_find_peripheral
 .text.pinmap_peripheral
                0x00004154       0x34 ./mbed/TARGET_LPC1768/TOOLCHAIN_GCC_ARM/libmbed.a(pinmap_common.o)
                0x00004154                pinmap_peripheral
 .text.mbed_interface_connected
                0x00004188        0x4 ./mbed/TARGET_LPC1768/TOOLCHAIN_GCC_ARM/libmbed.a(mbed_interface.o)
                0x00004188                mbed_interface_connected
 .text.time     0x0000418c       0x44 ./mbed/TARGET_LPC1768/TOOLCHAIN_GCC_ARM/libmbed.a(rtc_time.o)
                0x0000418c                time
 .text.semihost_exit
                0x000041d0       0x18 ./mbed/TARGET_LPC1768/TOOLCHAIN_GCC_ARM/libmbed.a(semihost_api.o)
                0x000041d0                semihost_exit
 .text.semihost_connected
                0x000041e8       0x10 ./mbed/TARGET_LPC1768/TOOLCHAIN_GCC_ARM/libmbed.a(semihost_api.o)
                0x000041e8                semihost_connected
 .text.wait_us  0x000041f8       0x18 ./mbed/TARGET_LPC1768/TOOLCHAIN_GCC_ARM/libmbed.a(wait_api.o)
                0x000041f8                wait_us
 .text.wait_ms  0x00004210        0xc ./mbed/TARGET_LPC1768/TOOLCHAIN_GCC_ARM/libmbed.a(wait_api.o)
                0x00004210                wait_ms
 .text.gpio_set
                0x0000421c       0x30 ./mbed/TARGET_LPC1768/TOOLCHAIN_GCC_ARM/libmbed.a(gpio_api.o)
                0x0000421c                gpio_set
 .text.gpio_init
                0x0000424c       0x30 ./mbed/TARGET_LPC1768/TOOLCHAIN_GCC_ARM/libmbed.a(gpio_api.o)
                0x0000424c                gpio_init
 .text.gpio_mode
                0x0000427c        0x8 ./mbed/TARGET_LPC1768/TOOLCHAIN_GCC_ARM/libmbed.a(gpio_api.o)
                0x0000427c                gpio_mode
 .text.gpio_dir
                0x00004284       0x44 ./mbed/TARGET_LPC1768/TOOLCHAIN_GCC_ARM/libmbed.a(gpio_api.o)
                0x00004284                gpio_dir
 .text.pin_function
                0x000042c8       0x50 ./mbed/TARGET_LPC1768/TOOLCHAIN_GCC_ARM/libmbed.a(pinmap.o)
                0x000042c8                pin_function
 .text.pin_mode
                0x00004318       0x78 ./mbed/TARGET_LPC1768/TOOLCHAIN_GCC_ARM/libmbed.a(pinmap.o)
                0x00004318                pin_mode
 .text.rtc_init
                0x00004390       0x28 ./mbed/TARGET_LPC1768/TOOLCHAIN_GCC_ARM/libmbed.a(rtc_api.o)
                0x00004390                rtc_init
 .text.rtc_isenabled
                0x000043b8       0x10 ./mbed/TARGET_LPC1768/TOOLCHAIN_GCC_ARM/libmbed.a(rtc_api.o)
                0x000043b8                rtc_isenabled
 .text.rtc_read
                0x000043c8       0x40 ./mbed/TARGET_LPC1768/TOOLCHAIN_GCC_ARM/libmbed.a(rtc_api.o)
                0x000043c8                rtc_read
 .text.rtc_write
                0x00004408       0x58 ./mbed/TARGET_LPC1768/TOOLCHAIN_GCC_ARM/libmbed.a(rtc_api.o)
                0x00004408                rtc_write
 .text.spi_format
                0x00004460       0x70 ./mbed/TARGET_LPC1768/TOOLCHAIN_GCC_ARM/libmbed.a(spi_api.o)
                0x00004460                spi_format
 .text.spi_frequency
                0x000044d0       0xd0 ./mbed/TARGET_LPC1768/TOOLCHAIN_GCC_ARM/libmbed.a(spi_api.o)
                0x000044d0                spi_frequency
 .text.spi_init
                0x000045a0      0x144 ./mbed/TARGET_LPC1768/TOOLCHAIN_GCC_ARM/libmbed.a(spi_api.o)
                0x000045a0                spi_init
 .text.spi_master_write
                0x000046e4       0x14 ./mbed/TARGET_LPC1768/TOOLCHAIN_GCC_ARM/libmbed.a(spi_api.o)
                0x000046e4                spi_master_write
 .text.us_ticker_init
                0x000046f8       0x68 ./mbed/TARGET_LPC1768/TOOLCHAIN_GCC_ARM/libmbed.a(us_ticker.o)
                0x000046f8                us_ticker_init
 .text.us_ticker_read
                0x00004760       0x1c ./mbed/TARGET_LPC1768/TOOLCHAIN_GCC_ARM/libmbed.a(us_ticker.o)
                0x00004760                us_ticker_read
 .text.us_ticker_set_interrupt
                0x0000477c       0x14 ./mbed/TARGET_LPC1768/TOOLCHAIN_GCC_ARM/libmbed.a(us_ticker.o)
                0x0000477c                us_ticker_set_interrupt
 .text.us_ticker_disable_interrupt
                0x00004790       0x10 ./mbed/TARGET_LPC1768/TOOLCHAIN_GCC_ARM/libmbed.a(us_ticker.o)
                0x00004790                us_ticker_disable_interrupt
 .text.us_ticker_clear_interrupt
                0x000047a0        0xc ./mbed/TARGET_LPC1768/TOOLCHAIN_GCC_ARM/libmbed.a(us_ticker.o)
                0x000047a0                us_ticker_clear_interrupt
 .text._ZN4mbed8FileBaseD2Ev
                0x000047ac       0x30 ./mbed/TARGET_LPC1768/TOOLCHAIN_GCC_ARM/libmbed.a(FileBase.o)
                0x000047ac                mbed::FileBase::~FileBase()
                0x000047ac                mbed::FileBase::~FileBase()
 .text._ZN4mbed8FileBaseD0Ev
                0x000047dc       0x3c ./mbed/TARGET_LPC1768/TOOLCHAIN_GCC_ARM/libmbed.a(FileBase.o)
                0x000047dc                mbed::FileBase::~FileBase()
 .text._ZN4mbed8FileBaseC2EPKcNS_8PathTypeE
                0x00004818       0x28 ./mbed/TARGET_LPC1768/TOOLCHAIN_GCC_ARM/libmbed.a(FileBase.o)
                0x00004818                mbed::FileBase::FileBase(char const*, mbed::PathType)
                0x00004818                mbed::FileBase::FileBase(char const*, mbed::PathType)
 .text._ZN4mbed8FileBase6lookupEPKcj
                0x00004840       0x3c ./mbed/TARGET_LPC1768/TOOLCHAIN_GCC_ARM/libmbed.a(FileBase.o)
                0x00004840                mbed::FileBase::lookup(char const*, unsigned int)
 .text._ZN4mbed8FileBase11getPathTypeEv
                0x0000487c        0x4 ./mbed/TARGET_LPC1768/TOOLCHAIN_GCC_ARM/libmbed.a(FileBase.o)
                0x0000487c                mbed::FileBase::getPathType()
 .text.us_ticker_irq_handler
                0x00004880       0x48 ./mbed/TARGET_LPC1768/TOOLCHAIN_GCC_ARM/libmbed.a(us_ticker_api.o)
                0x00004880                us_ticker_irq_handler
 .text._Znwj    0x000048c8       0x22 /home/ddilbeck/gcc-arm-none-eabi-4_9-2015q1/bin/../lib/gcc/arm-none-eabi/4.9.3/../../../../arm-none-eabi/lib/armv7-m/libstdc++_nano.a(new_op.o)
                0x000048c8                operator new(unsigned int)
 .text._ZdlPv   0x000048ea        0x4 /home/ddilbeck/gcc-arm-none-eabi-4_9-2015q1/bin/../lib/gcc/arm-none-eabi/4.9.3/../../../../arm-none-eabi/lib/armv7-m/libstdc++_nano.a(del_op.o)
                0x000048ea                operator delete(void*)
 *fill*         0x000048ee        0x2 
 .text._ZSt15get_new_handlerv
                0x000048f0       0x10 /home/ddilbeck/gcc-arm-none-eabi-4_9-2015q1/bin/../lib/gcc/arm-none-eabi/4.9.3/../../../../arm-none-eabi/lib/armv7-m/libstdc++_nano.a(new_handler.o)
                0x000048f0                std::get_new_handler()
 .text.__aeabi_atexit
                0x00004900        0xa /home/ddilbeck/gcc-arm-none-eabi-4_9-2015q1/bin/../lib/gcc/arm-none-eabi/4.9.3/../../../../arm-none-eabi/lib/armv7-m/libstdc++_nano.a(atexit_arm.o)
                0x00004900                __aeabi_atexit
 *fill*         0x0000490a        0x6 
 .text.floor    0x00004910      0x118 /home/ddilbeck/gcc-arm-none-eabi-4_9-2015q1/bin/../lib/gcc/arm-none-eabi/4.9.3/../../../../arm-none-eabi/lib/armv7-m/libm.a(lib_a-s_floor.o)
                0x00004910                floor
 .text.abort    0x00004a28        0xe /home/ddilbeck/gcc-arm-none-eabi-4_9-2015q1/bin/../lib/gcc/arm-none-eabi/4.9.3/../../../../arm-none-eabi/lib/armv7-m/libc_nano.a(lib_a-abort.o)
                0x00004a28                abort
 .text.abs      0x00004a36        0x8 /home/ddilbeck/gcc-arm-none-eabi-4_9-2015q1/bin/../lib/gcc/arm-none-eabi/4.9.3/../../../../arm-none-eabi/lib/armv7-m/libc_nano.a(lib_a-abs.o)
                0x00004a36                abs
 *fill*         0x00004a3e        0x2 
 .text.__cxa_atexit
                0x00004a40       0x1c /home/ddilbeck/gcc-arm-none-eabi-4_9-2015q1/bin/../lib/gcc/arm-none-eabi/4.9.3/../../../../arm-none-eabi/lib/armv7-m/libc_nano.a(lib_a-cxa_atexit.o)
                0x00004a40                __cxa_atexit
 .text.__errno  0x00004a5c        0xc /home/ddilbeck/gcc-arm-none-eabi-4_9-2015q1/bin/../lib/gcc/arm-none-eabi/4.9.3/../../../../arm-none-eabi/lib/armv7-m/libc_nano.a(lib_a-errno.o)
                0x00004a5c                __errno
 .text.exit     0x00004a68       0x28 /home/ddilbeck/gcc-arm-none-eabi-4_9-2015q1/bin/../lib/gcc/arm-none-eabi/4.9.3/../../../../arm-none-eabi/lib/armv7-m/libc_nano.a(lib_a-exit.o)
                0x00004a68                exit
 .text._fclose_r
                0x00004a90       0xa4 /home/ddilbeck/gcc-arm-none-eabi-4_9-2015q1/bin/../lib/gcc/arm-none-eabi/4.9.3/../../../../arm-none-eabi/lib/armv7-m/libc_nano.a(lib_a-fclose.o)
                0x00004a90                _fclose_r
 .text.fclose   0x00004b34       0x10 /home/ddilbeck/gcc-arm-none-eabi-4_9-2015q1/bin/../lib/gcc/arm-none-eabi/4.9.3/../../../../arm-none-eabi/lib/armv7-m/libc_nano.a(lib_a-fclose.o)
                0x00004b34                fclose
 .text.__sflush_r
                0x00004b44      0x106 /home/ddilbeck/gcc-arm-none-eabi-4_9-2015q1/bin/../lib/gcc/arm-none-eabi/4.9.3/../../../../arm-none-eabi/lib/armv7-m/libc_nano.a(lib_a-fflush.o)
                0x00004b44                __sflush_r
 *fill*         0x00004c4a        0x2 
 .text._fflush_r
                0x00004c4c       0x54 /home/ddilbeck/gcc-arm-none-eabi-4_9-2015q1/bin/../lib/gcc/arm-none-eabi/4.9.3/../../../../arm-none-eabi/lib/armv7-m/libc_nano.a(lib_a-fflush.o)
                0x00004c4c                _fflush_r
 .text.fflush   0x00004ca0       0x24 /home/ddilbeck/gcc-arm-none-eabi-4_9-2015q1/bin/../lib/gcc/arm-none-eabi/4.9.3/../../../../arm-none-eabi/lib/armv7-m/libc_nano.a(lib_a-fflush.o)
                0x00004ca0                fflush
 .text._cleanup_r
                0x00004cc4        0xc /home/ddilbeck/gcc-arm-none-eabi-4_9-2015q1/bin/../lib/gcc/arm-none-eabi/4.9.3/../../../../arm-none-eabi/lib/armv7-m/libc_nano.a(lib_a-findfp.o)
                0x00004cc4                _cleanup_r
 .text.std.isra.0
                0x00004cd0       0x48 /home/ddilbeck/gcc-arm-none-eabi-4_9-2015q1/bin/../lib/gcc/arm-none-eabi/4.9.3/../../../../arm-none-eabi/lib/armv7-m/libc_nano.a(lib_a-findfp.o)
 .text.__sfmoreglue
                0x00004d18       0x2c /home/ddilbeck/gcc-arm-none-eabi-4_9-2015q1/bin/../lib/gcc/arm-none-eabi/4.9.3/../../../../arm-none-eabi/lib/armv7-m/libc_nano.a(lib_a-findfp.o)
                0x00004d18                __sfmoreglue
 .text.__sinit  0x00004d44       0x60 /home/ddilbeck/gcc-arm-none-eabi-4_9-2015q1/bin/../lib/gcc/arm-none-eabi/4.9.3/../../../../arm-none-eabi/lib/armv7-m/libc_nano.a(lib_a-findfp.o)
                0x00004d44                __sinit
 .text.__sfp    0x00004da4       0x74 /home/ddilbeck/gcc-arm-none-eabi-4_9-2015q1/bin/../lib/gcc/arm-none-eabi/4.9.3/../../../../arm-none-eabi/lib/armv7-m/libc_nano.a(lib_a-findfp.o)
                0x00004da4                __sfp
 .text.__sfp_lock_acquire
                0x00004e18        0x2 /home/ddilbeck/gcc-arm-none-eabi-4_9-2015q1/bin/../lib/gcc/arm-none-eabi/4.9.3/../../../../arm-none-eabi/lib/armv7-m/libc_nano.a(lib_a-findfp.o)
                0x00004e18                __sfp_lock_acquire
 .text.__sfp_lock_release
                0x00004e1a        0x2 /home/ddilbeck/gcc-arm-none-eabi-4_9-2015q1/bin/../lib/gcc/arm-none-eabi/4.9.3/../../../../arm-none-eabi/lib/armv7-m/libc_nano.a(lib_a-findfp.o)
                0x00004e1a                __sfp_lock_release
 .text._fopen_r
                0x00004e1c       0x80 /home/ddilbeck/gcc-arm-none-eabi-4_9-2015q1/bin/../lib/gcc/arm-none-eabi/4.9.3/../../../../arm-none-eabi/lib/armv7-m/libc_nano.a(lib_a-fopen.o)
                0x00004e1c                _fopen_r
 .text.fopen    0x00004e9c       0x14 /home/ddilbeck/gcc-arm-none-eabi-4_9-2015q1/bin/../lib/gcc/arm-none-eabi/4.9.3/../../../../arm-none-eabi/lib/armv7-m/libc_nano.a(lib_a-fopen.o)
                0x00004e9c                fopen
 .text.fprintf  0x00004eb0       0x24 /home/ddilbeck/gcc-arm-none-eabi-4_9-2015q1/bin/../lib/gcc/arm-none-eabi/4.9.3/../../../../arm-none-eabi/lib/armv7-m/libc_nano.a(lib_a-fprintf.o)
                0x00004eb0                fprintf
                0x00004eb0                fiprintf
 .text._fputc_r
                0x00004ed4       0x48 /home/ddilbeck/gcc-arm-none-eabi-4_9-2015q1/bin/../lib/gcc/arm-none-eabi/4.9.3/../../../../arm-none-eabi/lib/armv7-m/libc_nano.a(lib_a-fputc.o)
                0x00004ed4                _fputc_r
 .text.fputc    0x00004f1c       0x14 /home/ddilbeck/gcc-arm-none-eabi-4_9-2015q1/bin/../lib/gcc/arm-none-eabi/4.9.3/../../../../arm-none-eabi/lib/armv7-m/libc_nano.a(lib_a-fputc.o)
                0x00004f1c                fputc
 .text._fputs_r
                0x00004f30       0xa8 /home/ddilbeck/gcc-arm-none-eabi-4_9-2015q1/bin/../lib/gcc/arm-none-eabi/4.9.3/../../../../arm-none-eabi/lib/armv7-m/libc_nano.a(lib_a-fputs.o)
                0x00004f30                _fputs_r
 .text.fputs    0x00004fd8       0x14 /home/ddilbeck/gcc-arm-none-eabi-4_9-2015q1/bin/../lib/gcc/arm-none-eabi/4.9.3/../../../../arm-none-eabi/lib/armv7-m/libc_nano.a(lib_a-fputs.o)
                0x00004fd8                fputs
 .text._fseek_r
                0x00004fec        0x4 /home/ddilbeck/gcc-arm-none-eabi-4_9-2015q1/bin/../lib/gcc/arm-none-eabi/4.9.3/../../../../arm-none-eabi/lib/armv7-m/libc_nano.a(lib_a-fseek.o)
                0x00004fec                _fseek_r
 .text._fseeko_r
                0x00004ff0      0x118 /home/ddilbeck/gcc-arm-none-eabi-4_9-2015q1/bin/../lib/gcc/arm-none-eabi/4.9.3/../../../../arm-none-eabi/lib/armv7-m/libc_nano.a(lib_a-fseeko.o)
                0x00004ff0                _fseeko_r
 .text._fwalk_reent
                0x00005108       0x3c /home/ddilbeck/gcc-arm-none-eabi-4_9-2015q1/bin/../lib/gcc/arm-none-eabi/4.9.3/../../../../arm-none-eabi/lib/armv7-m/libc_nano.a(lib_a-fwalk.o)
                0x00005108                _fwalk_reent
 .text.__libc_init_array
                0x00005144       0x4c /home/ddilbeck/gcc-arm-none-eabi-4_9-2015q1/bin/../lib/gcc/arm-none-eabi/4.9.3/../../../../arm-none-eabi/lib/armv7-m/libc_nano.a(lib_a-init.o)
                0x00005144                __libc_init_array
 .text.localtime
                0x00005190       0x24 /home/ddilbeck/gcc-arm-none-eabi-4_9-2015q1/bin/../lib/gcc/arm-none-eabi/4.9.3/../../../../arm-none-eabi/lib/armv7-m/libc_nano.a(lib_a-lcltime.o)
                0x00005190                localtime
 .text.localtime_r
                0x000051b4      0x1c8 /home/ddilbeck/gcc-arm-none-eabi-4_9-2015q1/bin/../lib/gcc/arm-none-eabi/4.9.3/../../../../arm-none-eabi/lib/armv7-m/libc_nano.a(lib_a-lcltime_r.o)
                0x000051b4                localtime_r
 .text.__smakebuf_r
                0x0000537c       0x98 /home/ddilbeck/gcc-arm-none-eabi-4_9-2015q1/bin/../lib/gcc/arm-none-eabi/4.9.3/../../../../arm-none-eabi/lib/armv7-m/libc_nano.a(lib_a-makebuf.o)
                0x0000537c                __smakebuf_r
 .text.malloc   0x00005414       0x10 /home/ddilbeck/gcc-arm-none-eabi-4_9-2015q1/bin/../lib/gcc/arm-none-eabi/4.9.3/../../../../arm-none-eabi/lib/armv7-m/libc_nano.a(lib_a-malloc.o)
                0x00005414                malloc
 .text.free     0x00005424       0x10 /home/ddilbeck/gcc-arm-none-eabi-4_9-2015q1/bin/../lib/gcc/arm-none-eabi/4.9.3/../../../../arm-none-eabi/lib/armv7-m/libc_nano.a(lib_a-malloc.o)
                0x00005424                free
 .text.memchr   0x00005434       0x1c /home/ddilbeck/gcc-arm-none-eabi-4_9-2015q1/bin/../lib/gcc/arm-none-eabi/4.9.3/../../../../arm-none-eabi/lib/armv7-m/libc_nano.a(lib_a-memchr.o)
                0x00005434                memchr
 .text.memcpy   0x00005450       0x16 /home/ddilbeck/gcc-arm-none-eabi-4_9-2015q1/bin/../lib/gcc/arm-none-eabi/4.9.3/../../../../arm-none-eabi/lib/armv7-m/libc_nano.a(lib_a-memcpy.o)
                0x00005450                memcpy
 .text.memset   0x00005466       0x10 /home/ddilbeck/gcc-arm-none-eabi-4_9-2015q1/bin/../lib/gcc/arm-none-eabi/4.9.3/../../../../arm-none-eabi/lib/armv7-m/libc_nano.a(lib_a-memset.o)
                0x00005466                memset
 *fill*         0x00005476        0x2 
 .text.validate_structure
                0x00005478      0x1ac /home/ddilbeck/gcc-arm-none-eabi-4_9-2015q1/bin/../lib/gcc/arm-none-eabi/4.9.3/../../../../arm-none-eabi/lib/armv7-m/libc_nano.a(lib_a-mktime.o)
 .text.mktime   0x00005624      0x2f4 /home/ddilbeck/gcc-arm-none-eabi-4_9-2015q1/bin/../lib/gcc/arm-none-eabi/4.9.3/../../../../arm-none-eabi/lib/armv7-m/libc_nano.a(lib_a-mktime.o)
                0x00005624                mktime
 .text._free_r  0x00005918       0x88 /home/ddilbeck/gcc-arm-none-eabi-4_9-2015q1/bin/../lib/gcc/arm-none-eabi/4.9.3/../../../../arm-none-eabi/lib/armv7-m/libc_nano.a(lib_a-nano-freer.o)
                0x00005918                _free_r
 .text._malloc_r
                0x000059a0       0xac /home/ddilbeck/gcc-arm-none-eabi-4_9-2015q1/bin/../lib/gcc/arm-none-eabi/4.9.3/../../../../arm-none-eabi/lib/armv7-m/libc_nano.a(lib_a-nano-mallocr.o)
                0x000059a0                _malloc_r
 .text.__sfputc_r
                0x00005a4c       0x2c /home/ddilbeck/gcc-arm-none-eabi-4_9-2015q1/bin/../lib/gcc/arm-none-eabi/4.9.3/../../../../arm-none-eabi/lib/armv7-m/libc_nano.a(lib_a-nano-vfprintf.o)
 .text.__sfputs_r
                0x00005a78       0x24 /home/ddilbeck/gcc-arm-none-eabi-4_9-2015q1/bin/../lib/gcc/arm-none-eabi/4.9.3/../../../../arm-none-eabi/lib/armv7-m/libc_nano.a(lib_a-nano-vfprintf.o)
                0x00005a78                __sfputs_r
 .text._vfprintf_r
                0x00005a9c      0x210 /home/ddilbeck/gcc-arm-none-eabi-4_9-2015q1/bin/../lib/gcc/arm-none-eabi/4.9.3/../../../../arm-none-eabi/lib/armv7-m/libc_nano.a(lib_a-nano-vfprintf.o)
                0x00005a9c                _vfiprintf_r
                0x00005a9c                _vfprintf_r
 .text.vfprintf
                0x00005cac       0x1c /home/ddilbeck/gcc-arm-none-eabi-4_9-2015q1/bin/../lib/gcc/arm-none-eabi/4.9.3/../../../../arm-none-eabi/lib/armv7-m/libc_nano.a(lib_a-nano-vfprintf.o)
                0x00005cac                vfiprintf
                0x00005cac                vfprintf
 .text.__cvt    0x00005cc8       0xbc /home/ddilbeck/gcc-arm-none-eabi-4_9-2015q1/bin/../lib/gcc/arm-none-eabi/4.9.3/../../../../arm-none-eabi/lib/armv7-m/libc_nano.a(lib_a-nano-vfprintf_float.o)
                0x00005cc8                __cvt
 .text.__exponent
                0x00005d84       0x62 /home/ddilbeck/gcc-arm-none-eabi-4_9-2015q1/bin/../lib/gcc/arm-none-eabi/4.9.3/../../../../arm-none-eabi/lib/armv7-m/libc_nano.a(lib_a-nano-vfprintf_float.o)
                0x00005d84                __exponent
 *fill*         0x00005de6        0x2 
 .text._printf_float
                0x00005de8      0x48c /home/ddilbeck/gcc-arm-none-eabi-4_9-2015q1/bin/../lib/gcc/arm-none-eabi/4.9.3/../../../../arm-none-eabi/lib/armv7-m/libc_nano.a(lib_a-nano-vfprintf_float.o)
                0x00005de8                _printf_float
 .text._printf_common
                0x00006274       0xea /home/ddilbeck/gcc-arm-none-eabi-4_9-2015q1/bin/../lib/gcc/arm-none-eabi/4.9.3/../../../../arm-none-eabi/lib/armv7-m/libc_nano.a(lib_a-nano-vfprintf_i.o)
                0x00006274                _printf_common
 *fill*         0x0000635e        0x2 
 .text._printf_i
                0x00006360      0x240 /home/ddilbeck/gcc-arm-none-eabi-4_9-2015q1/bin/../lib/gcc/arm-none-eabi/4.9.3/../../../../arm-none-eabi/lib/armv7-m/libc_nano.a(lib_a-nano-vfprintf_i.o)
                0x00006360                _printf_i
 .text._scanf_float
                0x000065a0      0x3cc /home/ddilbeck/gcc-arm-none-eabi-4_9-2015q1/bin/../lib/gcc/arm-none-eabi/4.9.3/../../../../arm-none-eabi/lib/armv7-m/libc_nano.a(lib_a-nano-vfscanf_float.o)
                0x000065a0                _scanf_float
 .text._open_r  0x0000696c       0x24 /home/ddilbeck/gcc-arm-none-eabi-4_9-2015q1/bin/../lib/gcc/arm-none-eabi/4.9.3/../../../../arm-none-eabi/lib/armv7-m/libc_nano.a(lib_a-openr.o)
                0x0000696c                _open_r
 .text._putc_r  0x00006990       0x78 /home/ddilbeck/gcc-arm-none-eabi-4_9-2015q1/bin/../lib/gcc/arm-none-eabi/4.9.3/../../../../arm-none-eabi/lib/armv7-m/libc_nano.a(lib_a-putc.o)
                0x00006990                _putc_r
 .text.__fpclassifyd
                0x00006a08       0x50 /home/ddilbeck/gcc-arm-none-eabi-4_9-2015q1/bin/../lib/gcc/arm-none-eabi/4.9.3/../../../../arm-none-eabi/lib/armv7-m/libc_nano.a(lib_a-s_fpclassify.o)
                0x00006a08                __fpclassifyd
 .text._sbrk_r  0x00006a58       0x20 /home/ddilbeck/gcc-arm-none-eabi-4_9-2015q1/bin/../lib/gcc/arm-none-eabi/4.9.3/../../../../arm-none-eabi/lib/armv7-m/libc_nano.a(lib_a-sbrkr.o)
                0x00006a58                _sbrk_r
 .text.nanf     0x00006a78        0x8 /home/ddilbeck/gcc-arm-none-eabi-4_9-2015q1/bin/../lib/gcc/arm-none-eabi/4.9.3/../../../../arm-none-eabi/lib/armv7-m/libc_nano.a(lib_a-sf_nan.o)
                0x00006a78                nanf
 .text._raise_r
                0x00006a80       0x50 /home/ddilbeck/gcc-arm-none-eabi-4_9-2015q1/bin/../lib/gcc/arm-none-eabi/4.9.3/../../../../arm-none-eabi/lib/armv7-m/libc_nano.a(lib_a-signal.o)
                0x00006a80                _raise_r
 .text.raise    0x00006ad0       0x10 /home/ddilbeck/gcc-arm-none-eabi-4_9-2015q1/bin/../lib/gcc/arm-none-eabi/4.9.3/../../../../arm-none-eabi/lib/armv7-m/libc_nano.a(lib_a-signal.o)
                0x00006ad0                raise
 .text._kill_r  0x00006ae0       0x24 /home/ddilbeck/gcc-arm-none-eabi-4_9-2015q1/bin/../lib/gcc/arm-none-eabi/4.9.3/../../../../arm-none-eabi/lib/armv7-m/libc_nano.a(lib_a-signalr.o)
                0x00006ae0                _kill_r
 .text._getpid_r
                0x00006b04        0x4 /home/ddilbeck/gcc-arm-none-eabi-4_9-2015q1/bin/../lib/gcc/arm-none-eabi/4.9.3/../../../../arm-none-eabi/lib/armv7-m/libc_nano.a(lib_a-signalr.o)
                0x00006b04                _getpid_r
 .text.sprintf  0x00006b08       0x48 /home/ddilbeck/gcc-arm-none-eabi-4_9-2015q1/bin/../lib/gcc/arm-none-eabi/4.9.3/../../../../arm-none-eabi/lib/armv7-m/libc_nano.a(lib_a-sprintf.o)
                0x00006b08                sprintf
                0x00006b08                siprintf
 .text.sscanf   0x00006b50       0x54 /home/ddilbeck/gcc-arm-none-eabi-4_9-2015q1/bin/../lib/gcc/arm-none-eabi/4.9.3/../../../../arm-none-eabi/lib/armv7-m/libc_nano.a(lib_a-sscanf.o)
                0x00006b50                sscanf
                0x00006b50                siscanf
 .text.__sread  0x00006ba4       0x22 /home/ddilbeck/gcc-arm-none-eabi-4_9-2015q1/bin/../lib/gcc/arm-none-eabi/4.9.3/../../../../arm-none-eabi/lib/armv7-m/libc_nano.a(lib_a-stdio.o)
                0x00006ba4                __sread
 .text.__seofread
                0x00006bc6        0x4 /home/ddilbeck/gcc-arm-none-eabi-4_9-2015q1/bin/../lib/gcc/arm-none-eabi/4.9.3/../../../../arm-none-eabi/lib/armv7-m/libc_nano.a(lib_a-stdio.o)
                0x00006bc6                __seofread
 .text.__swrite
                0x00006bca       0x38 /home/ddilbeck/gcc-arm-none-eabi-4_9-2015q1/bin/../lib/gcc/arm-none-eabi/4.9.3/../../../../arm-none-eabi/lib/armv7-m/libc_nano.a(lib_a-stdio.o)
                0x00006bca                __swrite
 .text.__sseek  0x00006c02       0x24 /home/ddilbeck/gcc-arm-none-eabi-4_9-2015q1/bin/../lib/gcc/arm-none-eabi/4.9.3/../../../../arm-none-eabi/lib/armv7-m/libc_nano.a(lib_a-stdio.o)
                0x00006c02                __sseek
 .text.__sclose
                0x00006c26        0x8 /home/ddilbeck/gcc-arm-none-eabi-4_9-2015q1/bin/../lib/gcc/arm-none-eabi/4.9.3/../../../../arm-none-eabi/lib/armv7-m/libc_nano.a(lib_a-stdio.o)
                0x00006c26                __sclose
 .text          0x00006c2e       0x14 /home/ddilbeck/gcc-arm-none-eabi-4_9-2015q1/bin/../lib/gcc/arm-none-eabi/4.9.3/../../../../arm-none-eabi/lib/armv7-m/libc_nano.a(lib_a-strcmp.o)
                0x00006c2e                strcmp
 .text.strlen   0x00006c42       0x10 /home/ddilbeck/gcc-arm-none-eabi-4_9-2015q1/bin/../lib/gcc/arm-none-eabi/4.9.3/../../../../arm-none-eabi/lib/armv7-m/libc_nano.a(lib_a-strlen.o)
                0x00006c42                strlen
 .text.strncmp  0x00006c52       0x32 /home/ddilbeck/gcc-arm-none-eabi-4_9-2015q1/bin/../lib/gcc/arm-none-eabi/4.9.3/../../../../arm-none-eabi/lib/armv7-m/libc_nano.a(lib_a-strncmp.o)
                0x00006c52                strncmp
 .text.match    0x00006c84       0x26 /home/ddilbeck/gcc-arm-none-eabi-4_9-2015q1/bin/../lib/gcc/arm-none-eabi/4.9.3/../../../../arm-none-eabi/lib/armv7-m/libc_nano.a(lib_a-strtod.o)
 .text.sulp     0x00006caa       0x42 /home/ddilbeck/gcc-arm-none-eabi-4_9-2015q1/bin/../lib/gcc/arm-none-eabi/4.9.3/../../../../arm-none-eabi/lib/armv7-m/libc_nano.a(lib_a-strtod.o)
 *fill*         0x00006cec        0x4 
 .text._strtod_r
                0x00006cf0      0xc40 /home/ddilbeck/gcc-arm-none-eabi-4_9-2015q1/bin/../lib/gcc/arm-none-eabi/4.9.3/../../../../arm-none-eabi/lib/armv7-m/libc_nano.a(lib_a-strtod.o)
                0x00006cf0                _strtod_r
 .text._strtol_r
                0x00007930      0x10c /home/ddilbeck/gcc-arm-none-eabi-4_9-2015q1/bin/../lib/gcc/arm-none-eabi/4.9.3/../../../../arm-none-eabi/lib/armv7-m/libc_nano.a(lib_a-strtol.o)
                0x00007930                _strtol_r
 .text.__tzcalc_limits
                0x00007a3c      0x148 /home/ddilbeck/gcc-arm-none-eabi-4_9-2015q1/bin/../lib/gcc/arm-none-eabi/4.9.3/../../../../arm-none-eabi/lib/armv7-m/libc_nano.a(lib_a-tzcalc_limits.o)
                0x00007a3c                __tzcalc_limits
 .text.__tz_lock
                0x00007b84        0x2 /home/ddilbeck/gcc-arm-none-eabi-4_9-2015q1/bin/../lib/gcc/arm-none-eabi/4.9.3/../../../../arm-none-eabi/lib/armv7-m/libc_nano.a(lib_a-tzlock.o)
                0x00007b84                __tz_lock
 .text.__tz_unlock
                0x00007b86        0x2 /home/ddilbeck/gcc-arm-none-eabi-4_9-2015q1/bin/../lib/gcc/arm-none-eabi/4.9.3/../../../../arm-none-eabi/lib/armv7-m/libc_nano.a(lib_a-tzlock.o)
                0x00007b86                __tz_unlock
 .text.__swbuf_r
                0x00007b88       0xa8 /home/ddilbeck/gcc-arm-none-eabi-4_9-2015q1/bin/../lib/gcc/arm-none-eabi/4.9.3/../../../../arm-none-eabi/lib/armv7-m/libc_nano.a(lib_a-wbuf.o)
                0x00007b88                __swbuf_r
 .text._write_r
                0x00007c30       0x24 /home/ddilbeck/gcc-arm-none-eabi-4_9-2015q1/bin/../lib/gcc/arm-none-eabi/4.9.3/../../../../arm-none-eabi/lib/armv7-m/libc_nano.a(lib_a-writer.o)
                0x00007c30                _write_r
 .text.__swsetup_r
                0x00007c54       0xd8 /home/ddilbeck/gcc-arm-none-eabi-4_9-2015q1/bin/../lib/gcc/arm-none-eabi/4.9.3/../../../../arm-none-eabi/lib/armv7-m/libc_nano.a(lib_a-wsetup.o)
                0x00007c54                __swsetup_r
 .text._close_r
                0x00007d2c       0x20 /home/ddilbeck/gcc-arm-none-eabi-4_9-2015q1/bin/../lib/gcc/arm-none-eabi/4.9.3/../../../../arm-none-eabi/lib/armv7-m/libc_nano.a(lib_a-closer.o)
                0x00007d2c                _close_r
 .text.div      0x00007d4c       0x28 /home/ddilbeck/gcc-arm-none-eabi-4_9-2015q1/bin/../lib/gcc/arm-none-eabi/4.9.3/../../../../arm-none-eabi/lib/armv7-m/libc_nano.a(lib_a-div.o)
                0x00007d4c                div
 .text.quorem   0x00007d74      0x114 /home/ddilbeck/gcc-arm-none-eabi-4_9-2015q1/bin/../lib/gcc/arm-none-eabi/4.9.3/../../../../arm-none-eabi/lib/armv7-m/libc_nano.a(lib_a-dtoa.o)
 .text._dtoa_r  0x00007e88      0xb78 /home/ddilbeck/gcc-arm-none-eabi-4_9-2015q1/bin/../lib/gcc/arm-none-eabi/4.9.3/../../../../arm-none-eabi/lib/armv7-m/libc_nano.a(lib_a-dtoa.o)
                0x00007e88                _dtoa_r
 .text.__sflags
                0x00008a00       0x6e /home/ddilbeck/gcc-arm-none-eabi-4_9-2015q1/bin/../lib/gcc/arm-none-eabi/4.9.3/../../../../arm-none-eabi/lib/armv7-m/libc_nano.a(lib_a-flags.o)
                0x00008a00                __sflags
 *fill*         0x00008a6e        0x2 
 .text._fstat_r
                0x00008a70       0x24 /home/ddilbeck/gcc-arm-none-eabi-4_9-2015q1/bin/../lib/gcc/arm-none-eabi/4.9.3/../../../../arm-none-eabi/lib/armv7-m/libc_nano.a(lib_a-fstatr.o)
                0x00008a70                _fstat_r
 .text.rshift   0x00008a94       0x6c /home/ddilbeck/gcc-arm-none-eabi-4_9-2015q1/bin/../lib/gcc/arm-none-eabi/4.9.3/../../../../arm-none-eabi/lib/armv7-m/libc_nano.a(lib_a-gdtoa-gethex.o)
 .text.__hexdig_fun
                0x00008b00       0x2a /home/ddilbeck/gcc-arm-none-eabi-4_9-2015q1/bin/../lib/gcc/arm-none-eabi/4.9.3/../../../../arm-none-eabi/lib/armv7-m/libc_nano.a(lib_a-gdtoa-gethex.o)
                0x00008b00                __hexdig_fun
 .text.__gethex
                0x00008b2a      0x44a /home/ddilbeck/gcc-arm-none-eabi-4_9-2015q1/bin/../lib/gcc/arm-none-eabi/4.9.3/../../../../arm-none-eabi/lib/armv7-m/libc_nano.a(lib_a-gdtoa-gethex.o)
                0x00008b2a                __gethex
 .text.L_shift  0x00008f74       0x24 /home/ddilbeck/gcc-arm-none-eabi-4_9-2015q1/bin/../lib/gcc/arm-none-eabi/4.9.3/../../../../arm-none-eabi/lib/armv7-m/libc_nano.a(lib_a-gdtoa-hexnan.o)
 .text.__hexnan
                0x00008f98      0x114 /home/ddilbeck/gcc-arm-none-eabi-4_9-2015q1/bin/../lib/gcc/arm-none-eabi/4.9.3/../../../../arm-none-eabi/lib/armv7-m/libc_nano.a(lib_a-gdtoa-hexnan.o)
                0x00008f98                __hexnan
 .text.__gettzinfo
                0x000090ac        0x8 /home/ddilbeck/gcc-arm-none-eabi-4_9-2015q1/bin/../lib/gcc/arm-none-eabi/4.9.3/../../../../arm-none-eabi/lib/armv7-m/libc_nano.a(lib_a-gettzinfo.o)
                0x000090ac                __gettzinfo
 .text.gmtime_r
                0x000090b4      0x124 /home/ddilbeck/gcc-arm-none-eabi-4_9-2015q1/bin/../lib/gcc/arm-none-eabi/4.9.3/../../../../arm-none-eabi/lib/armv7-m/libc_nano.a(lib_a-gmtime_r.o)
                0x000090b4                gmtime_r
 .text._isatty_r
                0x000091d8       0x20 /home/ddilbeck/gcc-arm-none-eabi-4_9-2015q1/bin/../lib/gcc/arm-none-eabi/4.9.3/../../../../arm-none-eabi/lib/armv7-m/libc_nano.a(lib_a-isattyr.o)
                0x000091d8                _isatty_r
 .text._localeconv_r
                0x000091f8        0x8 /home/ddilbeck/gcc-arm-none-eabi-4_9-2015q1/bin/../lib/gcc/arm-none-eabi/4.9.3/../../../../arm-none-eabi/lib/armv7-m/libc_nano.a(lib_a-locale.o)
                0x000091f8                _localeconv_r
 .text._lseek_r
                0x00009200       0x24 /home/ddilbeck/gcc-arm-none-eabi-4_9-2015q1/bin/../lib/gcc/arm-none-eabi/4.9.3/../../../../arm-none-eabi/lib/armv7-m/libc_nano.a(lib_a-lseekr.o)
                0x00009200                _lseek_r
 .text.memmove  0x00009224       0x36 /home/ddilbeck/gcc-arm-none-eabi-4_9-2015q1/bin/../lib/gcc/arm-none-eabi/4.9.3/../../../../arm-none-eabi/lib/armv7-m/libc_nano.a(lib_a-memmove.o)
                0x00009224                memmove
 .text._Balloc  0x0000925a       0x6a /home/ddilbeck/gcc-arm-none-eabi-4_9-2015q1/bin/../lib/gcc/arm-none-eabi/4.9.3/../../../../arm-none-eabi/lib/armv7-m/libc_nano.a(lib_a-mprec.o)
                0x0000925a                _Balloc
 .text._Bfree   0x000092c4       0x2e /home/ddilbeck/gcc-arm-none-eabi-4_9-2015q1/bin/../lib/gcc/arm-none-eabi/4.9.3/../../../../arm-none-eabi/lib/armv7-m/libc_nano.a(lib_a-mprec.o)
                0x000092c4                _Bfree
 .text.__multadd
                0x000092f2       0x7c /home/ddilbeck/gcc-arm-none-eabi-4_9-2015q1/bin/../lib/gcc/arm-none-eabi/4.9.3/../../../../arm-none-eabi/lib/armv7-m/libc_nano.a(lib_a-mprec.o)
                0x000092f2                __multadd
 .text.__s2b    0x0000936e       0x80 /home/ddilbeck/gcc-arm-none-eabi-4_9-2015q1/bin/../lib/gcc/arm-none-eabi/4.9.3/../../../../arm-none-eabi/lib/armv7-m/libc_nano.a(lib_a-mprec.o)
                0x0000936e                __s2b
 .text.__hi0bits
                0x000093ee       0x40 /home/ddilbeck/gcc-arm-none-eabi-4_9-2015q1/bin/../lib/gcc/arm-none-eabi/4.9.3/../../../../arm-none-eabi/lib/armv7-m/libc_nano.a(lib_a-mprec.o)
                0x000093ee                __hi0bits
 .text.__lo0bits
                0x0000942e       0x5a /home/ddilbeck/gcc-arm-none-eabi-4_9-2015q1/bin/../lib/gcc/arm-none-eabi/4.9.3/../../../../arm-none-eabi/lib/armv7-m/libc_nano.a(lib_a-mprec.o)
                0x0000942e                __lo0bits
 .text.__i2b    0x00009488       0x12 /home/ddilbeck/gcc-arm-none-eabi-4_9-2015q1/bin/../lib/gcc/arm-none-eabi/4.9.3/../../../../arm-none-eabi/lib/armv7-m/libc_nano.a(lib_a-mprec.o)
                0x00009488                __i2b
 .text.__multiply
                0x0000949a      0x120 /home/ddilbeck/gcc-arm-none-eabi-4_9-2015q1/bin/../lib/gcc/arm-none-eabi/4.9.3/../../../../arm-none-eabi/lib/armv7-m/libc_nano.a(lib_a-mprec.o)
                0x0000949a                __multiply
 *fill*         0x000095ba        0x2 
 .text.__pow5mult
                0x000095bc       0x9c /home/ddilbeck/gcc-arm-none-eabi-4_9-2015q1/bin/../lib/gcc/arm-none-eabi/4.9.3/../../../../arm-none-eabi/lib/armv7-m/libc_nano.a(lib_a-mprec.o)
                0x000095bc                __pow5mult
 .text.__lshift
                0x00009658       0xa6 /home/ddilbeck/gcc-arm-none-eabi-4_9-2015q1/bin/../lib/gcc/arm-none-eabi/4.9.3/../../../../arm-none-eabi/lib/armv7-m/libc_nano.a(lib_a-mprec.o)
                0x00009658                __lshift
 .text.__mcmp   0x000096fe       0x38 /home/ddilbeck/gcc-arm-none-eabi-4_9-2015q1/bin/../lib/gcc/arm-none-eabi/4.9.3/../../../../arm-none-eabi/lib/armv7-m/libc_nano.a(lib_a-mprec.o)
                0x000096fe                __mcmp
 .text.__mdiff  0x00009736       0xbe /home/ddilbeck/gcc-arm-none-eabi-4_9-2015q1/bin/../lib/gcc/arm-none-eabi/4.9.3/../../../../arm-none-eabi/lib/armv7-m/libc_nano.a(lib_a-mprec.o)
                0x00009736                __mdiff
 .text.__ulp    0x000097f4       0x48 /home/ddilbeck/gcc-arm-none-eabi-4_9-2015q1/bin/../lib/gcc/arm-none-eabi/4.9.3/../../../../arm-none-eabi/lib/armv7-m/libc_nano.a(lib_a-mprec.o)
                0x000097f4                __ulp
 .text.__b2d    0x0000983c       0x9e /home/ddilbeck/gcc-arm-none-eabi-4_9-2015q1/bin/../lib/gcc/arm-none-eabi/4.9.3/../../../../arm-none-eabi/lib/armv7-m/libc_nano.a(lib_a-mprec.o)
                0x0000983c                __b2d
 .text.__d2b    0x000098da       0xa4 /home/ddilbeck/gcc-arm-none-eabi-4_9-2015q1/bin/../lib/gcc/arm-none-eabi/4.9.3/../../../../arm-none-eabi/lib/armv7-m/libc_nano.a(lib_a-mprec.o)
                0x000098da                __d2b
 .text.__ratio  0x0000997e       0x50 /home/ddilbeck/gcc-arm-none-eabi-4_9-2015q1/bin/../lib/gcc/arm-none-eabi/4.9.3/../../../../arm-none-eabi/lib/armv7-m/libc_nano.a(lib_a-mprec.o)
                0x0000997e                __ratio
 .text.__copybits
                0x000099ce       0x34 /home/ddilbeck/gcc-arm-none-eabi-4_9-2015q1/bin/../lib/gcc/arm-none-eabi/4.9.3/../../../../arm-none-eabi/lib/armv7-m/libc_nano.a(lib_a-mprec.o)
                0x000099ce                __copybits
 .text.__any_on
                0x00009a02       0x44 /home/ddilbeck/gcc-arm-none-eabi-4_9-2015q1/bin/../lib/gcc/arm-none-eabi/4.9.3/../../../../arm-none-eabi/lib/armv7-m/libc_nano.a(lib_a-mprec.o)
                0x00009a02                __any_on
 .text._calloc_r
                0x00009a46       0x1c /home/ddilbeck/gcc-arm-none-eabi-4_9-2015q1/bin/../lib/gcc/arm-none-eabi/4.9.3/../../../../arm-none-eabi/lib/armv7-m/libc_nano.a(lib_a-nano-callocr.o)
                0x00009a46                _calloc_r
 .text._realloc_r
                0x00009a62       0x4c /home/ddilbeck/gcc-arm-none-eabi-4_9-2015q1/bin/../lib/gcc/arm-none-eabi/4.9.3/../../../../arm-none-eabi/lib/armv7-m/libc_nano.a(lib_a-nano-reallocr.o)
                0x00009a62                _realloc_r
 .text.__ssputs_r
                0x00009aae       0xb2 /home/ddilbeck/gcc-arm-none-eabi-4_9-2015q1/bin/../lib/gcc/arm-none-eabi/4.9.3/../../../../arm-none-eabi/lib/armv7-m/libc_nano.a(lib_a-nano-svfprintf.o)
                0x00009aae                __ssputs_r
 .text._svfprintf_r
                0x00009b60      0x1e4 /home/ddilbeck/gcc-arm-none-eabi-4_9-2015q1/bin/../lib/gcc/arm-none-eabi/4.9.3/../../../../arm-none-eabi/lib/armv7-m/libc_nano.a(lib_a-nano-svfprintf.o)
                0x00009b60                _svfprintf_r
                0x00009b60                _svfiprintf_r
 .text._sungetc_r
                0x00009d44       0x7a /home/ddilbeck/gcc-arm-none-eabi-4_9-2015q1/bin/../lib/gcc/arm-none-eabi/4.9.3/../../../../arm-none-eabi/lib/armv7-m/libc_nano.a(lib_a-nano-svfscanf.o)
                0x00009d44                _sungetc_r
 .text.__ssrefill_r
                0x00009dbe       0x3a /home/ddilbeck/gcc-arm-none-eabi-4_9-2015q1/bin/../lib/gcc/arm-none-eabi/4.9.3/../../../../arm-none-eabi/lib/armv7-m/libc_nano.a(lib_a-nano-svfscanf.o)
                0x00009dbe                __ssrefill_r
 .text.__ssvfscanf_r
                0x00009df8      0x29c /home/ddilbeck/gcc-arm-none-eabi-4_9-2015q1/bin/../lib/gcc/arm-none-eabi/4.9.3/../../../../arm-none-eabi/lib/armv7-m/libc_nano.a(lib_a-nano-svfscanf.o)
                0x00009df8                __ssvfscanf_r
                0x00009df8                __ssvfiscanf_r
 .text._scanf_chars
                0x0000a094       0xbc /home/ddilbeck/gcc-arm-none-eabi-4_9-2015q1/bin/../lib/gcc/arm-none-eabi/4.9.3/../../../../arm-none-eabi/lib/armv7-m/libc_nano.a(lib_a-nano-vfscanf_i.o)
                0x0000a094                _scanf_chars
 .text._scanf_i
                0x0000a150      0x1e4 /home/ddilbeck/gcc-arm-none-eabi-4_9-2015q1/bin/../lib/gcc/arm-none-eabi/4.9.3/../../../../arm-none-eabi/lib/armv7-m/libc_nano.a(lib_a-nano-vfscanf_i.o)
                0x0000a150                _scanf_i
 .text._read_r  0x0000a334       0x24 /home/ddilbeck/gcc-arm-none-eabi-4_9-2015q1/bin/../lib/gcc/arm-none-eabi/4.9.3/../../../../arm-none-eabi/lib/armv7-m/libc_nano.a(lib_a-readr.o)
                0x0000a334                _read_r
 .text.__sccl   0x0000a358       0x62 /home/ddilbeck/gcc-arm-none-eabi-4_9-2015q1/bin/../lib/gcc/arm-none-eabi/4.9.3/../../../../arm-none-eabi/lib/armv7-m/libc_nano.a(lib_a-sccl.o)
                0x0000a358                __sccl
 *fill*         0x0000a3ba        0x2 
 .text._strtoul_r
                0x0000a3bc       0xf8 /home/ddilbeck/gcc-arm-none-eabi-4_9-2015q1/bin/../lib/gcc/arm-none-eabi/4.9.3/../../../../arm-none-eabi/lib/armv7-m/libc_nano.a(lib_a-strtoul.o)
                0x0000a3bc                _strtoul_r
 .text.__submore
                0x0000a4b4       0x72 /home/ddilbeck/gcc-arm-none-eabi-4_9-2015q1/bin/../lib/gcc/arm-none-eabi/4.9.3/../../../../arm-none-eabi/lib/armv7-m/libc_nano.a(lib_a-ungetc.o)
                0x0000a4b4                __submore
 .text._malloc_usable_size_r
                0x0000a526       0x14 /home/ddilbeck/gcc-arm-none-eabi-4_9-2015q1/bin/../lib/gcc/arm-none-eabi/4.9.3/../../../../arm-none-eabi/lib/armv7-m/libc_nano.a(lib_a-nano-msizer.o)
                0x0000a526                _malloc_usable_size_r
 *fill*         0x0000a53a        0x2 
 .text          0x0000a53c      0x370 /home/ddilbeck/gcc-arm-none-eabi-4_9-2015q1/bin/../lib/gcc/arm-none-eabi/4.9.3/armv7-m/libgcc.a(_arm_addsubdf3.o)
                0x0000a53c                __aeabi_drsub
                0x0000a544                __aeabi_dsub
                0x0000a544                __subdf3
                0x0000a548                __adddf3
                0x0000a548                __aeabi_dadd
                0x0000a7c0                __aeabi_ui2d
                0x0000a7c0                __floatunsidf
                0x0000a7e0                __floatsidf
                0x0000a7e0                __aeabi_i2d
                0x0000a804                __extendsfdf2
                0x0000a804                __aeabi_f2d
                0x0000a840                __aeabi_ul2d
                0x0000a840                __floatundidf
                0x0000a850                __floatdidf
                0x0000a850                __aeabi_l2d
 .text          0x0000a8ac      0x424 /home/ddilbeck/gcc-arm-none-eabi-4_9-2015q1/bin/../lib/gcc/arm-none-eabi/4.9.3/armv7-m/libgcc.a(_arm_muldivdf3.o)
                0x0000a8ac                __aeabi_dmul
                0x0000a8ac                __muldf3
                0x0000ab00                __aeabi_ddiv
                0x0000ab00                __divdf3
 .text          0x0000acd0      0x110 /home/ddilbeck/gcc-arm-none-eabi-4_9-2015q1/bin/../lib/gcc/arm-none-eabi/4.9.3/armv7-m/libgcc.a(_arm_cmpdf2.o)
                0x0000acd0                __gtdf2
                0x0000acd0                __gedf2
                0x0000acd8                __ltdf2
                0x0000acd8                __ledf2
                0x0000ace0                __cmpdf2
                0x0000ace0                __eqdf2
                0x0000ace0                __nedf2
                0x0000ad5c                __aeabi_cdrcmple
                0x0000ad6c                __aeabi_cdcmple
                0x0000ad6c                __aeabi_cdcmpeq
                0x0000ad7c                __aeabi_dcmpeq
                0x0000ad90                __aeabi_dcmplt
                0x0000ada4                __aeabi_dcmple
                0x0000adb8                __aeabi_dcmpge
                0x0000adcc                __aeabi_dcmpgt
 .text          0x0000ade0       0x50 /home/ddilbeck/gcc-arm-none-eabi-4_9-2015q1/bin/../lib/gcc/arm-none-eabi/4.9.3/armv7-m/libgcc.a(_arm_fixdfsi.o)
                0x0000ade0                __fixdfsi
                0x0000ade0                __aeabi_d2iz
 .text          0x0000ae30       0x40 /home/ddilbeck/gcc-arm-none-eabi-4_9-2015q1/bin/../lib/gcc/arm-none-eabi/4.9.3/armv7-m/libgcc.a(_arm_fixunsdfsi.o)
                0x0000ae30                __fixunsdfsi
                0x0000ae30                __aeabi_d2uiz
 .text          0x0000ae70       0xa0 /home/ddilbeck/gcc-arm-none-eabi-4_9-2015q1/bin/../lib/gcc/arm-none-eabi/4.9.3/armv7-m/libgcc.a(_arm_truncdfsf2.o)
                0x0000ae70                __aeabi_d2f
                0x0000ae70                __truncdfsf2
 .text          0x0000af10      0x21c /home/ddilbeck/gcc-arm-none-eabi-4_9-2015q1/bin/../lib/gcc/arm-none-eabi/4.9.3/armv7-m/libgcc.a(_arm_addsubsf3.o)
                0x0000af10                __aeabi_frsub
                0x0000af18                __subsf3
                0x0000af18                __aeabi_fsub
                0x0000af1c                __aeabi_fadd
                0x0000af1c                __addsf3
                0x0000b07c                __aeabi_ui2f
                0x0000b07c                __floatunsisf
                0x0000b084                __aeabi_i2f
                0x0000b084                __floatsisf
                0x0000b0a0                __floatundisf
                0x0000b0a0                __aeabi_ul2f
                0x0000b0b0                __floatdisf
                0x0000b0b0                __aeabi_l2f
 .text          0x0000b12c      0x2a0 /home/ddilbeck/gcc-arm-none-eabi-4_9-2015q1/bin/../lib/gcc/arm-none-eabi/4.9.3/armv7-m/libgcc.a(_arm_muldivsf3.o)
                0x0000b12c                __mulsf3
                0x0000b12c                __aeabi_fmul
                0x0000b294                __divsf3
                0x0000b294                __aeabi_fdiv
 .text._getpid  0x0000b3cc       0x10 /home/ddilbeck/gcc-arm-none-eabi-4_9-2015q1/bin/../lib/gcc/arm-none-eabi/4.9.3/../../../../arm-none-eabi/lib/armv7-m/libnosys.a(getpid.o)
                0x0000b3cc                _getpid
 .text._kill    0x0000b3dc       0x10 /home/ddilbeck/gcc-arm-none-eabi-4_9-2015q1/bin/../lib/gcc/arm-none-eabi/4.9.3/../../../../arm-none-eabi/lib/armv7-m/libnosys.a(kill.o)
                0x0000b3dc                _kill
 *(.init)
 .init          0x0000b3ec        0x4 /home/ddilbeck/gcc-arm-none-eabi-4_9-2015q1/bin/../lib/gcc/arm-none-eabi/4.9.3/armv7-m/crti.o
                0x0000b3ec                _init
 .init          0x0000b3f0        0x8 /home/ddilbeck/gcc-arm-none-eabi-4_9-2015q1/bin/../lib/gcc/arm-none-eabi/4.9.3/armv7-m/crtn.o
 *(.fini)
 .fini          0x0000b3f8        0x4 /home/ddilbeck/gcc-arm-none-eabi-4_9-2015q1/bin/../lib/gcc/arm-none-eabi/4.9.3/armv7-m/crti.o
                0x0000b3f8                _fini
 .fini          0x0000b3fc        0x8 /home/ddilbeck/gcc-arm-none-eabi-4_9-2015q1/bin/../lib/gcc/arm-none-eabi/4.9.3/armv7-m/crtn.o
 *crtbegin.o(.ctors)
 *crtbegin?.o(.ctors)
 *(EXCLUDE_FILE(*crtend.o *crtend?.o) .ctors)
 *(SORT(.ctors.*))
 *(.ctors)
 *crtbegin.o(.dtors)
 *crtbegin?.o(.dtors)
 *(EXCLUDE_FILE(*crtend.o *crtend?.o) .dtors)
 *(SORT(.dtors.*))
 *(.dtors)
 *(.rodata*)
 .rodata.str1.1
                0x0000b404       0xf9 main.o
                                0x100 (size before relaxing)
 *fill*         0x0000b4fd        0x3 
 .rodata._ZTV12SDFileSystem
                0x0000b500       0x40 SDFileSystem/SDFileSystem.o
                0x0000b500                vtable for SDFileSystem
 .rodata.str1.1
                0x0000b540      0x130 SDFileSystem/SDFileSystem.o
 .rodata._ZTV12FATDirHandle
                0x0000b670       0x28 SDFileSystem/FATFileSystem/FATDirHandle.o
                0x0000b670                vtable for FATDirHandle
 .rodata._ZTV13FATFileSystem
                0x0000b698       0x40 SDFileSystem/FATFileSystem/FATFileSystem.o
                0x0000b698                vtable for FATFileSystem
 .rodata.str1.1
                0x0000b6d8       0x3b SDFileSystem/FATFileSystem/FATFileSystem.o
 *fill*         0x0000b713        0x5 
 .rodata._ZTV13FATFileHandle
                0x0000b718       0x30 SDFileSystem/FATFileSystem/FATFileHandle.o
                0x0000b718                vtable for FATFileHandle
 .rodata._ZL6LfnOfs
                0x0000b748        0xd SDFileSystem/FATFileSystem/ChaN/ff.o
 .rodata._ZZL11create_nameP9FATFS_DIRPPKcE5excvt
                0x0000b755       0x80 SDFileSystem/FATFileSystem/ChaN/ff.o
 .rodata.str1.1
                0x0000b7d5       0x44 SDFileSystem/FATFileSystem/ChaN/ff.o
 *fill*         0x0000b819        0x1 
 .rodata._ZZ6f_mkfsE3cst
                0x0000b81a       0x16 SDFileSystem/FATFileSystem/ChaN/ff.o
 .rodata._ZZ6f_mkfsE3vst
                0x0000b830       0x16 SDFileSystem/FATFileSystem/ChaN/ff.o
 .rodata._ZL3Tbl
                0x0000b846      0x100 SDFileSystem/FATFileSystem/ChaN/ccsbcs.o
 .rodata._ZZ11ff_wtoupperE9tbl_upper
                0x0000b946      0x1e0 SDFileSystem/FATFileSystem/ChaN/ccsbcs.o
 .rodata._ZZ11ff_wtoupperE9tbl_lower
                0x0000bb26      0x1e0 SDFileSystem/FATFileSystem/ChaN/ccsbcs.o
 *fill*         0x0000bd06        0x2 
 .rodata.__stdin_name
                0x0000bd08        0x8 mbed/TARGET_LPC1768/TOOLCHAIN_GCC_ARM/retarget.o
                0x0000bd08                __stdin_name
 .rodata.__stderr_name
                0x0000bd10        0x8 mbed/TARGET_LPC1768/TOOLCHAIN_GCC_ARM/retarget.o
                0x0000bd10                __stderr_name
 .rodata.__stdout_name
                0x0000bd18        0x8 mbed/TARGET_LPC1768/TOOLCHAIN_GCC_ARM/retarget.o
                0x0000bd18                __stdout_name
 .rodata._ZTVN4mbed10FileHandleE
                0x0000bd20       0x30 mbed/TARGET_LPC1768/TOOLCHAIN_GCC_ARM/retarget.o
                0x0000bd20                vtable for mbed::FileHandle
 .rodata.str1.4
                0x0000bd50        0xe mbed/TARGET_LPC1768/TOOLCHAIN_GCC_ARM/retarget.o
                                 0x10 (size before relaxing)
 *fill*         0x0000bd5e        0x2 
 .rodata.str1.4
                0x0000bd60       0x80 mbed/TARGET_LPC1768/TOOLCHAIN_GCC_ARM/board.o
 .rodata.PinMap_UART_RTS
                0x0000bde0       0x24 ./mbed/TARGET_LPC1768/TOOLCHAIN_GCC_ARM/libmbed.a(serial_api.o)
 .rodata.CSWTCH.24
                0x0000be04       0x10 ./mbed/TARGET_LPC1768/TOOLCHAIN_GCC_ARM/libmbed.a(serial_api.o)
 .rodata.PinMap_UART_RX
                0x0000be14       0x6c ./mbed/TARGET_LPC1768/TOOLCHAIN_GCC_ARM/libmbed.a(serial_api.o)
 .rodata.str1.4
                0x0000be80      0x1d0 ./mbed/TARGET_LPC1768/TOOLCHAIN_GCC_ARM/libmbed.a(serial_api.o)
                                0x1e8 (size before relaxing)
 .rodata.PinMap_UART_TX
                0x0000c050       0x6c ./mbed/TARGET_LPC1768/TOOLCHAIN_GCC_ARM/libmbed.a(serial_api.o)
 .rodata.PinMap_UART_CTS
                0x0000c0bc       0x24 ./mbed/TARGET_LPC1768/TOOLCHAIN_GCC_ARM/libmbed.a(serial_api.o)
 .rodata._ZTVN4mbed14FileSystemLikeE
                0x0000c0e0       0x28 ./mbed/TARGET_LPC1768/TOOLCHAIN_GCC_ARM/libmbed.a(FileSystemLike.o)
                0x0000c0e0                vtable for mbed::FileSystemLike
 .rodata._ZTVN4mbed3SPIE
                0x0000c108       0x18 ./mbed/TARGET_LPC1768/TOOLCHAIN_GCC_ARM/libmbed.a(SPI.o)
                0x0000c108                vtable for mbed::SPI
 .rodata.str1.4
                0x0000c120       0x31 ./mbed/TARGET_LPC1768/TOOLCHAIN_GCC_ARM/libmbed.a(assert.o)
                                 0x34 (size before relaxing)
 .rodata.str1.4
                0x00000000       0x80 ./mbed/TARGET_LPC1768/TOOLCHAIN_GCC_ARM/libmbed.a(gpio.o)
 *fill*         0x0000c151        0x3 
 .rodata.str1.4
                0x0000c154       0x48 ./mbed/TARGET_LPC1768/TOOLCHAIN_GCC_ARM/libmbed.a(pinmap_common.o)
 .rodata.str1.4
                0x0000c19c       0x7a ./mbed/TARGET_LPC1768/TOOLCHAIN_GCC_ARM/libmbed.a(gpio_api.o)
                                 0x94 (size before relaxing)
 *fill*         0x0000c216        0x2 
 .rodata.str1.4
                0x0000c218       0x64 ./mbed/TARGET_LPC1768/TOOLCHAIN_GCC_ARM/libmbed.a(pinmap.o)
                                 0x78 (size before relaxing)
 .rodata.PinMap_SPI_MISO
                0x0000c27c       0x3c ./mbed/TARGET_LPC1768/TOOLCHAIN_GCC_ARM/libmbed.a(spi_api.o)
 .rodata.PinMap_SPI_SCLK
                0x0000c2b8       0x3c ./mbed/TARGET_LPC1768/TOOLCHAIN_GCC_ARM/libmbed.a(spi_api.o)
 .rodata.str1.4
                0x0000c2f4       0xe0 ./mbed/TARGET_LPC1768/TOOLCHAIN_GCC_ARM/libmbed.a(spi_api.o)
 .rodata.PinMap_SPI_MOSI
                0x0000c3d4       0x3c ./mbed/TARGET_LPC1768/TOOLCHAIN_GCC_ARM/libmbed.a(spi_api.o)
 .rodata.PinMap_SPI_SSEL
                0x0000c410       0x3c ./mbed/TARGET_LPC1768/TOOLCHAIN_GCC_ARM/libmbed.a(spi_api.o)
 *fill*         0x0000c44c        0x4 
 .rodata._ZTVN4mbed8FileBaseE
                0x0000c450       0x10 ./mbed/TARGET_LPC1768/TOOLCHAIN_GCC_ARM/libmbed.a(FileBase.o)
                0x0000c450                vtable for mbed::FileBase
 .rodata.__sf_fake_stdin
                0x0000c460       0x20 /home/ddilbeck/gcc-arm-none-eabi-4_9-2015q1/bin/../lib/gcc/arm-none-eabi/4.9.3/../../../../arm-none-eabi/lib/armv7-m/libc_nano.a(lib_a-findfp.o)
                0x0000c460                __sf_fake_stdin
 .rodata.__sf_fake_stdout
                0x0000c480       0x20 /home/ddilbeck/gcc-arm-none-eabi-4_9-2015q1/bin/../lib/gcc/arm-none-eabi/4.9.3/../../../../arm-none-eabi/lib/armv7-m/libc_nano.a(lib_a-findfp.o)
                0x0000c480                __sf_fake_stdout
 .rodata.__sf_fake_stderr
                0x0000c4a0       0x20 /home/ddilbeck/gcc-arm-none-eabi-4_9-2015q1/bin/../lib/gcc/arm-none-eabi/4.9.3/../../../../arm-none-eabi/lib/armv7-m/libc_nano.a(lib_a-findfp.o)
                0x0000c4a0                __sf_fake_stderr
 .rodata.str1.1
                0x0000c4c0        0x2 /home/ddilbeck/gcc-arm-none-eabi-4_9-2015q1/bin/../lib/gcc/arm-none-eabi/4.9.3/../../../../arm-none-eabi/lib/armv7-m/libc_nano.a(lib_a-impure.o)
 *fill*         0x0000c4c2        0x2 
 .rodata._global_impure_ptr
                0x0000c4c4        0x4 /home/ddilbeck/gcc-arm-none-eabi-4_9-2015q1/bin/../lib/gcc/arm-none-eabi/4.9.3/../../../../arm-none-eabi/lib/armv7-m/libc_nano.a(lib_a-impure.o)
                0x0000c4c4                _global_impure_ptr
 .rodata._DAYS_BEFORE_MONTH
                0x0000c4c8       0x30 /home/ddilbeck/gcc-arm-none-eabi-4_9-2015q1/bin/../lib/gcc/arm-none-eabi/4.9.3/../../../../arm-none-eabi/lib/armv7-m/libc_nano.a(lib_a-mktime.o)
 .rodata.DAYS_IN_MONTH
                0x0000c4f8       0x30 /home/ddilbeck/gcc-arm-none-eabi-4_9-2015q1/bin/../lib/gcc/arm-none-eabi/4.9.3/../../../../arm-none-eabi/lib/armv7-m/libc_nano.a(lib_a-mktime.o)
 .rodata.__month_lengths
                0x0000c528       0x60 /home/ddilbeck/gcc-arm-none-eabi-4_9-2015q1/bin/../lib/gcc/arm-none-eabi/4.9.3/../../../../arm-none-eabi/lib/armv7-m/libc_nano.a(lib_a-month_lengths.o)
                0x0000c528                __month_lengths
 .rodata.str1.1
                0x0000c588       0x11 /home/ddilbeck/gcc-arm-none-eabi-4_9-2015q1/bin/../lib/gcc/arm-none-eabi/4.9.3/../../../../arm-none-eabi/lib/armv7-m/libc_nano.a(lib_a-nano-vfprintf.o)
 .rodata.str1.1
                0x0000c599       0x10 /home/ddilbeck/gcc-arm-none-eabi-4_9-2015q1/bin/../lib/gcc/arm-none-eabi/4.9.3/../../../../arm-none-eabi/lib/armv7-m/libc_nano.a(lib_a-nano-vfprintf_float.o)
                                 0x12 (size before relaxing)
 .rodata.str1.1
                0x0000c5a9       0x22 /home/ddilbeck/gcc-arm-none-eabi-4_9-2015q1/bin/../lib/gcc/arm-none-eabi/4.9.3/../../../../arm-none-eabi/lib/armv7-m/libc_nano.a(lib_a-nano-vfprintf_i.o)
 .rodata.str1.1
                0x0000c5cb        0x5 /home/ddilbeck/gcc-arm-none-eabi-4_9-2015q1/bin/../lib/gcc/arm-none-eabi/4.9.3/../../../../arm-none-eabi/lib/armv7-m/libc_nano.a(lib_a-nano-vfscanf_float.o)
 .rodata.fpinan.5309
                0x0000c5d0       0x14 /home/ddilbeck/gcc-arm-none-eabi-4_9-2015q1/bin/../lib/gcc/arm-none-eabi/4.9.3/../../../../arm-none-eabi/lib/armv7-m/libc_nano.a(lib_a-strtod.o)
 .rodata.str1.1
                0x00000000        0x5 /home/ddilbeck/gcc-arm-none-eabi-4_9-2015q1/bin/../lib/gcc/arm-none-eabi/4.9.3/../../../../arm-none-eabi/lib/armv7-m/libc_nano.a(lib_a-strtod.o)
                                  0xc (size before relaxing)
 *fill*         0x0000c5e4        0x4 
 .rodata.tinytens
                0x0000c5e8       0x28 /home/ddilbeck/gcc-arm-none-eabi-4_9-2015q1/bin/../lib/gcc/arm-none-eabi/4.9.3/../../../../arm-none-eabi/lib/armv7-m/libc_nano.a(lib_a-strtod.o)
 .rodata.fpi.5273
                0x0000c610       0x14 /home/ddilbeck/gcc-arm-none-eabi-4_9-2015q1/bin/../lib/gcc/arm-none-eabi/4.9.3/../../../../arm-none-eabi/lib/armv7-m/libc_nano.a(lib_a-strtod.o)
 .rodata._ctype_
                0x0000c624      0x101 /home/ddilbeck/gcc-arm-none-eabi-4_9-2015q1/bin/../lib/gcc/arm-none-eabi/4.9.3/../../../../arm-none-eabi/lib/armv7-m/libc_nano.a(lib_a-ctype_.o)
                0x0000c624                _ctype_
 .rodata.str1.1
                0x0000c725        0xd /home/ddilbeck/gcc-arm-none-eabi-4_9-2015q1/bin/../lib/gcc/arm-none-eabi/4.9.3/../../../../arm-none-eabi/lib/armv7-m/libc_nano.a(lib_a-dtoa.o)
                                  0xf (size before relaxing)
 .rodata.str1.1
                0x0000c732        0x8 /home/ddilbeck/gcc-arm-none-eabi-4_9-2015q1/bin/../lib/gcc/arm-none-eabi/4.9.3/../../../../arm-none-eabi/lib/armv7-m/libc_nano.a(lib_a-locale.o)
                                  0xb (size before relaxing)
 *fill*         0x0000c73a        0x6 
 .rodata.__mprec_tens
                0x0000c740       0xc8 /home/ddilbeck/gcc-arm-none-eabi-4_9-2015q1/bin/../lib/gcc/arm-none-eabi/4.9.3/../../../../arm-none-eabi/lib/armv7-m/libc_nano.a(lib_a-mprec.o)
                0x0000c740                __mprec_tens
 .rodata.__mprec_bigtens
                0x0000c808       0x28 /home/ddilbeck/gcc-arm-none-eabi-4_9-2015q1/bin/../lib/gcc/arm-none-eabi/4.9.3/../../../../arm-none-eabi/lib/armv7-m/libc_nano.a(lib_a-mprec.o)
                0x0000c808                __mprec_bigtens
 .rodata.p05.5308
                0x0000c830        0xc /home/ddilbeck/gcc-arm-none-eabi-4_9-2015q1/bin/../lib/gcc/arm-none-eabi/4.9.3/../../../../arm-none-eabi/lib/armv7-m/libc_nano.a(lib_a-mprec.o)
 .rodata.str1.1
                0x00000000       0x11 /home/ddilbeck/gcc-arm-none-eabi-4_9-2015q1/bin/../lib/gcc/arm-none-eabi/4.9.3/../../../../arm-none-eabi/lib/armv7-m/libc_nano.a(lib_a-nano-svfprintf.o)
 .rodata.str1.1
                0x00000000        0x4 /home/ddilbeck/gcc-arm-none-eabi-4_9-2015q1/bin/../lib/gcc/arm-none-eabi/4.9.3/../../../../arm-none-eabi/lib/armv7-m/libc_nano.a(lib_a-nano-svfscanf.o)
 .rodata        0x0000c83c        0xc /home/ddilbeck/gcc-arm-none-eabi-4_9-2015q1/bin/../lib/gcc/arm-none-eabi/4.9.3/../../../../arm-none-eabi/lib/armv7-m/libc_nano.a(lib_a-nano-vfscanf_i.o)
 .rodata.str1.1
                0x0000c848       0x1b /home/ddilbeck/gcc-arm-none-eabi-4_9-2015q1/bin/../lib/gcc/arm-none-eabi/4.9.3/../../../../arm-none-eabi/lib/armv7-m/libc_nano.a(lib_a-nano-vfscanf_i.o)
 *(.eh_frame*)
 *fill*         0x0000c863        0x1 
 .eh_frame      0x0000c864        0x0 /home/ddilbeck/gcc-arm-none-eabi-4_9-2015q1/bin/../lib/gcc/arm-none-eabi/4.9.3/armv7-m/crtbegin.o
 .eh_frame      0x0000c864       0x28 /home/ddilbeck/gcc-arm-none-eabi-4_9-2015q1/bin/../lib/gcc/arm-none-eabi/4.9.3/../../../../arm-none-eabi/lib/armv7-m/libc_nano.a(lib_a-strcmp.o)
 .eh_frame      0x0000c88c        0x4 /home/ddilbeck/gcc-arm-none-eabi-4_9-2015q1/bin/../lib/gcc/arm-none-eabi/4.9.3/armv7-m/crtend.o

.glue_7         0x0000c890        0x0
 .glue_7        0x00000000        0x0 linker stubs

.glue_7t        0x0000c890        0x0
 .glue_7t       0x00000000        0x0 linker stubs

.vfp11_veneer   0x0000c890        0x0
 .vfp11_veneer  0x00000000        0x0 linker stubs

.v4_bx          0x0000c890        0x0
 .v4_bx         0x00000000        0x0 linker stubs

.iplt           0x0000c890        0x0
 .iplt          0x00000000        0x0 /home/ddilbeck/gcc-arm-none-eabi-4_9-2015q1/bin/../lib/gcc/arm-none-eabi/4.9.3/armv7-m/crtbegin.o

.ARM.extab
 *(.ARM.extab* .gnu.linkonce.armextab.*)
                0x0000c890                __exidx_start = .

.ARM.exidx      0x0000c890        0x8
 *(.ARM.exidx* .gnu.linkonce.armexidx.*)
 .ARM.exidx     0x0000c890        0x8 /home/ddilbeck/gcc-arm-none-eabi-4_9-2015q1/bin/../lib/gcc/arm-none-eabi/4.9.3/../../../../arm-none-eabi/lib/armv7-m/crt0.o
                0x0000c898                __exidx_end = .
                0x0000c898                __etext = .

.rel.dyn        0x0000c898        0x0
 .rel.iplt      0x00000000        0x0 /home/ddilbeck/gcc-arm-none-eabi-4_9-2015q1/bin/../lib/gcc/arm-none-eabi/4.9.3/armv7-m/crtbegin.o

.data           0x100000c8      0x108 load address 0x0000c898
                0x100000c8                __data_start__ = .
                0x100000c8                Image$$RW_IRAM1$$Base = .
 *(vtable)
 *(.data*)
 .data          0x100000c8        0x4 /home/ddilbeck/gcc-arm-none-eabi-4_9-2015q1/bin/../lib/gcc/arm-none-eabi/4.9.3/armv7-m/crtbegin.o
                0x100000c8                __dso_handle
 .data._ZZ5_sbrkE4heap
                0x100000cc        0x4 mbed/TARGET_LPC1768/TOOLCHAIN_GCC_ARM/retarget.o
 .data.SystemCoreClock
                0x100000d0        0x4 mbed/TARGET_LPC1768/TOOLCHAIN_GCC_ARM/system_LPC17xx.o
                0x100000d0                SystemCoreClock
 .data._rtc_init
                0x100000d4        0x4 ./mbed/TARGET_LPC1768/TOOLCHAIN_GCC_ARM/libmbed.a(rtc_time.o)
 .data._rtc_isenabled
                0x100000d8        0x4 ./mbed/TARGET_LPC1768/TOOLCHAIN_GCC_ARM/libmbed.a(rtc_time.o)
 .data._rtc_read
                0x100000dc        0x4 ./mbed/TARGET_LPC1768/TOOLCHAIN_GCC_ARM/libmbed.a(rtc_time.o)
 .data._rtc_write
                0x100000e0        0x4 ./mbed/TARGET_LPC1768/TOOLCHAIN_GCC_ARM/libmbed.a(rtc_time.o)
 .data.impure_data
                0x100000e4       0x60 /home/ddilbeck/gcc-arm-none-eabi-4_9-2015q1/bin/../lib/gcc/arm-none-eabi/4.9.3/../../../../arm-none-eabi/lib/armv7-m/libc_nano.a(lib_a-impure.o)
 .data._impure_ptr
                0x10000144        0x4 /home/ddilbeck/gcc-arm-none-eabi-4_9-2015q1/bin/../lib/gcc/arm-none-eabi/4.9.3/../../../../arm-none-eabi/lib/armv7-m/libc_nano.a(lib_a-impure.o)