Archive member included because of file (symbol)

./mbed/TARGET_LPC1768/TOOLCHAIN_GCC_ARM/libmbed.a(serial_api.o)
                              mbed/TARGET_LPC1768/TOOLCHAIN_GCC_ARM/retarget.o (serial_getc)
./mbed/TARGET_LPC1768/TOOLCHAIN_GCC_ARM/libmbed.a(BusOut.o)
                              main.o (mbed::BusOut::~BusOut())
./mbed/TARGET_LPC1768/TOOLCHAIN_GCC_ARM/libmbed.a(FilePath.o)
                              mbed/TARGET_LPC1768/TOOLCHAIN_GCC_ARM/retarget.o (mbed::FilePath::FilePath(char const*))
./mbed/TARGET_LPC1768/TOOLCHAIN_GCC_ARM/libmbed.a(FileSystemLike.o)
                              mbed/TARGET_LPC1768/TOOLCHAIN_GCC_ARM/retarget.o (mbed::FileSystemLike::opendir())
./mbed/TARGET_LPC1768/TOOLCHAIN_GCC_ARM/libmbed.a(Serial.o)
                              main.o (mbed::Serial::Serial(PinName, PinName, char const*))
./mbed/TARGET_LPC1768/TOOLCHAIN_GCC_ARM/libmbed.a(SerialBase.o)
                              ./mbed/TARGET_LPC1768/TOOLCHAIN_GCC_ARM/libmbed.a(Serial.o) (mbed::SerialBase::SerialBase(PinName, PinName))
./mbed/TARGET_LPC1768/TOOLCHAIN_GCC_ARM/libmbed.a(Stream.o)
                              ./mbed/TARGET_LPC1768/TOOLCHAIN_GCC_ARM/libmbed.a(Serial.o) (mbed::Stream::close())
./mbed/TARGET_LPC1768/TOOLCHAIN_GCC_ARM/libmbed.a(assert.o)
                              mbed/TARGET_LPC1768/TOOLCHAIN_GCC_ARM/board.o (mbed_assert_internal)
./mbed/TARGET_LPC1768/TOOLCHAIN_GCC_ARM/libmbed.a(gpio.o)
                              main.o (gpio_init_in)
./mbed/TARGET_LPC1768/TOOLCHAIN_GCC_ARM/libmbed.a(error.o)
                              mbed/TARGET_LPC1768/TOOLCHAIN_GCC_ARM/retarget.o (error)
./mbed/TARGET_LPC1768/TOOLCHAIN_GCC_ARM/libmbed.a(pinmap_common.o)
                              ./mbed/TARGET_LPC1768/TOOLCHAIN_GCC_ARM/libmbed.a(serial_api.o) (pinmap_pinout)
./mbed/TARGET_LPC1768/TOOLCHAIN_GCC_ARM/libmbed.a(mbed_interface.o)
                              mbed/TARGET_LPC1768/TOOLCHAIN_GCC_ARM/retarget.o (mbed_interface_connected)
./mbed/TARGET_LPC1768/TOOLCHAIN_GCC_ARM/libmbed.a(semihost_api.o)
                              mbed/TARGET_LPC1768/TOOLCHAIN_GCC_ARM/retarget.o (semihost_exit)
./mbed/TARGET_LPC1768/TOOLCHAIN_GCC_ARM/libmbed.a(wait_api.o)
                              ./mbed/TARGET_LPC1768/TOOLCHAIN_GCC_ARM/libmbed.a(SerialBase.o) (wait_us)
./mbed/TARGET_LPC1768/TOOLCHAIN_GCC_ARM/libmbed.a(gpio_api.o)
                              ./mbed/TARGET_LPC1768/TOOLCHAIN_GCC_ARM/libmbed.a(gpio.o) (gpio_init)
./mbed/TARGET_LPC1768/TOOLCHAIN_GCC_ARM/libmbed.a(pinmap.o)
                              ./mbed/TARGET_LPC1768/TOOLCHAIN_GCC_ARM/libmbed.a(pinmap_common.o) (pin_function)
./mbed/TARGET_LPC1768/TOOLCHAIN_GCC_ARM/libmbed.a(us_ticker.o)
                              ./mbed/TARGET_LPC1768/TOOLCHAIN_GCC_ARM/libmbed.a(wait_api.o) (us_ticker_read)
./mbed/TARGET_LPC1768/TOOLCHAIN_GCC_ARM/libmbed.a(FileLike.o)
                              ./mbed/TARGET_LPC1768/TOOLCHAIN_GCC_ARM/libmbed.a(Stream.o) (mbed::FileLike::~FileLike())
./mbed/TARGET_LPC1768/TOOLCHAIN_GCC_ARM/libmbed.a(FileBase.o)
                              ./mbed/TARGET_LPC1768/TOOLCHAIN_GCC_ARM/libmbed.a(FileSystemLike.o) (mbed::FileBase::~FileBase())
./mbed/TARGET_LPC1768/TOOLCHAIN_GCC_ARM/libmbed.a(FunctionPointer.o)
                              ./mbed/TARGET_LPC1768/TOOLCHAIN_GCC_ARM/libmbed.a(SerialBase.o) (mbed::FunctionPointer::FunctionPointer(void (*)()))
./mbed/TARGET_LPC1768/TOOLCHAIN_GCC_ARM/libmbed.a(us_ticker_api.o)
                              ./mbed/TARGET_LPC1768/TOOLCHAIN_GCC_ARM/libmbed.a(us_ticker.o) (us_ticker_irq_handler)
/home/ddilbeck/gcc-arm-none-eabi-4_9-2015q1/bin/../lib/gcc/arm-none-eabi/4.9.3/../../../../arm-none-eabi/lib/armv7-m/libstdc++_nano.a(new_op.o)
                              ./mbed/TARGET_LPC1768/TOOLCHAIN_GCC_ARM/libmbed.a(BusOut.o) (operator new(unsigned int))
/home/ddilbeck/gcc-arm-none-eabi-4_9-2015q1/bin/../lib/gcc/arm-none-eabi/4.9.3/../../../../arm-none-eabi/lib/armv7-m/libstdc++_nano.a(del_op.o)
                              main.o (operator delete(void*))
/home/ddilbeck/gcc-arm-none-eabi-4_9-2015q1/bin/../lib/gcc/arm-none-eabi/4.9.3/../../../../arm-none-eabi/lib/armv7-m/libstdc++_nano.a(new_handler.o)
                              /home/ddilbeck/gcc-arm-none-eabi-4_9-2015q1/bin/../lib/gcc/arm-none-eabi/4.9.3/../../../../arm-none-eabi/lib/armv7-m/libstdc++_nano.a(new_op.o) (std::get_new_handler())
/home/ddilbeck/gcc-arm-none-eabi-4_9-2015q1/bin/../lib/gcc/arm-none-eabi/4.9.3/../../../../arm-none-eabi/lib/armv7-m/libstdc++_nano.a(atexit_arm.o)
                              main.o (__aeabi_atexit)
/home/ddilbeck/gcc-arm-none-eabi-4_9-2015q1/bin/../lib/gcc/arm-none-eabi/4.9.3/../../../../arm-none-eabi/lib/armv7-m/libc_nano.a(lib_a-abort.o)
                              /home/ddilbeck/gcc-arm-none-eabi-4_9-2015q1/bin/../lib/gcc/arm-none-eabi/4.9.3/../../../../arm-none-eabi/lib/armv7-m/libstdc++_nano.a(new_op.o) (abort)
[...]
Memory Configuration

Name             Origin             Length             Attributes
FLASH            0x00000000         0x00080000         xr
RAM              0x100000c8         0x00007f38         xrw
USB_RAM          0x2007c000         0x00004000         xrw
ETH_RAM          0x20080000         0x00004000         xrw
*default*        0x00000000         0xffffffff

Linker script and memory map

LOAD /home/ddilbeck/gcc-arm-none-eabi-4_9-2015q1/bin/../lib/gcc/arm-none-eabi/4.9.3/armv7-m/crti.o
LOAD /home/ddilbeck/gcc-arm-none-eabi-4_9-2015q1/bin/../lib/gcc/arm-none-eabi/4.9.3/armv7-m/crtbegin.o
LOAD /home/ddilbeck/gcc-arm-none-eabi-4_9-2015q1/bin/../lib/gcc/arm-none-eabi/4.9.3/../../../../arm-none-eabi/lib/armv7-m/crt0.o
LOAD main.o
LOAD mbed/TARGET_LPC1768/TOOLCHAIN_GCC_ARM/cmsis_nvic.o
LOAD mbed/TARGET_LPC1768/TOOLCHAIN_GCC_ARM/system_LPC17xx.o
LOAD mbed/TARGET_LPC1768/TOOLCHAIN_GCC_ARM/board.o
LOAD mbed/TARGET_LPC1768/TOOLCHAIN_GCC_ARM/retarget.o
LOAD mbed/TARGET_LPC1768/TOOLCHAIN_GCC_ARM/startup_LPC17xx.o
LOAD ./mbed/TARGET_LPC1768/TOOLCHAIN_GCC_ARM/libmbed.a
LOAD /home/ddilbeck/gcc-arm-none-eabi-4_9-2015q1/bin/../lib/gcc/arm-none-eabi/4.9.3/../../../../arm-none-eabi/lib/armv7-m/libstdc++_nano.a
LOAD /home/ddilbeck/gcc-arm-none-eabi-4_9-2015q1/bin/../lib/gcc/arm-none-eabi/4.9.3/../../../../arm-none-eabi/lib/armv7-m/libsupc++_nano.a
LOAD /home/ddilbeck/gcc-arm-none-eabi-4_9-2015q1/bin/../lib/gcc/arm-none-eabi/4.9.3/../../../../arm-none-eabi/lib/armv7-m/libm.a
LOAD /home/ddilbeck/gcc-arm-none-eabi-4_9-2015q1/bin/../lib/gcc/arm-none-eabi/4.9.3/../../../../arm-none-eabi/lib/armv7-m/libc_nano.a
LOAD /home/ddilbeck/gcc-arm-none-eabi-4_9-2015q1/bin/../lib/gcc/arm-none-eabi/4.9.3/armv7-m/libgcc.a
LOAD /home/ddilbeck/gcc-arm-none-eabi-4_9-2015q1/bin/../lib/gcc/arm-none-eabi/4.9.3/../../../../arm-none-eabi/lib/armv7-m/libnosys.a
LOAD ./mbed/TARGET_LPC1768/TOOLCHAIN_GCC_ARM/libmbed.a
LOAD /home/ddilbeck/gcc-arm-none-eabi-4_9-2015q1/bin/../lib/gcc/arm-none-eabi/4.9.3/../../../../arm-none-eabi/lib/armv7-m/libstdc++_nano.a
LOAD /home/ddilbeck/gcc-arm-none-eabi-4_9-2015q1/bin/../lib/gcc/arm-none-eabi/4.9.3/../../../../arm-none-eabi/lib/armv7-m/libsupc++_nano.a
LOAD /home/ddilbeck/gcc-arm-none-eabi-4_9-2015q1/bin/../lib/gcc/arm-none-eabi/4.9.3/../../../../arm-none-eabi/lib/armv7-m/libm.a
LOAD /home/ddilbeck/gcc-arm-none-eabi-4_9-2015q1/bin/../lib/gcc/arm-none-eabi/4.9.3/../../../../arm-none-eabi/lib/armv7-m/libc_nano.a
LOAD /home/ddilbeck/gcc-arm-none-eabi-4_9-2015q1/bin/../lib/gcc/arm-none-eabi/4.9.3/armv7-m/libgcc.a
LOAD /home/ddilbeck/gcc-arm-none-eabi-4_9-2015q1/bin/../lib/gcc/arm-none-eabi/4.9.3/../../../../arm-none-eabi/lib/armv7-m/libnosys.a
START GROUP
LOAD /home/ddilbeck/gcc-arm-none-eabi-4_9-2015q1/bin/../lib/gcc/arm-none-eabi/4.9.3/armv7-m/libgcc.a
LOAD /home/ddilbeck/gcc-arm-none-eabi-4_9-2015q1/bin/../lib/gcc/arm-none-eabi/4.9.3/../../../../arm-none-eabi/lib/armv7-m/libc_nano.a
END GROUP
START GROUP
LOAD /home/ddilbeck/gcc-arm-none-eabi-4_9-2015q1/bin/../lib/gcc/arm-none-eabi/4.9.3/armv7-m/libgcc.a
LOAD /home/ddilbeck/gcc-arm-none-eabi-4_9-2015q1/bin/../lib/gcc/arm-none-eabi/4.9.3/../../../../arm-none-eabi/lib/armv7-m/libc_nano.a
END GROUP
LOAD /home/ddilbeck/gcc-arm-none-eabi-4_9-2015q1/bin/../lib/gcc/arm-none-eabi/4.9.3/armv7-m/crtend.o
LOAD /home/ddilbeck/gcc-arm-none-eabi-4_9-2015q1/bin/../lib/gcc/arm-none-eabi/4.9.3/armv7-m/crtn.o

.text           0x00000000     0x84d8
 *(.isr_vector)
 .isr_vector    0x00000000       0xcc mbed/TARGET_LPC1768/TOOLCHAIN_GCC_ARM/startup_LPC17xx.o
                0x00000000                __isr_vector
 *(.text*)
 .text          0x000000cc       0x5c /home/ddilbeck/gcc-arm-none-eabi-4_9-2015q1/bin/../lib/gcc/arm-none-eabi/4.9.3/armv7-m/crtbegin.o
 .text          0x00000128       0x74 /home/ddilbeck/gcc-arm-none-eabi-4_9-2015q1/bin/../lib/gcc/arm-none-eabi/4.9.3/../../../../arm-none-eabi/lib/armv7-m/crt0.o
                0x00000128                _mainCRTStartup
                0x00000128                _start
 .text._ZN4mbed10SerialBaseD2Ev
                0x0000019c        0x2 main.o
                0x0000019c                mbed::SerialBase::~SerialBase()
                0x0000019c                mbed::SerialBase::~SerialBase()
 *fill*         0x0000019e        0x2 
 .text._ZN4mbed6SerialD2Ev
                0x000001a0       0x24 main.o
                0x000001a0                mbed::Serial::~Serial()
                0x000001a0                mbed::Serial::~Serial()
 .text._ZN4mbed6SerialD1Ev
                0x000001c4       0x10 main.o
                0x000001c4                non-virtual thunk to mbed::Serial::~Serial()
                0x000001cc                non-virtual thunk to mbed::Serial::~Serial()
 .text._ZN4mbed10SerialBaseD0Ev
                0x000001d4        0xc main.o
                0x000001d4                mbed::SerialBase::~SerialBase()
 .text.startup.main
                0x000001e0       0x7c main.o
                0x000001e0                main
 .text._ZN4mbed6SerialD0Ev
                0x0000025c       0x1e main.o
                0x0000025c                mbed::Serial::~Serial()
                0x0000026e                non-virtual thunk to mbed::Serial::~Serial()
                0x00000274                non-virtual thunk to mbed::Serial::~Serial()
 *fill*         0x0000027a        0x2 
 .text.startup._GLOBAL__sub_I_leds
                0x0000027c       0xb8 main.o
 .text.NVIC_SetVector
                0x00000334       0x3c mbed/TARGET_LPC1768/TOOLCHAIN_GCC_ARM/cmsis_nvic.o
                0x00000334                NVIC_SetVector
 .text.SystemInit
                0x00000370       0xb8 mbed/TARGET_LPC1768/TOOLCHAIN_GCC_ARM/system_LPC17xx.o
                0x00000370                SystemInit
 .text.mbed_die
                0x00000428      0x10c mbed/TARGET_LPC1768/TOOLCHAIN_GCC_ARM/board.o
                0x00000428                mbed_die
 .text._ZN4mbed10FileHandle4flenEv
                0x00000534       0x34 mbed/TARGET_LPC1768/TOOLCHAIN_GCC_ARM/retarget.o
                0x00000534                mbed::FileHandle::flen()
 .text._ZN4mbed10FileHandleD2Ev
                0x00000568       0x2c mbed/TARGET_LPC1768/TOOLCHAIN_GCC_ARM/retarget.o
                0x00000568                mbed::FileHandle::~FileHandle()
                0x00000568                mbed::FileHandle::~FileHandle()
 .text._ZN4mbed10FileHandleD0Ev
                0x00000594       0x34 mbed/TARGET_LPC1768/TOOLCHAIN_GCC_ARM/retarget.o
                0x00000594                mbed::FileHandle::~FileHandle()
 .text._ZL11init_serialv.part.0
                0x000005c8       0x18 mbed/TARGET_LPC1768/TOOLCHAIN_GCC_ARM/retarget.o
 .text._open    0x000005e0       0xf8 mbed/TARGET_LPC1768/TOOLCHAIN_GCC_ARM/retarget.o
                0x000005e0                _open
 .text._close   0x000006d8       0x2c mbed/TARGET_LPC1768/TOOLCHAIN_GCC_ARM/retarget.o
                0x000006d8                _close
 .text._write   0x00000704       0x50 mbed/TARGET_LPC1768/TOOLCHAIN_GCC_ARM/retarget.o
                0x00000704                _write
 .text._read    0x00000754       0x4c mbed/TARGET_LPC1768/TOOLCHAIN_GCC_ARM/retarget.o
                0x00000754                _read
 .text._isatty  0x000007a0       0x28 mbed/TARGET_LPC1768/TOOLCHAIN_GCC_ARM/retarget.o
                0x000007a0                _isatty
 .text._lseek   0x000007c8       0x28 mbed/TARGET_LPC1768/TOOLCHAIN_GCC_ARM/retarget.o
                0x000007c8                _lseek
 .text._fstat   0x000007f0       0x20 mbed/TARGET_LPC1768/TOOLCHAIN_GCC_ARM/retarget.o
                0x000007f0                _fstat
 .text.__cxa_pure_virtual
                0x00000810        0x8 mbed/TARGET_LPC1768/TOOLCHAIN_GCC_ARM/retarget.o
                0x00000810                __cxa_pure_virtual
 .text.mbed_main
                0x00000818        0x4 mbed/TARGET_LPC1768/TOOLCHAIN_GCC_ARM/retarget.o
                0x00000818                mbed_main
 .text.mbed_sdk_init
                0x0000081c        0x4 mbed/TARGET_LPC1768/TOOLCHAIN_GCC_ARM/retarget.o
                0x0000081c                mbed_sdk_init
 .text.__wrap_main
                0x00000820       0x14 mbed/TARGET_LPC1768/TOOLCHAIN_GCC_ARM/retarget.o
                0x00000820                __wrap_main
 .text._sbrk    0x00000834       0x28 mbed/TARGET_LPC1768/TOOLCHAIN_GCC_ARM/retarget.o
                0x00000834                _sbrk
 .text._exit    0x0000085c       0x30 mbed/TARGET_LPC1768/TOOLCHAIN_GCC_ARM/retarget.o
                0x0000085c                _exit
 .text._ZN4mbed26mbed_set_unbuffered_streamEP7__sFILE
                0x0000088c        0x8 mbed/TARGET_LPC1768/TOOLCHAIN_GCC_ARM/retarget.o
                0x0000088c                mbed::mbed_set_unbuffered_stream(__sFILE*)
 .text._ZN4mbed9mbed_getcEP7__sFILE
                0x00000894        0x4 mbed/TARGET_LPC1768/TOOLCHAIN_GCC_ARM/retarget.o
                0x00000894                mbed::mbed_getc(__sFILE*)
 .text          0x00000898       0x44 mbed/TARGET_LPC1768/TOOLCHAIN_GCC_ARM/startup_LPC17xx.o
                0x00000898                Reset_Handler
                0x000008c8                NMI_Handler
                0x000008ca                HardFault_Handler
                0x000008cc                MemManage_Handler
                0x000008ce                BusFault_Handler
                0x000008d0                UsageFault_Handler
                0x000008d2                SVC_Handler
                0x000008d4                DebugMon_Handler
                0x000008d6                PendSV_Handler
                0x000008d8                SysTick_Handler
                0x000008da                TIMER2_IRQHandler
                0x000008da                RIT_IRQHandler
                0x000008da                I2C0_IRQHandler
                0x000008da                USBActivity_IRQHandler
                0x000008da                PWM1_IRQHandler
                0x000008da                I2C1_IRQHandler
                0x000008da                EINT2_IRQHandler
                0x000008da                UART1_IRQHandler
                0x000008da                EINT3_IRQHandler
                0x000008da                CANActivity_IRQHandler
                0x000008da                TIMER3_IRQHandler
                0x000008da                UART0_IRQHandler
                0x000008da                PLL0_IRQHandler
                0x000008da                CAN_IRQHandler
                0x000008da                PLL1_IRQHandler
                0x000008da                SSP0_IRQHandler
                0x000008da                I2S_IRQHandler
                0x000008da                I2C2_IRQHandler
                0x000008da                RTC_IRQHandler
                0x000008da                TIMER0_IRQHandler
                0x000008da                SPI_IRQHandler
                0x000008da                EINT1_IRQHandler
                0x000008da                TIMER1_IRQHandler
                0x000008da                UART2_IRQHandler
                0x000008da                Default_Handler
                0x000008da                ADC_IRQHandler
                0x000008da                SSP1_IRQHandler
                0x000008da                USB_IRQHandler
                0x000008da                BOD_IRQHandler
                0x000008da                WDT_IRQHandler
                0x000008da                QEI_IRQHandler
                0x000008da                EINT0_IRQHandler
                0x000008da                DEF_IRQHandler
                0x000008da                DMA_IRQHandler
                0x000008da                UART3_IRQHandler
                0x000008da                MCPWM_IRQHandler
                0x000008da                ENET_IRQHandler
 .text.uart2_irq
                0x000008dc       0x64 ./mbed/TARGET_LPC1768/TOOLCHAIN_GCC_ARM/libmbed.a(serial_api.o)
                0x000008dc                uart2_irq
 .text.serial_irq_set_internal
                0x00000940       0xcc ./mbed/TARGET_LPC1768/TOOLCHAIN_GCC_ARM/libmbed.a(serial_api.o)
 .text.uart0_irq
                0x00000a0c       0x64 ./mbed/TARGET_LPC1768/TOOLCHAIN_GCC_ARM/libmbed.a(serial_api.o)
                0x00000a0c                uart0_irq
 .text.uart3_irq
                0x00000a70       0x6c ./mbed/TARGET_LPC1768/TOOLCHAIN_GCC_ARM/libmbed.a(serial_api.o)
                0x00000a70                uart3_irq
 .text.uart1_irq
                0x00000adc       0x64 ./mbed/TARGET_LPC1768/TOOLCHAIN_GCC_ARM/libmbed.a(serial_api.o)
                0x00000adc                uart1_irq
 .text.serial_baud
                0x00000b40      0x244 ./mbed/TARGET_LPC1768/TOOLCHAIN_GCC_ARM/libmbed.a(serial_api.o)
                0x00000b40                serial_baud
 .text.serial_format
                0x00000d84       0x78 ./mbed/TARGET_LPC1768/TOOLCHAIN_GCC_ARM/libmbed.a(serial_api.o)
                0x00000d84                serial_format
 .text.serial_irq_handler
                0x00000dfc       0x20 ./mbed/TARGET_LPC1768/TOOLCHAIN_GCC_ARM/libmbed.a(serial_api.o)
                0x00000dfc                serial_irq_handler
 .text.serial_getc
                0x00000e1c       0x38 ./mbed/TARGET_LPC1768/TOOLCHAIN_GCC_ARM/libmbed.a(serial_api.o)
                0x00000e1c                serial_getc
 .text.serial_readable
                0x00000e54        0xc ./mbed/TARGET_LPC1768/TOOLCHAIN_GCC_ARM/libmbed.a(serial_api.o)
                0x00000e54                serial_readable
 .text.serial_writable
                0x00000e60       0x74 ./mbed/TARGET_LPC1768/TOOLCHAIN_GCC_ARM/libmbed.a(serial_api.o)
                0x00000e60                serial_writable
 .text.serial_putc
                0x00000ed4       0x34 ./mbed/TARGET_LPC1768/TOOLCHAIN_GCC_ARM/libmbed.a(serial_api.o)
                0x00000ed4                serial_putc
 .text.serial_set_flow_control
                0x00000f08      0x12c ./mbed/TARGET_LPC1768/TOOLCHAIN_GCC_ARM/libmbed.a(serial_api.o)
                0x00000f08                serial_set_flow_control
 .text.serial_init
                0x00001034      0x1bc ./mbed/TARGET_LPC1768/TOOLCHAIN_GCC_ARM/libmbed.a(serial_api.o)
                0x00001034                serial_init
 .text._ZN4mbed6BusOutD2Ev
                0x000011f0       0x24 ./mbed/TARGET_LPC1768/TOOLCHAIN_GCC_ARM/libmbed.a(BusOut.o)
                0x000011f0                mbed::BusOut::~BusOut()
                0x000011f0                mbed::BusOut::~BusOut()
 .text._ZN4mbed6BusOutD0Ev
                0x00001214       0x14 ./mbed/TARGET_LPC1768/TOOLCHAIN_GCC_ARM/libmbed.a(BusOut.o)
                0x00001214                mbed::BusOut::~BusOut()
 .text._ZN4mbed6BusOutC2E7PinNameS1_S1_S1_S1_S1_S1_S1_S1_S1_S1_S1_S1_S1_S1_S1_
                0x00001228       0xc0 ./mbed/TARGET_LPC1768/TOOLCHAIN_GCC_ARM/libmbed.a(BusOut.o)
                0x00001228                mbed::BusOut::BusOut(PinName, PinName, PinName, PinName, PinName, PinName, PinName, PinName, PinName, PinName, PinName, PinName, PinName, PinName, PinName, PinName)
                0x00001228                mbed::BusOut::BusOut(PinName, PinName, PinName, PinName, PinName, PinName, PinName, PinName, PinName, PinName, PinName, PinName, PinName, PinName, PinName, PinName)
 .text._ZN4mbed6BusOut5writeEi
                0x000012e8       0x50 ./mbed/TARGET_LPC1768/TOOLCHAIN_GCC_ARM/libmbed.a(BusOut.o)
                0x000012e8                mbed::BusOut::write(int)
 .text._ZN4mbed6BusOutaSEi
                0x00001338        0xc ./mbed/TARGET_LPC1768/TOOLCHAIN_GCC_ARM/libmbed.a(BusOut.o)
                0x00001338                mbed::BusOut::operator=(int)
 .text._ZN4mbed8FilePathC2EPKc
                0x00001344       0x58 ./mbed/TARGET_LPC1768/TOOLCHAIN_GCC_ARM/libmbed.a(FilePath.o)
                0x00001344                mbed::FilePath::FilePath(char const*)
                0x00001344                mbed::FilePath::FilePath(char const*)
 .text._ZN4mbed8FilePath8fileNameEv
                0x0000139c        0x4 ./mbed/TARGET_LPC1768/TOOLCHAIN_GCC_ARM/libmbed.a(FilePath.o)
                0x0000139c                mbed::FilePath::fileName()
 .text._ZN4mbed8FilePath10fileSystemEv
                0x000013a0       0x18 ./mbed/TARGET_LPC1768/TOOLCHAIN_GCC_ARM/libmbed.a(FilePath.o)
                0x000013a0                mbed::FilePath::fileSystem()
 .text._ZN4mbed8FilePath6isFileEv
                0x000013b8       0x14 ./mbed/TARGET_LPC1768/TOOLCHAIN_GCC_ARM/libmbed.a(FilePath.o)
                0x000013b8                mbed::FilePath::isFile()
 .text._ZN4mbed8FilePath4fileEv
                0x000013cc       0x1c ./mbed/TARGET_LPC1768/TOOLCHAIN_GCC_ARM/libmbed.a(FilePath.o)
                0x000013cc                mbed::FilePath::file()
 .text._ZN4mbed8FilePath6existsEv
                0x000013e8        0xc ./mbed/TARGET_LPC1768/TOOLCHAIN_GCC_ARM/libmbed.a(FilePath.o)
                0x000013e8                mbed::FilePath::exists()
 .text._ZN4mbed6Serial5_getcEv
                0x000013f4        0x4 ./mbed/TARGET_LPC1768/TOOLCHAIN_GCC_ARM/libmbed.a(Serial.o)
                0x000013f4                mbed::Serial::_getc()
 .text._ZThn72_N4mbed6Serial5_getcEv
                0x000013f8        0x8 ./mbed/TARGET_LPC1768/TOOLCHAIN_GCC_ARM/libmbed.a(Serial.o)
                0x000013f8                non-virtual thunk to mbed::Serial::_getc()
 .text._ZN4mbed6Serial5_putcEi
                0x00001400        0x4 ./mbed/TARGET_LPC1768/TOOLCHAIN_GCC_ARM/libmbed.a(Serial.o)
                0x00001400                mbed::Serial::_putc(int)
 .text._ZThn72_N4mbed6Serial5_putcEi
                0x00001404        0x8 ./mbed/TARGET_LPC1768/TOOLCHAIN_GCC_ARM/libmbed.a(Serial.o)
                0x00001404                non-virtual thunk to mbed::Serial::_putc(int)
 .text._ZN4mbed6SerialC2E7PinNameS1_PKc
                0x0000140c       0x30 ./mbed/TARGET_LPC1768/TOOLCHAIN_GCC_ARM/libmbed.a(Serial.o)
                0x0000140c                mbed::Serial::Serial(PinName, PinName, char const*)
                0x0000140c                mbed::Serial::Serial(PinName, PinName, char const*)
 .text._ZN4mbed10SerialBase12_irq_handlerEm9SerialIrq
                0x0000143c       0x10 ./mbed/TARGET_LPC1768/TOOLCHAIN_GCC_ARM/libmbed.a(SerialBase.o)
                0x0000143c                mbed::SerialBase::_irq_handler(unsigned long, SerialIrq)
 .text._ZN4mbed10SerialBaseC2E7PinNameS1_
                0x0000144c       0x4c ./mbed/TARGET_LPC1768/TOOLCHAIN_GCC_ARM/libmbed.a(SerialBase.o)
                0x0000144c                mbed::SerialBase::SerialBase(PinName, PinName)
                0x0000144c                mbed::SerialBase::SerialBase(PinName, PinName)
 .text._ZN4mbed10SerialBase4baudEi
                0x00001498       0x10 ./mbed/TARGET_LPC1768/TOOLCHAIN_GCC_ARM/libmbed.a(SerialBase.o)
                0x00001498                mbed::SerialBase::baud(int)
 .text._ZN4mbed10SerialBase8readableEv
                0x000014a8        0x8 ./mbed/TARGET_LPC1768/TOOLCHAIN_GCC_ARM/libmbed.a(SerialBase.o)
                0x000014a8                mbed::SerialBase::readable()
 .text._ZN4mbed10SerialBase10_base_getcEv
                0x000014b0        0x8 ./mbed/TARGET_LPC1768/TOOLCHAIN_GCC_ARM/libmbed.a(SerialBase.o)
                0x000014b0                mbed::SerialBase::_base_getc()
 .text._ZN4mbed10SerialBase10_base_putcEi
                0x000014b8       0x10 ./mbed/TARGET_LPC1768/TOOLCHAIN_GCC_ARM/libmbed.a(SerialBase.o)
                0x000014b8                mbed::SerialBase::_base_putc(int)
 .text._ZN4mbed6Stream5closeEv
                0x000014c8        0x4 ./mbed/TARGET_LPC1768/TOOLCHAIN_GCC_ARM/libmbed.a(Stream.o)
                0x000014c8                mbed::Stream::close()
 .text._ZN4mbed6Stream5writeEPKvj
                0x000014cc       0x30 ./mbed/TARGET_LPC1768/TOOLCHAIN_GCC_ARM/libmbed.a(Stream.o)
                0x000014cc                mbed::Stream::write(void const*, unsigned int)
 .text._ZN4mbed6Stream4readEPvj
                0x000014fc       0x30 ./mbed/TARGET_LPC1768/TOOLCHAIN_GCC_ARM/libmbed.a(Stream.o)
                0x000014fc                mbed::Stream::read(void*, unsigned int)
 .text._ZN4mbed6Stream5lseekEli
                0x0000152c        0x4 ./mbed/TARGET_LPC1768/TOOLCHAIN_GCC_ARM/libmbed.a(Stream.o)
                0x0000152c                mbed::Stream::lseek(long, int)
 .text._ZN4mbed6Stream6isattyEv
                0x00001530        0x4 ./mbed/TARGET_LPC1768/TOOLCHAIN_GCC_ARM/libmbed.a(Stream.o)
                0x00001530                mbed::Stream::isatty()
 .text._ZN4mbed6Stream5fsyncEv
                0x00001534        0x4 ./mbed/TARGET_LPC1768/TOOLCHAIN_GCC_ARM/libmbed.a(Stream.o)
                0x00001534                mbed::Stream::fsync()
 .text._ZN4mbed6Stream4flenEv
                0x00001538        0x4 ./mbed/TARGET_LPC1768/TOOLCHAIN_GCC_ARM/libmbed.a(Stream.o)
                0x00001538                mbed::Stream::flen()
 .text._ZN4mbed6StreamD2Ev
                0x0000153c       0x24 ./mbed/TARGET_LPC1768/TOOLCHAIN_GCC_ARM/libmbed.a(Stream.o)
                0x0000153c                mbed::Stream::~Stream()
                0x0000153c                mbed::Stream::~Stream()
 .text._ZThn4_N4mbed6StreamD1Ev
                0x00001560        0x8 ./mbed/TARGET_LPC1768/TOOLCHAIN_GCC_ARM/libmbed.a(Stream.o)
                0x00001560                non-virtual thunk to mbed::Stream::~Stream()
 .text._ZN4mbed6StreamD0Ev
                0x00001568       0x14 ./mbed/TARGET_LPC1768/TOOLCHAIN_GCC_ARM/libmbed.a(Stream.o)
                0x00001568                mbed::Stream::~Stream()
 .text._ZThn4_N4mbed6StreamD0Ev
                0x0000157c        0x8 ./mbed/TARGET_LPC1768/TOOLCHAIN_GCC_ARM/libmbed.a(Stream.o)
                0x0000157c                non-virtual thunk to mbed::Stream::~Stream()
 .text._ZN4mbed6StreamC2EPKc
                0x00001584       0x44 ./mbed/TARGET_LPC1768/TOOLCHAIN_GCC_ARM/libmbed.a(Stream.o)
                0x00001584                mbed::Stream::Stream(char const*)
                0x00001584                mbed::Stream::Stream(char const*)
 .text._ZN4mbed6Stream4putcEi
                0x000015c8       0x18 ./mbed/TARGET_LPC1768/TOOLCHAIN_GCC_ARM/libmbed.a(Stream.o)
                0x000015c8                mbed::Stream::putc(int)
 .text._ZN4mbed6Stream4getcEv
                0x000015e0       0x14 ./mbed/TARGET_LPC1768/TOOLCHAIN_GCC_ARM/libmbed.a(Stream.o)
                0x000015e0                mbed::Stream::getc()
 .text.mbed_assert_internal
                0x000015f4       0x2c ./mbed/TARGET_LPC1768/TOOLCHAIN_GCC_ARM/libmbed.a(assert.o)
                0x000015f4                mbed_assert_internal
 .text.gpio_init_in
                0x00001620       0x24 ./mbed/TARGET_LPC1768/TOOLCHAIN_GCC_ARM/libmbed.a(gpio.o)
                0x00001620                gpio_init_in
 .text.gpio_init_out
                0x00001644       0x44 ./mbed/TARGET_LPC1768/TOOLCHAIN_GCC_ARM/libmbed.a(gpio.o)
                0x00001644                gpio_init_out
 .text.gpio_init_out_ex
                0x00001688       0x54 ./mbed/TARGET_LPC1768/TOOLCHAIN_GCC_ARM/libmbed.a(gpio.o)
                0x00001688                gpio_init_out_ex
 .text.error    0x000016dc       0x24 ./mbed/TARGET_LPC1768/TOOLCHAIN_GCC_ARM/libmbed.a(error.o)
                0x000016dc                error
 .text.pinmap_pinout
                0x00001700       0x40 ./mbed/TARGET_LPC1768/TOOLCHAIN_GCC_ARM/libmbed.a(pinmap_common.o)
                0x00001700                pinmap_pinout
 .text.pinmap_merge
                0x00001740       0x24 ./mbed/TARGET_LPC1768/TOOLCHAIN_GCC_ARM/libmbed.a(pinmap_common.o)
                0x00001740                pinmap_merge
 .text.pinmap_find_peripheral
                0x00001764       0x1c ./mbed/TARGET_LPC1768/TOOLCHAIN_GCC_ARM/libmbed.a(pinmap_common.o)
                0x00001764                pinmap_find_peripheral
 .text.pinmap_peripheral
                0x00001780       0x34 ./mbed/TARGET_LPC1768/TOOLCHAIN_GCC_ARM/libmbed.a(pinmap_common.o)
                0x00001780                pinmap_peripheral
 .text.mbed_interface_connected
                0x000017b4        0x4 ./mbed/TARGET_LPC1768/TOOLCHAIN_GCC_ARM/libmbed.a(mbed_interface.o)
                0x000017b4                mbed_interface_connected
 .text.semihost_exit
                0x000017b8       0x18 ./mbed/TARGET_LPC1768/TOOLCHAIN_GCC_ARM/libmbed.a(semihost_api.o)
                0x000017b8                semihost_exit
 .text.semihost_connected
                0x000017d0       0x10 ./mbed/TARGET_LPC1768/TOOLCHAIN_GCC_ARM/libmbed.a(semihost_api.o)
                0x000017d0                semihost_connected
 .text.wait_us  0x000017e0       0x18 ./mbed/TARGET_LPC1768/TOOLCHAIN_GCC_ARM/libmbed.a(wait_api.o)
                0x000017e0                wait_us
 .text.wait_ms  0x000017f8        0xc ./mbed/TARGET_LPC1768/TOOLCHAIN_GCC_ARM/libmbed.a(wait_api.o)
                0x000017f8                wait_ms
 .text.gpio_set
                0x00001804       0x30 ./mbed/TARGET_LPC1768/TOOLCHAIN_GCC_ARM/libmbed.a(gpio_api.o)
                0x00001804                gpio_set
 .text.gpio_init
                0x00001834       0x30 ./mbed/TARGET_LPC1768/TOOLCHAIN_GCC_ARM/libmbed.a(gpio_api.o)
                0x00001834                gpio_init
 .text.gpio_mode
                0x00001864        0x8 ./mbed/TARGET_LPC1768/TOOLCHAIN_GCC_ARM/libmbed.a(gpio_api.o)
                0x00001864                gpio_mode
 .text.gpio_dir
                0x0000186c       0x44 ./mbed/TARGET_LPC1768/TOOLCHAIN_GCC_ARM/libmbed.a(gpio_api.o)
                0x0000186c                gpio_dir
 .text.pin_function
                0x000018b0       0x50 ./mbed/TARGET_LPC1768/TOOLCHAIN_GCC_ARM/libmbed.a(pinmap.o)
                0x000018b0                pin_function
 .text.pin_mode
                0x00001900       0x78 ./mbed/TARGET_LPC1768/TOOLCHAIN_GCC_ARM/libmbed.a(pinmap.o)
                0x00001900                pin_mode
 .text.us_ticker_init
                0x00001978       0x68 ./mbed/TARGET_LPC1768/TOOLCHAIN_GCC_ARM/libmbed.a(us_ticker.o)
                0x00001978                us_ticker_init
 .text.us_ticker_read
                0x000019e0       0x1c ./mbed/TARGET_LPC1768/TOOLCHAIN_GCC_ARM/libmbed.a(us_ticker.o)
                0x000019e0                us_ticker_read
 .text.us_ticker_set_interrupt
                0x000019fc       0x14 ./mbed/TARGET_LPC1768/TOOLCHAIN_GCC_ARM/libmbed.a(us_ticker.o)
                0x000019fc                us_ticker_set_interrupt
 .text.us_ticker_disable_interrupt
                0x00001a10       0x10 ./mbed/TARGET_LPC1768/TOOLCHAIN_GCC_ARM/libmbed.a(us_ticker.o)
                0x00001a10                us_ticker_disable_interrupt
 .text.us_ticker_clear_interrupt
                0x00001a20        0xc ./mbed/TARGET_LPC1768/TOOLCHAIN_GCC_ARM/libmbed.a(us_ticker.o)
                0x00001a20                us_ticker_clear_interrupt
 .text._ZN4mbed8FileLikeD2Ev
                0x00001a2c       0x24 ./mbed/TARGET_LPC1768/TOOLCHAIN_GCC_ARM/libmbed.a(FileLike.o)
                0x00001a2c                mbed::FileLike::~FileLike()
                0x00001a2c                mbed::FileLike::~FileLike()
 .text._ZThn4_N4mbed8FileLikeD1Ev
                0x00001a50        0x8 ./mbed/TARGET_LPC1768/TOOLCHAIN_GCC_ARM/libmbed.a(FileLike.o)
                0x00001a50                non-virtual thunk to mbed::FileLike::~FileLike()
 .text._ZN4mbed8FileLikeD0Ev
                0x00001a58       0x2c ./mbed/TARGET_LPC1768/TOOLCHAIN_GCC_ARM/libmbed.a(FileLike.o)
                0x00001a58                mbed::FileLike::~FileLike()
 .text._ZThn4_N4mbed8FileLikeD0Ev
                0x00001a84        0x8 ./mbed/TARGET_LPC1768/TOOLCHAIN_GCC_ARM/libmbed.a(FileLike.o)
                0x00001a84                non-virtual thunk to mbed::FileLike::~FileLike()
 .text._ZN4mbed8FileLikeC2EPKc
                0x00001a8c       0x28 ./mbed/TARGET_LPC1768/TOOLCHAIN_GCC_ARM/libmbed.a(FileLike.o)
                0x00001a8c                mbed::FileLike::FileLike(char const*)
                0x00001a8c                mbed::FileLike::FileLike(char const*)
 .text._ZN4mbed8FileBaseD2Ev
                0x00001ab4       0x30 ./mbed/TARGET_LPC1768/TOOLCHAIN_GCC_ARM/libmbed.a(FileBase.o)
                0x00001ab4                mbed::FileBase::~FileBase()
                0x00001ab4                mbed::FileBase::~FileBase()
 .text._ZN4mbed8FileBaseD0Ev
                0x00001ae4       0x3c ./mbed/TARGET_LPC1768/TOOLCHAIN_GCC_ARM/libmbed.a(FileBase.o)
                0x00001ae4                mbed::FileBase::~FileBase()
 .text._ZN4mbed8FileBaseC2EPKcNS_8PathTypeE
                0x00001b20       0x28 ./mbed/TARGET_LPC1768/TOOLCHAIN_GCC_ARM/libmbed.a(FileBase.o)
                0x00001b20                mbed::FileBase::FileBase(char const*, mbed::PathType)
                0x00001b20                mbed::FileBase::FileBase(char const*, mbed::PathType)
 .text._ZN4mbed8FileBase6lookupEPKcj
                0x00001b48       0x3c ./mbed/TARGET_LPC1768/TOOLCHAIN_GCC_ARM/libmbed.a(FileBase.o)
                0x00001b48                mbed::FileBase::lookup(char const*, unsigned int)
 .text._ZN4mbed8FileBase11getPathTypeEv
                0x00001b84        0x4 ./mbed/TARGET_LPC1768/TOOLCHAIN_GCC_ARM/libmbed.a(FileBase.o)
                0x00001b84                mbed::FileBase::getPathType()
 .text._ZN4mbed15FunctionPointerC2EPFvvE
                0x00001b88        0xc ./mbed/TARGET_LPC1768/TOOLCHAIN_GCC_ARM/libmbed.a(FunctionPointer.o)
                0x00001b88                mbed::FunctionPointer::FunctionPointer(void (*)())
                0x00001b88                mbed::FunctionPointer::FunctionPointer(void (*)())
 .text._ZN4mbed15FunctionPointer4callEv
                0x00001b94       0x18 ./mbed/TARGET_LPC1768/TOOLCHAIN_GCC_ARM/libmbed.a(FunctionPointer.o)
                0x00001b94                mbed::FunctionPointer::call()
 .text.us_ticker_irq_handler
                0x00001bac       0x48 ./mbed/TARGET_LPC1768/TOOLCHAIN_GCC_ARM/libmbed.a(us_ticker_api.o)
                0x00001bac                us_ticker_irq_handler
 .text._Znwj    0x00001bf4       0x22 /home/ddilbeck/gcc-arm-none-eabi-4_9-2015q1/bin/../lib/gcc/arm-none-eabi/4.9.3/../../../../arm-none-eabi/lib/armv7-m/libstdc++_nano.a(new_op.o)
                0x00001bf4                operator new(unsigned int)
 .text._ZdlPv   0x00001c16        0x4 /home/ddilbeck/gcc-arm-none-eabi-4_9-2015q1/bin/../lib/gcc/arm-none-eabi/4.9.3/../../../../arm-none-eabi/lib/armv7-m/libstdc++_nano.a(del_op.o)
                0x00001c16                operator delete(void*)
 *fill*         0x00001c1a        0x2 
 .text._ZSt15get_new_handlerv
                0x00001c1c       0x10 /home/ddilbeck/gcc-arm-none-eabi-4_9-2015q1/bin/../lib/gcc/arm-none-eabi/4.9.3/../../../../arm-none-eabi/lib/armv7-m/libstdc++_nano.a(new_handler.o)
                0x00001c1c                std::get_new_handler()
 .text.__aeabi_atexit
                0x00001c2c        0xa /home/ddilbeck/gcc-arm-none-eabi-4_9-2015q1/bin/../lib/gcc/arm-none-eabi/4.9.3/../../../../arm-none-eabi/lib/armv7-m/libstdc++_nano.a(atexit_arm.o)
                0x00001c2c                __aeabi_atexit
 .text.abort    0x00001c36        0xe /home/ddilbeck/gcc-arm-none-eabi-4_9-2015q1/bin/../lib/gcc/arm-none-eabi/4.9.3/../../../../arm-none-eabi/lib/armv7-m/libc_nano.a(lib_a-abort.o)
                0x00001c36                abort
 .text.abs      0x00001c44        0x8 /home/ddilbeck/gcc-arm-none-eabi-4_9-2015q1/bin/../lib/gcc/arm-none-eabi/4.9.3/../../../../arm-none-eabi/lib/armv7-m/libc_nano.a(lib_a-abs.o)
                0x00001c44                abs
 .text.__cxa_atexit
                0x00001c4c       0x1c /home/ddilbeck/gcc-arm-none-eabi-4_9-2015q1/bin/../lib/gcc/arm-none-eabi/4.9.3/../../../../arm-none-eabi/lib/armv7-m/libc_nano.a(lib_a-cxa_atexit.o)
                0x00001c4c                __cxa_atexit
 .text.__errno  0x00001c68        0xc /home/ddilbeck/gcc-arm-none-eabi-4_9-2015q1/bin/../lib/gcc/arm-none-eabi/4.9.3/../../../../arm-none-eabi/lib/armv7-m/libc_nano.a(lib_a-errno.o)
                0x00001c68                __errno
 .text.exit     0x00001c74       0x28 /home/ddilbeck/gcc-arm-none-eabi-4_9-2015q1/bin/../lib/gcc/arm-none-eabi/4.9.3/../../../../arm-none-eabi/lib/armv7-m/libc_nano.a(lib_a-exit.o)
                0x00001c74                exit
 .text._fclose_r
                0x00001c9c       0xa4 /home/ddilbeck/gcc-arm-none-eabi-4_9-2015q1/bin/../lib/gcc/arm-none-eabi/4.9.3/../../../../arm-none-eabi/lib/armv7-m/libc_nano.a(lib_a-fclose.o)
                0x00001c9c                _fclose_r
 .text.fclose   0x00001d40       0x10 /home/ddilbeck/gcc-arm-none-eabi-4_9-2015q1/bin/../lib/gcc/arm-none-eabi/4.9.3/../../../../arm-none-eabi/lib/armv7-m/libc_nano.a(lib_a-fclose.o)
                0x00001d40                fclose
 .text.__sflush_r
                0x00001d50      0x106 /home/ddilbeck/gcc-arm-none-eabi-4_9-2015q1/bin/../lib/gcc/arm-none-eabi/4.9.3/../../../../arm-none-eabi/lib/armv7-m/libc_nano.a(lib_a-fflush.o)
                0x00001d50                __sflush_r
 *fill*         0x00001e56        0x2 
 .text._fflush_r
                0x00001e58       0x54 /home/ddilbeck/gcc-arm-none-eabi-4_9-2015q1/bin/../lib/gcc/arm-none-eabi/4.9.3/../../../../arm-none-eabi/lib/armv7-m/libc_nano.a(lib_a-fflush.o)
                0x00001e58                _fflush_r
 .text.fflush   0x00001eac       0x24 /home/ddilbeck/gcc-arm-none-eabi-4_9-2015q1/bin/../lib/gcc/arm-none-eabi/4.9.3/../../../../arm-none-eabi/lib/armv7-m/libc_nano.a(lib_a-fflush.o)
                0x00001eac                fflush
 .text._fgetc_r
                0x00001ed0       0x58 /home/ddilbeck/gcc-arm-none-eabi-4_9-2015q1/bin/../lib/gcc/arm-none-eabi/4.9.3/../../../../arm-none-eabi/lib/armv7-m/libc_nano.a(lib_a-fgetc.o)
                0x00001ed0                _fgetc_r
 .text.fgetc    0x00001f28       0x10 /home/ddilbeck/gcc-arm-none-eabi-4_9-2015q1/bin/../lib/gcc/arm-none-eabi/4.9.3/../../../../arm-none-eabi/lib/armv7-m/libc_nano.a(lib_a-fgetc.o)
                0x00001f28                fgetc
 .text._cleanup_r
                0x00001f38        0xc /home/ddilbeck/gcc-arm-none-eabi-4_9-2015q1/bin/../lib/gcc/arm-none-eabi/4.9.3/../../../../arm-none-eabi/lib/armv7-m/libc_nano.a(lib_a-findfp.o)
                0x00001f38                _cleanup_r
 .text.std.isra.0
                0x00001f44       0x48 /home/ddilbeck/gcc-arm-none-eabi-4_9-2015q1/bin/../lib/gcc/arm-none-eabi/4.9.3/../../../../arm-none-eabi/lib/armv7-m/libc_nano.a(lib_a-findfp.o)
 .text.__sfmoreglue
                0x00001f8c       0x2c /home/ddilbeck/gcc-arm-none-eabi-4_9-2015q1/bin/../lib/gcc/arm-none-eabi/4.9.3/../../../../arm-none-eabi/lib/armv7-m/libc_nano.a(lib_a-findfp.o)
                0x00001f8c                __sfmoreglue
 .text.__sinit  0x00001fb8       0x60 /home/ddilbeck/gcc-arm-none-eabi-4_9-2015q1/bin/../lib/gcc/arm-none-eabi/4.9.3/../../../../arm-none-eabi/lib/armv7-m/libc_nano.a(lib_a-findfp.o)
                0x00001fb8                __sinit
 .text.__sfp    0x00002018       0x74 /home/ddilbeck/gcc-arm-none-eabi-4_9-2015q1/bin/../lib/gcc/arm-none-eabi/4.9.3/../../../../arm-none-eabi/lib/armv7-m/libc_nano.a(lib_a-findfp.o)
                0x00002018                __sfp
 .text.__sfp_lock_acquire
                0x0000208c        0x2 /home/ddilbeck/gcc-arm-none-eabi-4_9-2015q1/bin/../lib/gcc/arm-none-eabi/4.9.3/../../../../arm-none-eabi/lib/armv7-m/libc_nano.a(lib_a-findfp.o)
                0x0000208c                __sfp_lock_acquire
 .text.__sfp_lock_release
                0x0000208e        0x2 /home/ddilbeck/gcc-arm-none-eabi-4_9-2015q1/bin/../lib/gcc/arm-none-eabi/4.9.3/../../../../arm-none-eabi/lib/armv7-m/libc_nano.a(lib_a-findfp.o)
                0x0000208e                __sfp_lock_release
 .text._fopen_r
                0x00002090       0x80 /home/ddilbeck/gcc-arm-none-eabi-4_9-2015q1/bin/../lib/gcc/arm-none-eabi/4.9.3/../../../../arm-none-eabi/lib/armv7-m/libc_nano.a(lib_a-fopen.o)
                0x00002090                _fopen_r
 .text.fopen    0x00002110       0x14 /home/ddilbeck/gcc-arm-none-eabi-4_9-2015q1/bin/../lib/gcc/arm-none-eabi/4.9.3/../../../../arm-none-eabi/lib/armv7-m/libc_nano.a(lib_a-fopen.o)
                0x00002110                fopen
 .text.fprintf  0x00002124       0x24 /home/ddilbeck/gcc-arm-none-eabi-4_9-2015q1/bin/../lib/gcc/arm-none-eabi/4.9.3/../../../../arm-none-eabi/lib/armv7-m/libc_nano.a(lib_a-fprintf.o)
                0x00002124                fprintf
                0x00002124                fiprintf
 .text._fputc_r
                0x00002148       0x48 /home/ddilbeck/gcc-arm-none-eabi-4_9-2015q1/bin/../lib/gcc/arm-none-eabi/4.9.3/../../../../arm-none-eabi/lib/armv7-m/libc_nano.a(lib_a-fputc.o)
                0x00002148                _fputc_r
 .text.fputc    0x00002190       0x14 /home/ddilbeck/gcc-arm-none-eabi-4_9-2015q1/bin/../lib/gcc/arm-none-eabi/4.9.3/../../../../arm-none-eabi/lib/armv7-m/libc_nano.a(lib_a-fputc.o)
                0x00002190                fputc
 .text._fseek_r
                0x000021a4        0x4 /home/ddilbeck/gcc-arm-none-eabi-4_9-2015q1/bin/../lib/gcc/arm-none-eabi/4.9.3/../../../../arm-none-eabi/lib/armv7-m/libc_nano.a(lib_a-fseek.o)
                0x000021a4                _fseek_r
 .text._fseeko_r
                0x000021a8      0x118 /home/ddilbeck/gcc-arm-none-eabi-4_9-2015q1/bin/../lib/gcc/arm-none-eabi/4.9.3/../../../../arm-none-eabi/lib/armv7-m/libc_nano.a(lib_a-fseeko.o)
                0x000021a8                _fseeko_r
 .text._fwalk   0x000022c0       0x38 /home/ddilbeck/gcc-arm-none-eabi-4_9-2015q1/bin/../lib/gcc/arm-none-eabi/4.9.3/../../../../arm-none-eabi/lib/armv7-m/libc_nano.a(lib_a-fwalk.o)
                0x000022c0                _fwalk
 .text._fwalk_reent
                0x000022f8       0x3c /home/ddilbeck/gcc-arm-none-eabi-4_9-2015q1/bin/../lib/gcc/arm-none-eabi/4.9.3/../../../../arm-none-eabi/lib/armv7-m/libc_nano.a(lib_a-fwalk.o)
                0x000022f8                _fwalk_reent
 .text.__libc_init_array
                0x00002334       0x4c /home/ddilbeck/gcc-arm-none-eabi-4_9-2015q1/bin/../lib/gcc/arm-none-eabi/4.9.3/../../../../arm-none-eabi/lib/armv7-m/libc_nano.a(lib_a-init.o)
                0x00002334                __libc_init_array
 .text.__smakebuf_r
                0x00002380       0x98 /home/ddilbeck/gcc-arm-none-eabi-4_9-2015q1/bin/../lib/gcc/arm-none-eabi/4.9.3/../../../../arm-none-eabi/lib/armv7-m/libc_nano.a(lib_a-makebuf.o)
                0x00002380                __smakebuf_r
 .text.malloc   0x00002418       0x10 /home/ddilbeck/gcc-arm-none-eabi-4_9-2015q1/bin/../lib/gcc/arm-none-eabi/4.9.3/../../../../arm-none-eabi/lib/armv7-m/libc_nano.a(lib_a-malloc.o)
                0x00002418                malloc
 .text.free     0x00002428       0x10 /home/ddilbeck/gcc-arm-none-eabi-4_9-2015q1/bin/../lib/gcc/arm-none-eabi/4.9.3/../../../../arm-none-eabi/lib/armv7-m/libc_nano.a(lib_a-malloc.o)
                0x00002428                free
 .text.memchr   0x00002438       0x1c /home/ddilbeck/gcc-arm-none-eabi-4_9-2015q1/bin/../lib/gcc/arm-none-eabi/4.9.3/../../../../arm-none-eabi/lib/armv7-m/libc_nano.a(lib_a-memchr.o)
                0x00002438                memchr
 .text.memcpy   0x00002454       0x16 /home/ddilbeck/gcc-arm-none-eabi-4_9-2015q1/bin/../lib/gcc/arm-none-eabi/4.9.3/../../../../arm-none-eabi/lib/armv7-m/libc_nano.a(lib_a-memcpy.o)
                0x00002454                memcpy
 .text.memset   0x0000246a       0x10 /home/ddilbeck/gcc-arm-none-eabi-4_9-2015q1/bin/../lib/gcc/arm-none-eabi/4.9.3/../../../../arm-none-eabi/lib/armv7-m/libc_nano.a(lib_a-memset.o)
                0x0000246a                memset
 *fill*         0x0000247a        0x2 
 .text._free_r  0x0000247c       0x88 /home/ddilbeck/gcc-arm-none-eabi-4_9-2015q1/bin/../lib/gcc/arm-none-eabi/4.9.3/../../../../arm-none-eabi/lib/armv7-m/libc_nano.a(lib_a-nano-freer.o)
                0x0000247c                _free_r
 .text._malloc_r
                0x00002504       0xac /home/ddilbeck/gcc-arm-none-eabi-4_9-2015q1/bin/../lib/gcc/arm-none-eabi/4.9.3/../../../../arm-none-eabi/lib/armv7-m/libc_nano.a(lib_a-nano-mallocr.o)
                0x00002504                _malloc_r
 .text.__sfputc_r
                0x000025b0       0x2c /home/ddilbeck/gcc-arm-none-eabi-4_9-2015q1/bin/../lib/gcc/arm-none-eabi/4.9.3/../../../../arm-none-eabi/lib/armv7-m/libc_nano.a(lib_a-nano-vfprintf.o)
 .text.__sfputs_r
                0x000025dc       0x24 /home/ddilbeck/gcc-arm-none-eabi-4_9-2015q1/bin/../lib/gcc/arm-none-eabi/4.9.3/../../../../arm-none-eabi/lib/armv7-m/libc_nano.a(lib_a-nano-vfprintf.o)
                0x000025dc                __sfputs_r
 .text._vfprintf_r
                0x00002600      0x210 /home/ddilbeck/gcc-arm-none-eabi-4_9-2015q1/bin/../lib/gcc/arm-none-eabi/4.9.3/../../../../arm-none-eabi/lib/armv7-m/libc_nano.a(lib_a-nano-vfprintf.o)
                0x00002600                _vfiprintf_r
                0x00002600                _vfprintf_r
 .text.vfprintf
                0x00002810       0x1c /home/ddilbeck/gcc-arm-none-eabi-4_9-2015q1/bin/../lib/gcc/arm-none-eabi/4.9.3/../../../../arm-none-eabi/lib/armv7-m/libc_nano.a(lib_a-nano-vfprintf.o)
                0x00002810                vfiprintf
                0x00002810                vfprintf
 .text.__cvt    0x0000282c       0xbc /home/ddilbeck/gcc-arm-none-eabi-4_9-2015q1/bin/../lib/gcc/arm-none-eabi/4.9.3/../../../../arm-none-eabi/lib/armv7-m/libc_nano.a(lib_a-nano-vfprintf_float.o)
                0x0000282c                __cvt
 .text.__exponent
                0x000028e8       0x62 /home/ddilbeck/gcc-arm-none-eabi-4_9-2015q1/bin/../lib/gcc/arm-none-eabi/4.9.3/../../../../arm-none-eabi/lib/armv7-m/libc_nano.a(lib_a-nano-vfprintf_float.o)
                0x000028e8                __exponent
 *fill*         0x0000294a        0x2 
 .text._printf_float
                0x0000294c      0x48c /home/ddilbeck/gcc-arm-none-eabi-4_9-2015q1/bin/../lib/gcc/arm-none-eabi/4.9.3/../../../../arm-none-eabi/lib/armv7-m/libc_nano.a(lib_a-nano-vfprintf_float.o)
                0x0000294c                _printf_float
 .text._printf_common
                0x00002dd8       0xea /home/ddilbeck/gcc-arm-none-eabi-4_9-2015q1/bin/../lib/gcc/arm-none-eabi/4.9.3/../../../../arm-none-eabi/lib/armv7-m/libc_nano.a(lib_a-nano-vfprintf_i.o)
                0x00002dd8                _printf_common
 *fill*         0x00002ec2        0x2 
 .text._printf_i
                0x00002ec4      0x240 /home/ddilbeck/gcc-arm-none-eabi-4_9-2015q1/bin/../lib/gcc/arm-none-eabi/4.9.3/../../../../arm-none-eabi/lib/armv7-m/libc_nano.a(lib_a-nano-vfprintf_i.o)
                0x00002ec4                _printf_i
 .text._scanf_float
                0x00003104      0x3cc /home/ddilbeck/gcc-arm-none-eabi-4_9-2015q1/bin/../lib/gcc/arm-none-eabi/4.9.3/../../../../arm-none-eabi/lib/armv7-m/libc_nano.a(lib_a-nano-vfscanf_float.o)
                0x00003104                _scanf_float
 .text._scanf_chars
                0x000034d0       0xbc /home/ddilbeck/gcc-arm-none-eabi-4_9-2015q1/bin/../lib/gcc/arm-none-eabi/4.9.3/../../../../arm-none-eabi/lib/armv7-m/libc_nano.a(lib_a-nano-vfscanf_i.o)
                0x000034d0                _scanf_chars
 .text._scanf_i
                0x0000358c      0x1e4 /home/ddilbeck/gcc-arm-none-eabi-4_9-2015q1/bin/../lib/gcc/arm-none-eabi/4.9.3/../../../../arm-none-eabi/lib/armv7-m/libc_nano.a(lib_a-nano-vfscanf_i.o)
                0x0000358c                _scanf_i
 .text._open_r  0x00003770       0x24 /home/ddilbeck/gcc-arm-none-eabi-4_9-2015q1/bin/../lib/gcc/arm-none-eabi/4.9.3/../../../../arm-none-eabi/lib/armv7-m/libc_nano.a(lib_a-openr.o)
                0x00003770                _open_r
 .text._putc_r  0x00003794       0x78 /home/ddilbeck/gcc-arm-none-eabi-4_9-2015q1/bin/../lib/gcc/arm-none-eabi/4.9.3/../../../../arm-none-eabi/lib/armv7-m/libc_nano.a(lib_a-putc.o)
                0x00003794                _putc_r
 .text.lflush   0x0000380c       0x12 /home/ddilbeck/gcc-arm-none-eabi-4_9-2015q1/bin/../lib/gcc/arm-none-eabi/4.9.3/../../../../arm-none-eabi/lib/armv7-m/libc_nano.a(lib_a-refill.o)
 *fill*         0x0000381e        0x2 
 .text.__srefill_r
                0x00003820      0x10c /home/ddilbeck/gcc-arm-none-eabi-4_9-2015q1/bin/../lib/gcc/arm-none-eabi/4.9.3/../../../../arm-none-eabi/lib/armv7-m/libc_nano.a(lib_a-refill.o)
                0x00003820                __srefill_r
 .text.__srget_r
                0x0000392c       0x58 /home/ddilbeck/gcc-arm-none-eabi-4_9-2015q1/bin/../lib/gcc/arm-none-eabi/4.9.3/../../../../arm-none-eabi/lib/armv7-m/libc_nano.a(lib_a-rget.o)
                0x0000392c                __srget_r
 .text.__fpclassifyd
                0x00003984       0x50 /home/ddilbeck/gcc-arm-none-eabi-4_9-2015q1/bin/../lib/gcc/arm-none-eabi/4.9.3/../../../../arm-none-eabi/lib/armv7-m/libc_nano.a(lib_a-s_fpclassify.o)
                0x00003984                __fpclassifyd
 .text._sbrk_r  0x000039d4       0x20 /home/ddilbeck/gcc-arm-none-eabi-4_9-2015q1/bin/../lib/gcc/arm-none-eabi/4.9.3/../../../../arm-none-eabi/lib/armv7-m/libc_nano.a(lib_a-sbrkr.o)
                0x000039d4                _sbrk_r
 .text.__sccl   0x000039f4       0x62 /home/ddilbeck/gcc-arm-none-eabi-4_9-2015q1/bin/../lib/gcc/arm-none-eabi/4.9.3/../../../../arm-none-eabi/lib/armv7-m/libc_nano.a(lib_a-sccl.o)
                0x000039f4                __sccl
 .text.setbuf   0x00003a56       0x10 /home/ddilbeck/gcc-arm-none-eabi-4_9-2015q1/bin/../lib/gcc/arm-none-eabi/4.9.3/../../../../arm-none-eabi/lib/armv7-m/libc_nano.a(lib_a-setbuf.o)
                0x00003a56                setbuf
 *fill*         0x00003a66        0x2 
 .text.setvbuf  0x00003a68      0x110 /home/ddilbeck/gcc-arm-none-eabi-4_9-2015q1/bin/../lib/gcc/arm-none-eabi/4.9.3/../../../../arm-none-eabi/lib/armv7-m/libc_nano.a(lib_a-setvbuf.o)
                0x00003a68                setvbuf
 .text.nanf     0x00003b78        0x8 /home/ddilbeck/gcc-arm-none-eabi-4_9-2015q1/bin/../lib/gcc/arm-none-eabi/4.9.3/../../../../arm-none-eabi/lib/armv7-m/libc_nano.a(lib_a-sf_nan.o)
                0x00003b78                nanf
 .text._raise_r
                0x00003b80       0x50 /home/ddilbeck/gcc-arm-none-eabi-4_9-2015q1/bin/../lib/gcc/arm-none-eabi/4.9.3/../../../../arm-none-eabi/lib/armv7-m/libc_nano.a(lib_a-signal.o)
                0x00003b80                _raise_r
 .text.raise    0x00003bd0       0x10 /home/ddilbeck/gcc-arm-none-eabi-4_9-2015q1/bin/../lib/gcc/arm-none-eabi/4.9.3/../../../../arm-none-eabi/lib/armv7-m/libc_nano.a(lib_a-signal.o)
                0x00003bd0                raise
 .text._kill_r  0x00003be0       0x24 /home/ddilbeck/gcc-arm-none-eabi-4_9-2015q1/bin/../lib/gcc/arm-none-eabi/4.9.3/../../../../arm-none-eabi/lib/armv7-m/libc_nano.a(lib_a-signalr.o)
                0x00003be0                _kill_r
 .text._getpid_r
                0x00003c04        0x4 /home/ddilbeck/gcc-arm-none-eabi-4_9-2015q1/bin/../lib/gcc/arm-none-eabi/4.9.3/../../../../arm-none-eabi/lib/armv7-m/libc_nano.a(lib_a-signalr.o)
                0x00003c04                _getpid_r
 .text.sprintf  0x00003c08       0x48 /home/ddilbeck/gcc-arm-none-eabi-4_9-2015q1/bin/../lib/gcc/arm-none-eabi/4.9.3/../../../../arm-none-eabi/lib/armv7-m/libc_nano.a(lib_a-sprintf.o)
                0x00003c08                sprintf
                0x00003c08                siprintf
 .text.sscanf   0x00003c50       0x54 /home/ddilbeck/gcc-arm-none-eabi-4_9-2015q1/bin/../lib/gcc/arm-none-eabi/4.9.3/../../../../arm-none-eabi/lib/armv7-m/libc_nano.a(lib_a-sscanf.o)
                0x00003c50                sscanf
                0x00003c50                siscanf
 .text.__sread  0x00003ca4       0x22 /home/ddilbeck/gcc-arm-none-eabi-4_9-2015q1/bin/../lib/gcc/arm-none-eabi/4.9.3/../../../../arm-none-eabi/lib/armv7-m/libc_nano.a(lib_a-stdio.o)
                0x00003ca4                __sread
 .text.__seofread
                0x00003cc6        0x4 /home/ddilbeck/gcc-arm-none-eabi-4_9-2015q1/bin/../lib/gcc/arm-none-eabi/4.9.3/../../../../arm-none-eabi/lib/armv7-m/libc_nano.a(lib_a-stdio.o)
                0x00003cc6                __seofread
 .text.__swrite
                0x00003cca       0x38 /home/ddilbeck/gcc-arm-none-eabi-4_9-2015q1/bin/../lib/gcc/arm-none-eabi/4.9.3/../../../../arm-none-eabi/lib/armv7-m/libc_nano.a(lib_a-stdio.o)
                0x00003cca                __swrite
 .text.__sseek  0x00003d02       0x24 /home/ddilbeck/gcc-arm-none-eabi-4_9-2015q1/bin/../lib/gcc/arm-none-eabi/4.9.3/../../../../arm-none-eabi/lib/armv7-m/libc_nano.a(lib_a-stdio.o)
                0x00003d02                __sseek
 .text.__sclose
                0x00003d26        0x8 /home/ddilbeck/gcc-arm-none-eabi-4_9-2015q1/bin/../lib/gcc/arm-none-eabi/4.9.3/../../../../arm-none-eabi/lib/armv7-m/libc_nano.a(lib_a-stdio.o)
                0x00003d26                __sclose
 .text          0x00003d2e       0x14 /home/ddilbeck/gcc-arm-none-eabi-4_9-2015q1/bin/../lib/gcc/arm-none-eabi/4.9.3/../../../../arm-none-eabi/lib/armv7-m/libc_nano.a(lib_a-strcmp.o)
                0x00003d2e                strcmp
 .text.strlen   0x00003d42       0x10 /home/ddilbeck/gcc-arm-none-eabi-4_9-2015q1/bin/../lib/gcc/arm-none-eabi/4.9.3/../../../../arm-none-eabi/lib/armv7-m/libc_nano.a(lib_a-strlen.o)
                0x00003d42                strlen
 .text.strncmp  0x00003d52       0x32 /home/ddilbeck/gcc-arm-none-eabi-4_9-2015q1/bin/../lib/gcc/arm-none-eabi/4.9.3/../../../../arm-none-eabi/lib/armv7-m/libc_nano.a(lib_a-strncmp.o)
                0x00003d52                strncmp
 .text.match    0x00003d84       0x26 /home/ddilbeck/gcc-arm-none-eabi-4_9-2015q1/bin/../lib/gcc/arm-none-eabi/4.9.3/../../../../arm-none-eabi/lib/armv7-m/libc_nano.a(lib_a-strtod.o)
 .text.sulp     0x00003daa       0x42 /home/ddilbeck/gcc-arm-none-eabi-4_9-2015q1/bin/../lib/gcc/arm-none-eabi/4.9.3/../../../../arm-none-eabi/lib/armv7-m/libc_nano.a(lib_a-strtod.o)
 *fill*         0x00003dec        0x4 
 .text._strtod_r
                0x00003df0      0xc40 /home/ddilbeck/gcc-arm-none-eabi-4_9-2015q1/bin/../lib/gcc/arm-none-eabi/4.9.3/../../../../arm-none-eabi/lib/armv7-m/libc_nano.a(lib_a-strtod.o)
                0x00003df0                _strtod_r
 .text._strtol_r
                0x00004a30      0x10c /home/ddilbeck/gcc-arm-none-eabi-4_9-2015q1/bin/../lib/gcc/arm-none-eabi/4.9.3/../../../../arm-none-eabi/lib/armv7-m/libc_nano.a(lib_a-strtol.o)
                0x00004a30                _strtol_r
 .text._strtoul_r
                0x00004b3c       0xf8 /home/ddilbeck/gcc-arm-none-eabi-4_9-2015q1/bin/../lib/gcc/arm-none-eabi/4.9.3/../../../../arm-none-eabi/lib/armv7-m/libc_nano.a(lib_a-strtoul.o)
                0x00004b3c                _strtoul_r
 .text.__submore
                0x00004c34       0x72 /home/ddilbeck/gcc-arm-none-eabi-4_9-2015q1/bin/../lib/gcc/arm-none-eabi/4.9.3/../../../../arm-none-eabi/lib/armv7-m/libc_nano.a(lib_a-ungetc.o)
                0x00004c34                __submore
 *fill*         0x00004ca6        0x2 
 .text.__swbuf_r
                0x00004ca8       0xa8 /home/ddilbeck/gcc-arm-none-eabi-4_9-2015q1/bin/../lib/gcc/arm-none-eabi/4.9.3/../../../../arm-none-eabi/lib/armv7-m/libc_nano.a(lib_a-wbuf.o)
                0x00004ca8                __swbuf_r
 .text._write_r
                0x00004d50       0x24 /home/ddilbeck/gcc-arm-none-eabi-4_9-2015q1/bin/../lib/gcc/arm-none-eabi/4.9.3/../../../../arm-none-eabi/lib/armv7-m/libc_nano.a(lib_a-writer.o)
                0x00004d50                _write_r
 .text.__swsetup_r
                0x00004d74       0xd8 /home/ddilbeck/gcc-arm-none-eabi-4_9-2015q1/bin/../lib/gcc/arm-none-eabi/4.9.3/../../../../arm-none-eabi/lib/armv7-m/libc_nano.a(lib_a-wsetup.o)
                0x00004d74                __swsetup_r
 .text._close_r
                0x00004e4c       0x20 /home/ddilbeck/gcc-arm-none-eabi-4_9-2015q1/bin/../lib/gcc/arm-none-eabi/4.9.3/../../../../arm-none-eabi/lib/armv7-m/libc_nano.a(lib_a-closer.o)
                0x00004e4c                _close_r
 .text.quorem   0x00004e6c      0x114 /home/ddilbeck/gcc-arm-none-eabi-4_9-2015q1/bin/../lib/gcc/arm-none-eabi/4.9.3/../../../../arm-none-eabi/lib/armv7-m/libc_nano.a(lib_a-dtoa.o)
 .text._dtoa_r  0x00004f80      0xb78 /home/ddilbeck/gcc-arm-none-eabi-4_9-2015q1/bin/../lib/gcc/arm-none-eabi/4.9.3/../../../../arm-none-eabi/lib/armv7-m/libc_nano.a(lib_a-dtoa.o)
                0x00004f80                _dtoa_r
 .text.__sflags
                0x00005af8       0x6e /home/ddilbeck/gcc-arm-none-eabi-4_9-2015q1/bin/../lib/gcc/arm-none-eabi/4.9.3/../../../../arm-none-eabi/lib/armv7-m/libc_nano.a(lib_a-flags.o)
                0x00005af8                __sflags
 *fill*         0x00005b66        0x2 
 .text._fstat_r
                0x00005b68       0x24 /home/ddilbeck/gcc-arm-none-eabi-4_9-2015q1/bin/../lib/gcc/arm-none-eabi/4.9.3/../../../../arm-none-eabi/lib/armv7-m/libc_nano.a(lib_a-fstatr.o)
                0x00005b68                _fstat_r
 .text.rshift   0x00005b8c       0x6c /home/ddilbeck/gcc-arm-none-eabi-4_9-2015q1/bin/../lib/gcc/arm-none-eabi/4.9.3/../../../../arm-none-eabi/lib/armv7-m/libc_nano.a(lib_a-gdtoa-gethex.o)
 .text.__hexdig_fun
                0x00005bf8       0x2a /home/ddilbeck/gcc-arm-none-eabi-4_9-2015q1/bin/../lib/gcc/arm-none-eabi/4.9.3/../../../../arm-none-eabi/lib/armv7-m/libc_nano.a(lib_a-gdtoa-gethex.o)
                0x00005bf8                __hexdig_fun
 .text.__gethex
                0x00005c22      0x44a /home/ddilbeck/gcc-arm-none-eabi-4_9-2015q1/bin/../lib/gcc/arm-none-eabi/4.9.3/../../../../arm-none-eabi/lib/armv7-m/libc_nano.a(lib_a-gdtoa-gethex.o)
                0x00005c22                __gethex
 .text.L_shift  0x0000606c       0x24 /home/ddilbeck/gcc-arm-none-eabi-4_9-2015q1/bin/../lib/gcc/arm-none-eabi/4.9.3/../../../../arm-none-eabi/lib/armv7-m/libc_nano.a(lib_a-gdtoa-hexnan.o)
 .text.__hexnan
                0x00006090      0x114 /home/ddilbeck/gcc-arm-none-eabi-4_9-2015q1/bin/../lib/gcc/arm-none-eabi/4.9.3/../../../../arm-none-eabi/lib/armv7-m/libc_nano.a(lib_a-gdtoa-hexnan.o)
                0x00006090                __hexnan
 .text._isatty_r
                0x000061a4       0x20 /home/ddilbeck/gcc-arm-none-eabi-4_9-2015q1/bin/../lib/gcc/arm-none-eabi/4.9.3/../../../../arm-none-eabi/lib/armv7-m/libc_nano.a(lib_a-isattyr.o)
                0x000061a4                _isatty_r
 .text._localeconv_r
                0x000061c4        0x8 /home/ddilbeck/gcc-arm-none-eabi-4_9-2015q1/bin/../lib/gcc/arm-none-eabi/4.9.3/../../../../arm-none-eabi/lib/armv7-m/libc_nano.a(lib_a-locale.o)
                0x000061c4                _localeconv_r
 .text._lseek_r
                0x000061cc       0x24 /home/ddilbeck/gcc-arm-none-eabi-4_9-2015q1/bin/../lib/gcc/arm-none-eabi/4.9.3/../../../../arm-none-eabi/lib/armv7-m/libc_nano.a(lib_a-lseekr.o)
                0x000061cc                _lseek_r
 .text.memmove  0x000061f0       0x36 /home/ddilbeck/gcc-arm-none-eabi-4_9-2015q1/bin/../lib/gcc/arm-none-eabi/4.9.3/../../../../arm-none-eabi/lib/armv7-m/libc_nano.a(lib_a-memmove.o)
                0x000061f0                memmove
 .text._Balloc  0x00006226       0x6a /home/ddilbeck/gcc-arm-none-eabi-4_9-2015q1/bin/../lib/gcc/arm-none-eabi/4.9.3/../../../../arm-none-eabi/lib/armv7-m/libc_nano.a(lib_a-mprec.o)
                0x00006226                _Balloc
 .text._Bfree   0x00006290       0x2e /home/ddilbeck/gcc-arm-none-eabi-4_9-2015q1/bin/../lib/gcc/arm-none-eabi/4.9.3/../../../../arm-none-eabi/lib/armv7-m/libc_nano.a(lib_a-mprec.o)
                0x00006290                _Bfree
 .text.__multadd
                0x000062be       0x7c /home/ddilbeck/gcc-arm-none-eabi-4_9-2015q1/bin/../lib/gcc/arm-none-eabi/4.9.3/../../../../arm-none-eabi/lib/armv7-m/libc_nano.a(lib_a-mprec.o)
                0x000062be                __multadd
 .text.__s2b    0x0000633a       0x80 /home/ddilbeck/gcc-arm-none-eabi-4_9-2015q1/bin/../lib/gcc/arm-none-eabi/4.9.3/../../../../arm-none-eabi/lib/armv7-m/libc_nano.a(lib_a-mprec.o)
                0x0000633a                __s2b
 .text.__hi0bits
                0x000063ba       0x40 /home/ddilbeck/gcc-arm-none-eabi-4_9-2015q1/bin/../lib/gcc/arm-none-eabi/4.9.3/../../../../arm-none-eabi/lib/armv7-m/libc_nano.a(lib_a-mprec.o)
                0x000063ba                __hi0bits
 .text.__lo0bits
                0x000063fa       0x5a /home/ddilbeck/gcc-arm-none-eabi-4_9-2015q1/bin/../lib/gcc/arm-none-eabi/4.9.3/../../../../arm-none-eabi/lib/armv7-m/libc_nano.a(lib_a-mprec.o)
                0x000063fa                __lo0bits
 .text.__i2b    0x00006454       0x12 /home/ddilbeck/gcc-arm-none-eabi-4_9-2015q1/bin/../lib/gcc/arm-none-eabi/4.9.3/../../../../arm-none-eabi/lib/armv7-m/libc_nano.a(lib_a-mprec.o)
                0x00006454                __i2b
 .text.__multiply
                0x00006466      0x120 /home/ddilbeck/gcc-arm-none-eabi-4_9-2015q1/bin/../lib/gcc/arm-none-eabi/4.9.3/../../../../arm-none-eabi/lib/armv7-m/libc_nano.a(lib_a-mprec.o)
                0x00006466                __multiply
 *fill*         0x00006586        0x2 
 .text.__pow5mult
                0x00006588       0x9c /home/ddilbeck/gcc-arm-none-eabi-4_9-2015q1/bin/../lib/gcc/arm-none-eabi/4.9.3/../../../../arm-none-eabi/lib/armv7-m/libc_nano.a(lib_a-mprec.o)
                0x00006588                __pow5mult
 .text.__lshift
                0x00006624       0xa6 /home/ddilbeck/gcc-arm-none-eabi-4_9-2015q1/bin/../lib/gcc/arm-none-eabi/4.9.3/../../../../arm-none-eabi/lib/armv7-m/libc_nano.a(lib_a-mprec.o)
                0x00006624                __lshift
 .text.__mcmp   0x000066ca       0x38 /home/ddilbeck/gcc-arm-none-eabi-4_9-2015q1/bin/../lib/gcc/arm-none-eabi/4.9.3/../../../../arm-none-eabi/lib/armv7-m/libc_nano.a(lib_a-mprec.o)
                0x000066ca                __mcmp
 .text.__mdiff  0x00006702       0xbe /home/ddilbeck/gcc-arm-none-eabi-4_9-2015q1/bin/../lib/gcc/arm-none-eabi/4.9.3/../../../../arm-none-eabi/lib/armv7-m/libc_nano.a(lib_a-mprec.o)
                0x00006702                __mdiff
 .text.__ulp    0x000067c0       0x48 /home/ddilbeck/gcc-arm-none-eabi-4_9-2015q1/bin/../lib/gcc/arm-none-eabi/4.9.3/../../../../arm-none-eabi/lib/armv7-m/libc_nano.a(lib_a-mprec.o)
                0x000067c0                __ulp
 .text.__b2d    0x00006808       0x9e /home/ddilbeck/gcc-arm-none-eabi-4_9-2015q1/bin/../lib/gcc/arm-none-eabi/4.9.3/../../../../arm-none-eabi/lib/armv7-m/libc_nano.a(lib_a-mprec.o)
                0x00006808                __b2d
 .text.__d2b    0x000068a6       0xa4 /home/ddilbeck/gcc-arm-none-eabi-4_9-2015q1/bin/../lib/gcc/arm-none-eabi/4.9.3/../../../../arm-none-eabi/lib/armv7-m/libc_nano.a(lib_a-mprec.o)
                0x000068a6                __d2b
 .text.__ratio  0x0000694a       0x50 /home/ddilbeck/gcc-arm-none-eabi-4_9-2015q1/bin/../lib/gcc/arm-none-eabi/4.9.3/../../../../arm-none-eabi/lib/armv7-m/libc_nano.a(lib_a-mprec.o)
                0x0000694a                __ratio
 .text.__copybits
                0x0000699a       0x34 /home/ddilbeck/gcc-arm-none-eabi-4_9-2015q1/bin/../lib/gcc/arm-none-eabi/4.9.3/../../../../arm-none-eabi/lib/armv7-m/libc_nano.a(lib_a-mprec.o)
                0x0000699a                __copybits
 .text.__any_on
                0x000069ce       0x44 /home/ddilbeck/gcc-arm-none-eabi-4_9-2015q1/bin/../lib/gcc/arm-none-eabi/4.9.3/../../../../arm-none-eabi/lib/armv7-m/libc_nano.a(lib_a-mprec.o)
                0x000069ce                __any_on
 .text._calloc_r
                0x00006a12       0x1c /home/ddilbeck/gcc-arm-none-eabi-4_9-2015q1/bin/../lib/gcc/arm-none-eabi/4.9.3/../../../../arm-none-eabi/lib/armv7-m/libc_nano.a(lib_a-nano-callocr.o)
                0x00006a12                _calloc_r
 .text._realloc_r
                0x00006a2e       0x4c /home/ddilbeck/gcc-arm-none-eabi-4_9-2015q1/bin/../lib/gcc/arm-none-eabi/4.9.3/../../../../arm-none-eabi/lib/armv7-m/libc_nano.a(lib_a-nano-reallocr.o)
                0x00006a2e                _realloc_r
 .text.__ssputs_r
                0x00006a7a       0xb2 /home/ddilbeck/gcc-arm-none-eabi-4_9-2015q1/bin/../lib/gcc/arm-none-eabi/4.9.3/../../../../arm-none-eabi/lib/armv7-m/libc_nano.a(lib_a-nano-svfprintf.o)
                0x00006a7a                __ssputs_r
 .text._svfprintf_r
                0x00006b2c      0x1e4 /home/ddilbeck/gcc-arm-none-eabi-4_9-2015q1/bin/../lib/gcc/arm-none-eabi/4.9.3/../../../../arm-none-eabi/lib/armv7-m/libc_nano.a(lib_a-nano-svfprintf.o)
                0x00006b2c                _svfprintf_r
                0x00006b2c                _svfiprintf_r
 .text._sungetc_r
                0x00006d10       0x7a /home/ddilbeck/gcc-arm-none-eabi-4_9-2015q1/bin/../lib/gcc/arm-none-eabi/4.9.3/../../../../arm-none-eabi/lib/armv7-m/libc_nano.a(lib_a-nano-svfscanf.o)
                0x00006d10                _sungetc_r
 .text.__ssrefill_r
                0x00006d8a       0x3a /home/ddilbeck/gcc-arm-none-eabi-4_9-2015q1/bin/../lib/gcc/arm-none-eabi/4.9.3/../../../../arm-none-eabi/lib/armv7-m/libc_nano.a(lib_a-nano-svfscanf.o)
                0x00006d8a                __ssrefill_r
 .text.__ssvfscanf_r
                0x00006dc4      0x29c /home/ddilbeck/gcc-arm-none-eabi-4_9-2015q1/bin/../lib/gcc/arm-none-eabi/4.9.3/../../../../arm-none-eabi/lib/armv7-m/libc_nano.a(lib_a-nano-svfscanf.o)
                0x00006dc4                __ssvfscanf_r
                0x00006dc4                __ssvfiscanf_r
 .text._read_r  0x00007060       0x24 /home/ddilbeck/gcc-arm-none-eabi-4_9-2015q1/bin/../lib/gcc/arm-none-eabi/4.9.3/../../../../arm-none-eabi/lib/armv7-m/libc_nano.a(lib_a-readr.o)
                0x00007060                _read_r
 .text._malloc_usable_size_r
                0x00007084       0x14 /home/ddilbeck/gcc-arm-none-eabi-4_9-2015q1/bin/../lib/gcc/arm-none-eabi/4.9.3/../../../../arm-none-eabi/lib/armv7-m/libc_nano.a(lib_a-nano-msizer.o)
                0x00007084                _malloc_usable_size_r
 .text          0x00007098      0x370 /home/ddilbeck/gcc-arm-none-eabi-4_9-2015q1/bin/../lib/gcc/arm-none-eabi/4.9.3/armv7-m/libgcc.a(_arm_addsubdf3.o)
                0x00007098                __aeabi_drsub
                0x000070a0                __aeabi_dsub
                0x000070a0                __subdf3
                0x000070a4                __adddf3
                0x000070a4                __aeabi_dadd
                0x0000731c                __aeabi_ui2d
                0x0000731c                __floatunsidf
                0x0000733c                __floatsidf
                0x0000733c                __aeabi_i2d
                0x00007360                __extendsfdf2
                0x00007360                __aeabi_f2d
                0x0000739c                __aeabi_ul2d
                0x0000739c                __floatundidf
                0x000073ac                __floatdidf
                0x000073ac                __aeabi_l2d
 .text          0x00007408      0x424 /home/ddilbeck/gcc-arm-none-eabi-4_9-2015q1/bin/../lib/gcc/arm-none-eabi/4.9.3/armv7-m/libgcc.a(_arm_muldivdf3.o)
                0x00007408                __aeabi_dmul
                0x00007408                __muldf3
                0x0000765c                __aeabi_ddiv
                0x0000765c                __divdf3
 .text          0x0000782c      0x110 /home/ddilbeck/gcc-arm-none-eabi-4_9-2015q1/bin/../lib/gcc/arm-none-eabi/4.9.3/armv7-m/libgcc.a(_arm_cmpdf2.o)
                0x0000782c                __gtdf2
                0x0000782c                __gedf2
                0x00007834                __ltdf2
                0x00007834                __ledf2
                0x0000783c                __cmpdf2
                0x0000783c                __eqdf2
                0x0000783c                __nedf2
                0x000078b8                __aeabi_cdrcmple
                0x000078c8                __aeabi_cdcmple
                0x000078c8                __aeabi_cdcmpeq
                0x000078d8                __aeabi_dcmpeq
                0x000078ec                __aeabi_dcmplt
                0x00007900                __aeabi_dcmple
                0x00007914                __aeabi_dcmpge
                0x00007928                __aeabi_dcmpgt
 .text          0x0000793c       0x50 /home/ddilbeck/gcc-arm-none-eabi-4_9-2015q1/bin/../lib/gcc/arm-none-eabi/4.9.3/armv7-m/libgcc.a(_arm_fixdfsi.o)
                0x0000793c                __fixdfsi
                0x0000793c                __aeabi_d2iz
 .text          0x0000798c       0x40 /home/ddilbeck/gcc-arm-none-eabi-4_9-2015q1/bin/../lib/gcc/arm-none-eabi/4.9.3/armv7-m/libgcc.a(_arm_fixunsdfsi.o)
                0x0000798c                __fixunsdfsi
                0x0000798c                __aeabi_d2uiz
 .text          0x000079cc       0xa0 /home/ddilbeck/gcc-arm-none-eabi-4_9-2015q1/bin/../lib/gcc/arm-none-eabi/4.9.3/armv7-m/libgcc.a(_arm_truncdfsf2.o)
                0x000079cc                __aeabi_d2f
                0x000079cc                __truncdfsf2
 .text._getpid  0x00007a6c       0x10 /home/ddilbeck/gcc-arm-none-eabi-4_9-2015q1/bin/../lib/gcc/arm-none-eabi/4.9.3/../../../../arm-none-eabi/lib/armv7-m/libnosys.a(getpid.o)
                0x00007a6c                _getpid
 .text._kill    0x00007a7c       0x10 /home/ddilbeck/gcc-arm-none-eabi-4_9-2015q1/bin/../lib/gcc/arm-none-eabi/4.9.3/../../../../arm-none-eabi/lib/armv7-m/libnosys.a(kill.o)
                0x00007a7c                _kill
 *(.init)
 .init          0x00007a8c        0x4 /home/ddilbeck/gcc-arm-none-eabi-4_9-2015q1/bin/../lib/gcc/arm-none-eabi/4.9.3/armv7-m/crti.o
                0x00007a8c                _init
 .init          0x00007a90        0x8 /home/ddilbeck/gcc-arm-none-eabi-4_9-2015q1/bin/../lib/gcc/arm-none-eabi/4.9.3/armv7-m/crtn.o
 *(.fini)
 .fini          0x00007a98        0x4 /home/ddilbeck/gcc-arm-none-eabi-4_9-2015q1/bin/../lib/gcc/arm-none-eabi/4.9.3/armv7-m/crti.o
                0x00007a98                _fini
 .fini          0x00007a9c        0x8 /home/ddilbeck/gcc-arm-none-eabi-4_9-2015q1/bin/../lib/gcc/arm-none-eabi/4.9.3/armv7-m/crtn.o
 *crtbegin.o(.ctors)
 *crtbegin?.o(.ctors)
 *(EXCLUDE_FILE(*crtend.o *crtend?.o) .ctors)
 *(SORT(.ctors.*))
 *(.ctors)
 *crtbegin.o(.dtors)
 *crtbegin?.o(.dtors)
 *(EXCLUDE_FILE(*crtend.o *crtend?.o) .dtors)
 *(SORT(.dtors.*))
 *(.dtors)
 *(.rodata*)
 .rodata.str1.4
                0x00007aa4       0x80 mbed/TARGET_LPC1768/TOOLCHAIN_GCC_ARM/board.o
 .rodata.__stdin_name
                0x00007b24        0x8 mbed/TARGET_LPC1768/TOOLCHAIN_GCC_ARM/retarget.o
                0x00007b24                __stdin_name
 .rodata.__stderr_name
                0x00007b2c        0x8 mbed/TARGET_LPC1768/TOOLCHAIN_GCC_ARM/retarget.o
                0x00007b2c                __stderr_name
 .rodata.__stdout_name
                0x00007b34        0x8 mbed/TARGET_LPC1768/TOOLCHAIN_GCC_ARM/retarget.o
                0x00007b34                __stdout_name
 *fill*         0x00007b3c        0x4 
 .rodata._ZTVN4mbed10FileHandleE
                0x00007b40       0x30 mbed/TARGET_LPC1768/TOOLCHAIN_GCC_ARM/retarget.o
                0x00007b40                vtable for mbed::FileHandle
 .rodata.str1.4
                0x00007b70        0xe mbed/TARGET_LPC1768/TOOLCHAIN_GCC_ARM/retarget.o
                                 0x10 (size before relaxing)
 *fill*         0x00007b7e        0x2 
 .rodata.PinMap_UART_RTS
                0x00007b80       0x24 ./mbed/TARGET_LPC1768/TOOLCHAIN_GCC_ARM/libmbed.a(serial_api.o)
 .rodata.CSWTCH.24
                0x00007ba4       0x10 ./mbed/TARGET_LPC1768/TOOLCHAIN_GCC_ARM/libmbed.a(serial_api.o)
 .rodata.PinMap_UART_RX
                0x00007bb4       0x6c ./mbed/TARGET_LPC1768/TOOLCHAIN_GCC_ARM/libmbed.a(serial_api.o)
 .rodata.str1.4
                0x00007c20      0x1d0 ./mbed/TARGET_LPC1768/TOOLCHAIN_GCC_ARM/libmbed.a(serial_api.o)
                                0x1e8 (size before relaxing)
 .rodata.PinMap_UART_TX
                0x00007df0       0x6c ./mbed/TARGET_LPC1768/TOOLCHAIN_GCC_ARM/libmbed.a(serial_api.o)
 .rodata.PinMap_UART_CTS
                0x00007e5c       0x24 ./mbed/TARGET_LPC1768/TOOLCHAIN_GCC_ARM/libmbed.a(serial_api.o)
 .rodata._ZTVN4mbed6BusOutE
                0x00007e80       0x10 ./mbed/TARGET_LPC1768/TOOLCHAIN_GCC_ARM/libmbed.a(BusOut.o)
                0x00007e80                vtable for mbed::BusOut
 .rodata.str1.4
                0x00007e90       0x70 ./mbed/TARGET_LPC1768/TOOLCHAIN_GCC_ARM/libmbed.a(BusOut.o)
                                 0xf0 (size before relaxing)
 .rodata._ZTVN4mbed10SerialBaseE
                0x00007f00       0x10 ./mbed/TARGET_LPC1768/TOOLCHAIN_GCC_ARM/libmbed.a(Serial.o)
                0x00007f00                vtable for mbed::SerialBase
 .rodata._ZTVN4mbed6SerialE
                0x00007f10       0x60 ./mbed/TARGET_LPC1768/TOOLCHAIN_GCC_ARM/libmbed.a(Serial.o)
                0x00007f10                vtable for mbed::Serial
 .rodata._ZTVN4mbed6StreamE
                0x00007f70       0x48 ./mbed/TARGET_LPC1768/TOOLCHAIN_GCC_ARM/libmbed.a(Stream.o)
                0x00007f70                vtable for mbed::Stream
 .rodata.str1.4
                0x00007fb8        0x3 ./mbed/TARGET_LPC1768/TOOLCHAIN_GCC_ARM/libmbed.a(Stream.o)
                                  0x8 (size before relaxing)
 *fill*         0x00007fbb        0x1 
 .rodata.str1.4
                0x00007fbc       0x31 ./mbed/TARGET_LPC1768/TOOLCHAIN_GCC_ARM/libmbed.a(assert.o)
                                 0x34 (size before relaxing)
 .rodata.str1.4
                0x00000000       0x80 ./mbed/TARGET_LPC1768/TOOLCHAIN_GCC_ARM/libmbed.a(gpio.o)
 *fill*         0x00007fed        0x3 
 .rodata.str1.4
                0x00007ff0       0x48 ./mbed/TARGET_LPC1768/TOOLCHAIN_GCC_ARM/libmbed.a(pinmap_common.o)
 .rodata.str1.4
                0x00008038       0x7a ./mbed/TARGET_LPC1768/TOOLCHAIN_GCC_ARM/libmbed.a(gpio_api.o)
                                 0x94 (size before relaxing)
 *fill*         0x000080b2        0x2 
 .rodata.str1.4
                0x000080b4       0x64 ./mbed/TARGET_LPC1768/TOOLCHAIN_GCC_ARM/libmbed.a(pinmap.o)
                                 0x78 (size before relaxing)
 .rodata._ZTVN4mbed8FileLikeE
                0x00008118       0x40 ./mbed/TARGET_LPC1768/TOOLCHAIN_GCC_ARM/libmbed.a(FileLike.o)
                0x00008118                vtable for mbed::FileLike
 .rodata._ZTVN4mbed8FileBaseE
                0x00008158       0x10 ./mbed/TARGET_LPC1768/TOOLCHAIN_GCC_ARM/libmbed.a(FileBase.o)
                0x00008158                vtable for mbed::FileBase
 .rodata.__sf_fake_stdin
                0x00008168       0x20 /home/ddilbeck/gcc-arm-none-eabi-4_9-2015q1/bin/../lib/gcc/arm-none-eabi/4.9.3/../../../../arm-none-eabi/lib/armv7-m/libc_nano.a(lib_a-findfp.o)
                0x00008168                __sf_fake_stdin
 .rodata.__sf_fake_stdout
                0x00008188       0x20 /home/ddilbeck/gcc-arm-none-eabi-4_9-2015q1/bin/../lib/gcc/arm-none-eabi/4.9.3/../../../../arm-none-eabi/lib/armv7-m/libc_nano.a(lib_a-findfp.o)
                0x00008188                __sf_fake_stdout
 .rodata.__sf_fake_stderr
                0x000081a8       0x20 /home/ddilbeck/gcc-arm-none-eabi-4_9-2015q1/bin/../lib/gcc/arm-none-eabi/4.9.3/../../../../arm-none-eabi/lib/armv7-m/libc_nano.a(lib_a-findfp.o)
                0x000081a8                __sf_fake_stderr
 .rodata.str1.1
                0x000081c8        0x2 /home/ddilbeck/gcc-arm-none-eabi-4_9-2015q1/bin/../lib/gcc/arm-none-eabi/4.9.3/../../../../arm-none-eabi/lib/armv7-m/libc_nano.a(lib_a-impure.o)
 *fill*         0x000081ca        0x2 
 .rodata._global_impure_ptr
                0x000081cc        0x4 /home/ddilbeck/gcc-arm-none-eabi-4_9-2015q1/bin/../lib/gcc/arm-none-eabi/4.9.3/../../../../arm-none-eabi/lib/armv7-m/libc_nano.a(lib_a-impure.o)
                0x000081cc                _global_impure_ptr
 .rodata.str1.1
                0x000081d0       0x11 /home/ddilbeck/gcc-arm-none-eabi-4_9-2015q1/bin/../lib/gcc/arm-none-eabi/4.9.3/../../../../arm-none-eabi/lib/armv7-m/libc_nano.a(lib_a-nano-vfprintf.o)
 .rodata.str1.1
                0x000081e1       0x10 /home/ddilbeck/gcc-arm-none-eabi-4_9-2015q1/bin/../lib/gcc/arm-none-eabi/4.9.3/../../../../arm-none-eabi/lib/armv7-m/libc_nano.a(lib_a-nano-vfprintf_float.o)
                                 0x12 (size before relaxing)
 .rodata.str1.1
                0x000081f1       0x22 /home/ddilbeck/gcc-arm-none-eabi-4_9-2015q1/bin/../lib/gcc/arm-none-eabi/4.9.3/../../../../arm-none-eabi/lib/armv7-m/libc_nano.a(lib_a-nano-vfprintf_i.o)
 .rodata.str1.1
                0x00008213        0x5 /home/ddilbeck/gcc-arm-none-eabi-4_9-2015q1/bin/../lib/gcc/arm-none-eabi/4.9.3/../../../../arm-none-eabi/lib/armv7-m/libc_nano.a(lib_a-nano-vfscanf_float.o)
 .rodata        0x00008218        0xc /home/ddilbeck/gcc-arm-none-eabi-4_9-2015q1/bin/../lib/gcc/arm-none-eabi/4.9.3/../../../../arm-none-eabi/lib/armv7-m/libc_nano.a(lib_a-nano-vfscanf_i.o)
 .rodata.str1.1
                0x00008224       0x1b /home/ddilbeck/gcc-arm-none-eabi-4_9-2015q1/bin/../lib/gcc/arm-none-eabi/4.9.3/../../../../arm-none-eabi/lib/armv7-m/libc_nano.a(lib_a-nano-vfscanf_i.o)
 *fill*         0x0000823f        0x1 
 .rodata.fpinan.5309
                0x00008240       0x14 /home/ddilbeck/gcc-arm-none-eabi-4_9-2015q1/bin/../lib/gcc/arm-none-eabi/4.9.3/../../../../arm-none-eabi/lib/armv7-m/libc_nano.a(lib_a-strtod.o)
 .rodata.str1.1
                0x00000000       0x1b /home/ddilbeck/gcc-arm-none-eabi-4_9-2015q1/bin/../lib/gcc/arm-none-eabi/4.9.3/../../../../arm-none-eabi/lib/armv7-m/libc_nano.a(lib_a-strtod.o)
                                  0xc (size before relaxing)
 *fill*         0x00008254        0x4 
 .rodata.tinytens
                0x00008258       0x28 /home/ddilbeck/gcc-arm-none-eabi-4_9-2015q1/bin/../lib/gcc/arm-none-eabi/4.9.3/../../../../arm-none-eabi/lib/armv7-m/libc_nano.a(lib_a-strtod.o)
 .rodata.fpi.5273
                0x00008280       0x14 /home/ddilbeck/gcc-arm-none-eabi-4_9-2015q1/bin/../lib/gcc/arm-none-eabi/4.9.3/../../../../arm-none-eabi/lib/armv7-m/libc_nano.a(lib_a-strtod.o)
 .rodata._ctype_
                0x00008294      0x101 /home/ddilbeck/gcc-arm-none-eabi-4_9-2015q1/bin/../lib/gcc/arm-none-eabi/4.9.3/../../../../arm-none-eabi/lib/armv7-m/libc_nano.a(lib_a-ctype_.o)
                0x00008294                _ctype_
 .rodata.str1.1
                0x00008395        0xd /home/ddilbeck/gcc-arm-none-eabi-4_9-2015q1/bin/../lib/gcc/arm-none-eabi/4.9.3/../../../../arm-none-eabi/lib/armv7-m/libc_nano.a(lib_a-dtoa.o)
                                  0xf (size before relaxing)
 .rodata.str1.1
                0x000083a2        0x8 /home/ddilbeck/gcc-arm-none-eabi-4_9-2015q1/bin/../lib/gcc/arm-none-eabi/4.9.3/../../../../arm-none-eabi/lib/armv7-m/libc_nano.a(lib_a-locale.o)
                                  0xb (size before relaxing)
 *fill*         0x000083aa        0x6 
 .rodata.__mprec_tens
                0x000083b0       0xc8 /home/ddilbeck/gcc-arm-none-eabi-4_9-2015q1/bin/../lib/gcc/arm-none-eabi/4.9.3/../../../../arm-none-eabi/lib/armv7-m/libc_nano.a(lib_a-mprec.o)
                0x000083b0                __mprec_tens
 .rodata.__mprec_bigtens
                0x00008478       0x28 /home/ddilbeck/gcc-arm-none-eabi-4_9-2015q1/bin/../lib/gcc/arm-none-eabi/4.9.3/../../../../arm-none-eabi/lib/armv7-m/libc_nano.a(lib_a-mprec.o)
                0x00008478                __mprec_bigtens
 .rodata.p05.5308
                0x000084a0        0xc /home/ddilbeck/gcc-arm-none-eabi-4_9-2015q1/bin/../lib/gcc/arm-none-eabi/4.9.3/../../../../arm-none-eabi/lib/armv7-m/libc_nano.a(lib_a-mprec.o)
 .rodata.str1.1
                0x00000000       0x11 /home/ddilbeck/gcc-arm-none-eabi-4_9-2015q1/bin/../lib/gcc/arm-none-eabi/4.9.3/../../../../arm-none-eabi/lib/armv7-m/libc_nano.a(lib_a-nano-svfprintf.o)
 .rodata.str1.1
                0x00000000        0x4 /home/ddilbeck/gcc-arm-none-eabi-4_9-2015q1/bin/../lib/gcc/arm-none-eabi/4.9.3/../../../../arm-none-eabi/lib/armv7-m/libc_nano.a(lib_a-nano-svfscanf.o)
 *(.eh_frame*)
 .eh_frame      0x000084ac        0x0 /home/ddilbeck/gcc-arm-none-eabi-4_9-2015q1/bin/../lib/gcc/arm-none-eabi/4.9.3/armv7-m/crtbegin.o
 .eh_frame      0x000084ac       0x28 /home/ddilbeck/gcc-arm-none-eabi-4_9-2015q1/bin/../lib/gcc/arm-none-eabi/4.9.3/../../../../arm-none-eabi/lib/armv7-m/libc_nano.a(lib_a-strcmp.o)
 .eh_frame      0x000084d4        0x4 /home/ddilbeck/gcc-arm-none-eabi-4_9-2015q1/bin/../lib/gcc/arm-none-eabi/4.9.3/armv7-m/crtend.o

.glue_7         0x000084d8        0x0
 .glue_7        0x00000000        0x0 linker stubs

.glue_7t        0x000084d8        0x0
 .glue_7t       0x00000000        0x0 linker stubs

.vfp11_veneer   0x000084d8        0x0
 .vfp11_veneer  0x00000000        0x0 linker stubs

.v4_bx          0x000084d8        0x0
 .v4_bx         0x00000000        0x0 linker stubs

.iplt           0x000084d8        0x0
 .iplt          0x00000000        0x0 /home/ddilbeck/gcc-arm-none-eabi-4_9-2015q1/bin/../lib/gcc/arm-none-eabi/4.9.3/armv7-m/crtbegin.o

.ARM.extab
 *(.ARM.extab* .gnu.linkonce.armextab.*)
                0x000084d8                __exidx_start = .

.ARM.exidx      0x000084d8        0x8
 *(.ARM.exidx* .gnu.linkonce.armexidx.*)
 .ARM.exidx     0x000084d8        0x8 /home/ddilbeck/gcc-arm-none-eabi-4_9-2015q1/bin/../lib/gcc/arm-none-eabi/4.9.3/../../../../arm-none-eabi/lib/armv7-m/crt0.o
                0x000084e0                __exidx_end = .
                0x000084e0                __etext = .

.rel.dyn        0x000084e0        0x0
 .rel.iplt      0x00000000        0x0 /home/ddilbeck/gcc-arm-none-eabi-4_9-2015q1/bin/../lib/gcc/arm-none-eabi/4.9.3/armv7-m/crtbegin.o

.data           0x100000c8       0xb8 load address 0x000084e0
                0x100000c8                __data_start__ = .
                0x100000c8                Image$$RW_IRAM1$$Base = .
 *(vtable)
 *(.data*)
 .data          0x100000c8        0x4 /home/ddilbeck/gcc-arm-none-eabi-4_9-2015q1/bin/../lib/gcc/arm-none-eabi/4.9.3/armv7-m/crtbegin.o
                0x100000c8                __dso_handle
 .data.SystemCoreClock
                0x100000cc        0x4 mbed/TARGET_LPC1768/TOOLCHAIN_GCC_ARM/system_LPC17xx.o
                0x100000cc                SystemCoreClock
 .data._ZZ5_sbrkE4heap
                0x100000d0        0x4 mbed/TARGET_LPC1768/TOOLCHAIN_GCC_ARM/retarget.o
 .data.impure_data
                0x100000d4       0x60 /home/ddilbeck/gcc-arm-none-eabi-4_9-2015q1/bin/../lib/gcc/arm-none-eabi/4.9.3/../../../../arm-none-eabi/lib/armv7-m/libc_nano.a(lib_a-impure.o)
 .data._impure_ptr
                0x10000134        0x4 /home/ddilbeck/gcc-arm-none-eabi-4_9-2015q1/bin/../lib/gcc/arm-none-eabi/4.9.3/../../../../arm-none-eabi/lib/armv7-m/libc_nano.a(lib_a-impure.o)
                0x10000134                _impure_ptr
 .data.__ctype_ptr__
                0x10000138        0x4 /home/ddilbeck/gcc-arm-none-eabi-4_9-2015q1/bin/../lib/gcc/arm-none-eabi/4.9.3/../../../../arm-none-eabi/lib/armv7-m/libc_nano.a(lib_a-ctype_.o)
                0x10000138                __ctype_ptr__
 .data.lconv    0x1000013c       0x38 /home/ddilbeck/gcc-arm-none-eabi-4_9-2015q1/bin/../lib/gcc/arm-none-eabi/4.9.3/../../../../arm-none-eabi/lib/armv7-m/libc_nano.a(lib_a-locale.o)
                0x10000174                . = ALIGN (0x4)
                0x10000174                PROVIDE (__preinit_array_start, .)
 *(.preinit_array)
                0x10000174                PROVIDE (__preinit_array_end, .)
                0x10000174                . = ALIGN (0x4)
                0x10000174                PROVIDE (__init_array_start, .)
 *(SORT(.init_array.*))
 *(.init_array)
 .init_array    0x10000174        0x4 /home/ddilbeck/gcc-arm-none-eabi-4_9-2015q1/bin/../lib/gcc/arm-none-eabi/4.9.3/armv7-m/crtbegin.o
 .init_array    0x10000178        0x4 main.o
                0x1000017c                PROVIDE (__init_array_end, .)
                0x1000017c                . = ALIGN (0x4)
                0x1000017c                PROVIDE (__fini_array_start, .)
 *(SORT(.fini_array.*))
 *(.fini_array)
 .fini_array    0x1000017c        0x4 /home/ddilbeck/gcc-arm-none-eabi-4_9-2015q1/bin/../lib/gcc/arm-none-eabi/4.9.3/armv7-m/crtbegin.o
                0x10000180                PROVIDE (__fini_array_end, .)
                0x10000180                . = ALIGN (0x4)
                0x10000180                __data_end__ = .

.jcr            0x10000180        0x0 load address 0x00008598
 .jcr           0x10000180        0x0 /home/ddilbeck/gcc-arm-none-eabi-4_9-2015q1/bin/../lib/gcc/arm-none-eabi/4.9.3/armv7-m/crtbegin.o

.igot.plt       0x10000180        0x0 load address 0x00008598
 .igot.plt      0x00000000        0x0 /home/ddilbeck/gcc-arm-none-eabi-4_9-2015q1/bin/../lib/gcc/arm-none-eabi/4.9.3/armv7-m/crtbegin.o

.bss            0x10000180      0x308 load address 0x00008598
                0x10000180                __bss_start__ = .
 *(.bss*)
 .bss           0x10000180       0x1c /home/ddilbeck/gcc-arm-none-eabi-4_9-2015q1/bin/../lib/gcc/arm-none-eabi/4.9.3/armv7-m/crtbegin.o
 .bss.sw1       0x1000019c       0x18 main.o
                0x1000019c                sw1
 .bss.leds      0x100001b4       0x48 main.o
                0x100001b4                leds
 .bss.sw2       0x100001fc       0x18 main.o
                0x100001fc                sw2
 .bss.async_port
                0x10000214       0x60 main.o
                0x10000214                async_port
 .bss.inByte    0x10000274        0x1 main.o
                0x10000274                inByte
 .bss.outByte   0x10000275        0x1 main.o
                0x10000275                outByte
 *fill*         0x10000276        0x2 
 .bss._ZL11filehandles
                0x10000278      0x100 mbed/TARGET_LPC1768/TOOLCHAIN_GCC_ARM/retarget.o
 .bss.stdio_uart_inited
                0x10000378        0x4 ./mbed/TARGET_LPC1768/TOOLCHAIN_GCC_ARM/libmbed.a(serial_api.o)
                0x10000378                stdio_uart_inited
 .bss.irq_handler
                0x1000037c        0x4 ./mbed/TARGET_LPC1768/TOOLCHAIN_GCC_ARM/libmbed.a(serial_api.o)
 .bss.uart_data
                0x10000380       0xe0 ./mbed/TARGET_LPC1768/TOOLCHAIN_GCC_ARM/libmbed.a(serial_api.o)
 .bss.us_ticker_inited
                0x10000460        0x4 ./mbed/TARGET_LPC1768/TOOLCHAIN_GCC_ARM/libmbed.a(us_ticker.o)
                0x10000460                us_ticker_inited
 .bss._ZN4mbed8FileBase5_headE
                0x10000464        0x4 ./mbed/TARGET_LPC1768/TOOLCHAIN_GCC_ARM/libmbed.a(FileBase.o)
                0x10000464                mbed::FileBase::_head
 .bss.head      0x10000468        0x4 ./mbed/TARGET_LPC1768/TOOLCHAIN_GCC_ARM/libmbed.a(us_ticker_api.o)
 .bss.event_handler
                0x1000046c        0x4 ./mbed/TARGET_LPC1768/TOOLCHAIN_GCC_ARM/libmbed.a(us_ticker_api.o)
 .bss._ZN12_GLOBAL__N_113__new_handlerE
                0x10000470        0x4 /home/ddilbeck/gcc-arm-none-eabi-4_9-2015q1/bin/../lib/gcc/arm-none-eabi/4.9.3/../../../../arm-none-eabi/lib/armv7-m/libstdc++_nano.a(new_handler.o)
 .bss.__malloc_sbrk_start
                0x10000474        0x4 /home/ddilbeck/gcc-arm-none-eabi-4_9-2015q1/bin/../lib/gcc/arm-none-eabi/4.9.3/../../../../arm-none-eabi/lib/armv7-m/libc_nano.a(lib_a-nano-mallocr.o)
                0x10000474                __malloc_sbrk_start
 .bss.__malloc_free_list
                0x10000478        0x4 /home/ddilbeck/gcc-arm-none-eabi-4_9-2015q1/bin/../lib/gcc/arm-none-eabi/4.9.3/../../../../arm-none-eabi/lib/armv7-m/libc_nano.a(lib_a-nano-mallocr.o)
                0x10000478                __malloc_free_list
 *(COMMON)
 COMMON         0x1000047c        0x8 ./mbed/TARGET_LPC1768/TOOLCHAIN_GCC_ARM/libmbed.a(serial_api.o)
                0x1000047c                stdio_uart
 COMMON         0x10000484        0x4 /home/ddilbeck/gcc-arm-none-eabi-4_9-2015q1/bin/../lib/gcc/arm-none-eabi/4.9.3/../../../../arm-none-eabi/lib/armv7-m/libc_nano.a(lib_a-reent.o)
                0x10000484                errno
                0x10000488                __bss_end__ = .
                0x10000488                Image$$RW_IRAM1$$ZI$$Limit = .

.heap           0x10000488      0x800
                0x10000488                __end__ = .
                0x10000488                end = __end__
 *(.heap*)
 .heap          0x10000488      0x800 mbed/TARGET_LPC1768/TOOLCHAIN_GCC_ARM/startup_LPC17xx.o
                0x10000488                __HeapBase
                0x10000c88                __HeapLimit = .

.stack_dummy    0x10000488      0xc00
 *(.stack)
 .stack         0x10000488      0xc00 mbed/TARGET_LPC1768/TOOLCHAIN_GCC_ARM/startup_LPC17xx.o
                0x10008000                __StackTop = (ORIGIN (RAM) + 0x7f38)
                0x10007400                __StackLimit = (__StackTop - SIZEOF (.stack_dummy))
                0x10008000                PROVIDE (__stack, __StackTop)
                0x00000001                ASSERT ((__StackLimit >= __HeapLimit), region RAM overflowed with stack)

.AHBSRAM0       0x2007c000        0x0
                0x2007c000                Image$$RW_IRAM2$$Base = .
 *(AHBSRAM0)
                0x2007c000                Image$$RW_IRAM2$$ZI$$Limit = .

.AHBSRAM1       0x20080000        0x0
                0x20080000                Image$$RW_IRAM3$$Base = .
 *(AHBSRAM1)
                0x20080000                Image$$RW_IRAM3$$ZI$$Limit = .
OUTPUT(fe_hw3.elf elf32-littlearm)

.ARM.attributes
                0x00000000       0x29
 .ARM.attributes
                0x00000000       0x1d /home/ddilbeck/gcc-arm-none-eabi-4_9-2015q1/bin/../lib/gcc/arm-none-eabi/4.9.3/armv7-m/crti.o
 .ARM.attributes
                0x0000001d       0x2d /home/ddilbeck/gcc-arm-none-eabi-4_9-2015q1/bin/../lib/gcc/arm-none-eabi/4.9.3/armv7-m/crtbegin.o
 .ARM.attributes
                0x0000004a       0x1b /home/ddilbeck/gcc-arm-none-eabi-4_9-2015q1/bin/../lib/gcc/arm-none-eabi/4.9.3/../../../../arm-none-eabi/lib/armv7-m/crt0.o
 .ARM.attributes
                0x00000065       0x33 main.o
 .ARM.attributes
                0x00000098       0x33 mbed/TARGET_LPC1768/TOOLCHAIN_GCC_ARM/cmsis_nvic.o
 .ARM.attributes
                0x000000cb       0x33 mbed/TARGET_LPC1768/TOOLCHAIN_GCC_ARM/system_LPC17xx.o
 .ARM.attributes
                0x000000fe       0x33 mbed/TARGET_LPC1768/TOOLCHAIN_GCC_ARM/board.o
 .ARM.attributes
                0x00000131       0x33 mbed/TARGET_LPC1768/TOOLCHAIN_GCC_ARM/retarget.o
 .ARM.attributes
                0x00000164       0x1b mbed/TARGET_LPC1768/TOOLCHAIN_GCC_ARM/startup_LPC17xx.o
 .ARM.attributes
                0x0000017f       0x33 ./mbed/TARGET_LPC1768/TOOLCHAIN_GCC_ARM/libmbed.a(serial_api.o)
 .ARM.attributes
                0x000001b2       0x33 ./mbed/TARGET_LPC1768/TOOLCHAIN_GCC_ARM/libmbed.a(BusOut.o)
 .ARM.attributes
                0x000001e5       0x33 ./mbed/TARGET_LPC1768/TOOLCHAIN_GCC_ARM/libmbed.a(FilePath.o)
 .ARM.attributes
                0x00000218       0x33 ./mbed/TARGET_LPC1768/TOOLCHAIN_GCC_ARM/libmbed.a(Serial.o)
 .ARM.attributes
                0x0000024b       0x33 ./mbed/TARGET_LPC1768/TOOLCHAIN_GCC_ARM/libmbed.a(SerialBase.o)
 .ARM.attributes
                0x0000027e       0x33 ./mbed/TARGET_LPC1768/TOOLCHAIN_GCC_ARM/libmbed.a(Stream.o)
 .ARM.attributes
                0x000002b1       0x33 ./mbed/TARGET_LPC1768/TOOLCHAIN_GCC_ARM/libmbed.a(assert.o)
 .ARM.attributes
                0x000002e4       0x33 ./mbed/TARGET_LPC1768/TOOLCHAIN_GCC_ARM/libmbed.a(gpio.o)
 .ARM.attributes
                0x00000317       0x33 ./mbed/TARGET_LPC1768/TOOLCHAIN_GCC_ARM/libmbed.a(error.o)
 .ARM.attributes
                0x0000034a       0x33 ./mbed/TARGET_LPC1768/TOOLCHAIN_GCC_ARM/libmbed.a(pinmap_common.o)
 .ARM.attributes
                0x0000037d       0x33 ./mbed/TARGET_LPC1768/TOOLCHAIN_GCC_ARM/libmbed.a(mbed_interface.o)
 .ARM.attributes
                0x000003b0       0x33 ./mbed/TARGET_LPC1768/TOOLCHAIN_GCC_ARM/libmbed.a(semihost_api.o)
 .ARM.attributes
                0x000003e3       0x33 ./mbed/TARGET_LPC1768/TOOLCHAIN_GCC_ARM/libmbed.a(wait_api.o)
 .ARM.attributes
                0x00000416       0x33 ./mbed/TARGET_LPC1768/TOOLCHAIN_GCC_ARM/libmbed.a(gpio_api.o)
 .ARM.attributes
                0x00000449       0x33 ./mbed/TARGET_LPC1768/TOOLCHAIN_GCC_ARM/libmbed.a(pinmap.o)
 .ARM.attributes
                0x0000047c       0x33 ./mbed/TARGET_LPC1768/TOOLCHAIN_GCC_ARM/libmbed.a(us_ticker.o)
 .ARM.attributes
                0x000004af       0x33 ./mbed/TARGET_LPC1768/TOOLCHAIN_GCC_ARM/libmbed.a(FileLike.o)
 .ARM.attributes
                0x000004e2       0x33 ./mbed/TARGET_LPC1768/TOOLCHAIN_GCC_ARM/libmbed.a(FileBase.o)
 .ARM.attributes
                0x00000515       0x33 ./mbed/TARGET_LPC1768/TOOLCHAIN_GCC_ARM/libmbed.a(FunctionPointer.o)
 .ARM.attributes
                0x00000548       0x33 ./mbed/TARGET_LPC1768/TOOLCHAIN_GCC_ARM/libmbed.a(us_ticker_api.o)
 .ARM.attributes
                0x0000057b       0x2d /home/ddilbeck/gcc-arm-none-eabi-4_9-2015q1/bin/../lib/gcc/arm-none-eabi/4.9.3/../../../../arm-none-eabi/lib/armv7-m/libstdc++_nano.a(new_op.o)
 .ARM.attributes
                0x000005a8       0x2d /home/ddilbeck/gcc-arm-none-eabi-4_9-2015q1/bin/../lib/gcc/arm-none-eabi/4.9.3/../../../../arm-none-eabi/lib/armv7-m/libstdc++_nano.a(del_op.o)
 .ARM.attributes
                0x000005d5       0x2d /home/ddilbeck/gcc-arm-none-eabi-4_9-2015q1/bin/../lib/gcc/arm-none-eabi/4.9.3/../../../../arm-none-eabi/lib/armv7-m/libstdc++_nano.a(new_handler.o)
 .ARM.attributes
                0x00000602       0x2d /home/ddilbeck/gcc-arm-none-eabi-4_9-2015q1/bin/../lib/gcc/arm-none-eabi/4.9.3/../../../../arm-none-eabi/lib/armv7-m/libstdc++_nano.a(atexit_arm.o)
 .ARM.attributes
                0x0000062f       0x2d /home/ddilbeck/gcc-arm-none-eabi-4_9-2015q1/bin/../lib/gcc/arm-none-eabi/4.9.3/../../../../arm-none-eabi/lib/armv7-m/libc_nano.a(lib_a-abort.o)
 .ARM.attributes
                0x0000065c       0x2d /home/ddilbeck/gcc-arm-none-eabi-4_9-2015q1/bin/../lib/gcc/arm-none-eabi/4.9.3/../../../../arm-none-eabi/lib/armv7-m/libc_nano.a(lib_a-abs.o)
 .ARM.attributes
                0x00000689       0x2d /home/ddilbeck/gcc-arm-none-eabi-4_9-2015q1/bin/../lib/gcc/arm-none-eabi/4.9.3/../../../../arm-none-eabi/lib/armv7-m/libc_nano.a(lib_a-cxa_atexit.o)
 .ARM.attributes
                0x000006b6       0x2d /home/ddilbeck/gcc-arm-none-eabi-4_9-2015q1/bin/../lib/gcc/arm-none-eabi/4.9.3/../../../../arm-none-eabi/lib/armv7-m/libc_nano.a(lib_a-errno.o)
 .ARM.attributes
                0x000006e3       0x2d /home/ddilbeck/gcc-arm-none-eabi-4_9-2015q1/bin/../lib/gcc/arm-none-eabi/4.9.3/../../../../arm-none-eabi/lib/armv7-m/libc_nano.a(lib_a-exit.o)
 .ARM.attributes
                0x00000710       0x2d /home/ddilbeck/gcc-arm-none-eabi-4_9-2015q1/bin/../lib/gcc/arm-none-eabi/4.9.3/../../../../arm-none-eabi/lib/armv7-m/libc_nano.a(lib_a-fclose.o)
 .ARM.attributes
                0x0000073d       0x2d /home/ddilbeck/gcc-arm-none-eabi-4_9-2015q1/bin/../lib/gcc/arm-none-eabi/4.9.3/../../../../arm-none-eabi/lib/armv7-m/libc_nano.a(lib_a-fflush.o)
 .ARM.attributes
                0x0000076a       0x2d /home/ddilbeck/gcc-arm-none-eabi-4_9-2015q1/bin/../lib/gcc/arm-none-eabi/4.9.3/../../../../arm-none-eabi/lib/armv7-m/libc_nano.a(lib_a-fgetc.o)
 .ARM.attributes
                0x00000797       0x2d /home/ddilbeck/gcc-arm-none-eabi-4_9-2015q1/bin/../lib/gcc/arm-none-eabi/4.9.3/../../../../arm-none-eabi/lib/armv7-m/libc_nano.a(lib_a-findfp.o)
 .ARM.attributes
                0x000007c4       0x2d /home/ddilbeck/gcc-arm-none-eabi-4_9-2015q1/bin/../lib/gcc/arm-none-eabi/4.9.3/../../../../arm-none-eabi/lib/armv7-m/libc_nano.a(lib_a-fopen.o)
 .ARM.attributes
                0x000007f1       0x2d /home/ddilbeck/gcc-arm-none-eabi-4_9-2015q1/bin/../lib/gcc/arm-none-eabi/4.9.3/../../../../arm-none-eabi/lib/armv7-m/libc_nano.a(lib_a-fprintf.o)
 .ARM.attributes
                0x0000081e       0x2d /home/ddilbeck/gcc-arm-none-eabi-4_9-2015q1/bin/../lib/gcc/arm-none-eabi/4.9.3/../../../../arm-none-eabi/lib/armv7-m/libc_nano.a(lib_a-fputc.o)
 .ARM.attributes
                0x0000084b       0x2d /home/ddilbeck/gcc-arm-none-eabi-4_9-2015q1/bin/../lib/gcc/arm-none-eabi/4.9.3/../../../../arm-none-eabi/lib/armv7-m/libc_nano.a(lib_a-fseek.o)
 .ARM.attributes
                0x00000878       0x2d /home/ddilbeck/gcc-arm-none-eabi-4_9-2015q1/bin/../lib/gcc/arm-none-eabi/4.9.3/../../../../arm-none-eabi/lib/armv7-m/libc_nano.a(lib_a-fseeko.o)
 .ARM.attributes
                0x000008a5       0x2d /home/ddilbeck/gcc-arm-none-eabi-4_9-2015q1/bin/../lib/gcc/arm-none-eabi/4.9.3/../../../../arm-none-eabi/lib/armv7-m/libc_nano.a(lib_a-fwalk.o)
 .ARM.attributes
                0x000008d2       0x2d /home/ddilbeck/gcc-arm-none-eabi-4_9-2015q1/bin/../lib/gcc/arm-none-eabi/4.9.3/../../../../arm-none-eabi/lib/armv7-m/libc_nano.a(lib_a-impure.o)
 .ARM.attributes
                0x000008ff       0x2d /home/ddilbeck/gcc-arm-none-eabi-4_9-2015q1/bin/../lib/gcc/arm-none-eabi/4.9.3/../../../../arm-none-eabi/lib/armv7-m/libc_nano.a(lib_a-init.o)
 .ARM.attributes
                0x0000092c       0x2d /home/ddilbeck/gcc-arm-none-eabi-4_9-2015q1/bin/../lib/gcc/arm-none-eabi/4.9.3/../../../../arm-none-eabi/lib/armv7-m/libc_nano.a(lib_a-makebuf.o)
 .ARM.attributes
                0x00000959       0x2d /home/ddilbeck/gcc-arm-none-eabi-4_9-2015q1/bin/../lib/gcc/arm-none-eabi/4.9.3/../../../../arm-none-eabi/lib/armv7-m/libc_nano.a(lib_a-malloc.o)
 .ARM.attributes
                0x00000986       0x2d /home/ddilbeck/gcc-arm-none-eabi-4_9-2015q1/bin/../lib/gcc/arm-none-eabi/4.9.3/../../../../arm-none-eabi/lib/armv7-m/libc_nano.a(lib_a-memchr.o)
 .ARM.attributes
                0x000009b3       0x2d /home/ddilbeck/gcc-arm-none-eabi-4_9-2015q1/bin/../lib/gcc/arm-none-eabi/4.9.3/../../../../arm-none-eabi/lib/armv7-m/libc_nano.a(lib_a-memcpy.o)
 .ARM.attributes
                0x000009e0       0x2d /home/ddilbeck/gcc-arm-none-eabi-4_9-2015q1/bin/../lib/gcc/arm-none-eabi/4.9.3/../../../../arm-none-eabi/lib/armv7-m/libc_nano.a(lib_a-memset.o)
 .ARM.attributes
                0x00000a0d       0x2d /home/ddilbeck/gcc-arm-none-eabi-4_9-2015q1/bin/../lib/gcc/arm-none-eabi/4.9.3/../../../../arm-none-eabi/lib/armv7-m/libc_nano.a(lib_a-nano-freer.o)
 .ARM.attributes
                0x00000a3a       0x2d /home/ddilbeck/gcc-arm-none-eabi-4_9-2015q1/bin/../lib/gcc/arm-none-eabi/4.9.3/../../../../arm-none-eabi/lib/armv7-m/libc_nano.a(lib_a-nano-mallocr.o)
 .ARM.attributes
                0x00000a67       0x2d /home/ddilbeck/gcc-arm-none-eabi-4_9-2015q1/bin/../lib/gcc/arm-none-eabi/4.9.3/../../../../arm-none-eabi/lib/armv7-m/libc_nano.a(lib_a-nano-vfprintf.o)